Archive member included to satisfy reference by file (symbol)

c:/st/stm32cubeide_1.4.0/stm32cubeide/plugins/com.st.stm32cube.ide.mcu.externaltools.gnu-tools-for-stm32.7-2018-q2-update.win32_1.4.0.202007081208/tools/bin/../lib/gcc/arm-none-eabi/7.3.1/../../../../arm-none-eabi/lib/thumb/v7e-m/fpv4-sp/hard\libc_nano.a(lib_a-errno.o)
                              Core/Src/syscalls.o (__errno)
c:/st/stm32cubeide_1.4.0/stm32cubeide/plugins/com.st.stm32cube.ide.mcu.externaltools.gnu-tools-for-stm32.7-2018-q2-update.win32_1.4.0.202007081208/tools/bin/../lib/gcc/arm-none-eabi/7.3.1/../../../../arm-none-eabi/lib/thumb/v7e-m/fpv4-sp/hard\libc_nano.a(lib_a-exit.o)
                              c:/st/stm32cubeide_1.4.0/stm32cubeide/plugins/com.st.stm32cube.ide.mcu.externaltools.gnu-tools-for-stm32.7-2018-q2-update.win32_1.4.0.202007081208/tools/bin/../lib/gcc/arm-none-eabi/7.3.1/../../../../arm-none-eabi/lib/thumb/v7e-m/fpv4-sp/hard/crt0.o (exit)
c:/st/stm32cubeide_1.4.0/stm32cubeide/plugins/com.st.stm32cube.ide.mcu.externaltools.gnu-tools-for-stm32.7-2018-q2-update.win32_1.4.0.202007081208/tools/bin/../lib/gcc/arm-none-eabi/7.3.1/../../../../arm-none-eabi/lib/thumb/v7e-m/fpv4-sp/hard\libc_nano.a(lib_a-fclose.o)
                              Core/Src/vl53l0x_platform_log.o (fclose)
c:/st/stm32cubeide_1.4.0/stm32cubeide/plugins/com.st.stm32cube.ide.mcu.externaltools.gnu-tools-for-stm32.7-2018-q2-update.win32_1.4.0.202007081208/tools/bin/../lib/gcc/arm-none-eabi/7.3.1/../../../../arm-none-eabi/lib/thumb/v7e-m/fpv4-sp/hard\libc_nano.a(lib_a-fflush.o)
                              c:/st/stm32cubeide_1.4.0/stm32cubeide/plugins/com.st.stm32cube.ide.mcu.externaltools.gnu-tools-for-stm32.7-2018-q2-update.win32_1.4.0.202007081208/tools/bin/../lib/gcc/arm-none-eabi/7.3.1/../../../../arm-none-eabi/lib/thumb/v7e-m/fpv4-sp/hard\libc_nano.a(lib_a-fclose.o) (__sflush_r)
c:/st/stm32cubeide_1.4.0/stm32cubeide/plugins/com.st.stm32cube.ide.mcu.externaltools.gnu-tools-for-stm32.7-2018-q2-update.win32_1.4.0.202007081208/tools/bin/../lib/gcc/arm-none-eabi/7.3.1/../../../../arm-none-eabi/lib/thumb/v7e-m/fpv4-sp/hard\libc_nano.a(lib_a-findfp.o)
                              c:/st/stm32cubeide_1.4.0/stm32cubeide/plugins/com.st.stm32cube.ide.mcu.externaltools.gnu-tools-for-stm32.7-2018-q2-update.win32_1.4.0.202007081208/tools/bin/../lib/gcc/arm-none-eabi/7.3.1/../../../../arm-none-eabi/lib/thumb/v7e-m/fpv4-sp/hard\libc_nano.a(lib_a-fclose.o) (__sinit)
c:/st/stm32cubeide_1.4.0/stm32cubeide/plugins/com.st.stm32cube.ide.mcu.externaltools.gnu-tools-for-stm32.7-2018-q2-update.win32_1.4.0.202007081208/tools/bin/../lib/gcc/arm-none-eabi/7.3.1/../../../../arm-none-eabi/lib/thumb/v7e-m/fpv4-sp/hard\libc_nano.a(lib_a-fopen.o)
                              Core/Src/vl53l0x_platform_log.o (fopen)
c:/st/stm32cubeide_1.4.0/stm32cubeide/plugins/com.st.stm32cube.ide.mcu.externaltools.gnu-tools-for-stm32.7-2018-q2-update.win32_1.4.0.202007081208/tools/bin/../lib/gcc/arm-none-eabi/7.3.1/../../../../arm-none-eabi/lib/thumb/v7e-m/fpv4-sp/hard\libc_nano.a(lib_a-fprintf.o)
                              Core/Src/vl53l0x_platform_log.o (fprintf)
c:/st/stm32cubeide_1.4.0/stm32cubeide/plugins/com.st.stm32cube.ide.mcu.externaltools.gnu-tools-for-stm32.7-2018-q2-update.win32_1.4.0.202007081208/tools/bin/../lib/gcc/arm-none-eabi/7.3.1/../../../../arm-none-eabi/lib/thumb/v7e-m/fpv4-sp/hard\libc_nano.a(lib_a-fseek.o)
                              c:/st/stm32cubeide_1.4.0/stm32cubeide/plugins/com.st.stm32cube.ide.mcu.externaltools.gnu-tools-for-stm32.7-2018-q2-update.win32_1.4.0.202007081208/tools/bin/../lib/gcc/arm-none-eabi/7.3.1/../../../../arm-none-eabi/lib/thumb/v7e-m/fpv4-sp/hard\libc_nano.a(lib_a-fopen.o) (_fseek_r)
c:/st/stm32cubeide_1.4.0/stm32cubeide/plugins/com.st.stm32cube.ide.mcu.externaltools.gnu-tools-for-stm32.7-2018-q2-update.win32_1.4.0.202007081208/tools/bin/../lib/gcc/arm-none-eabi/7.3.1/../../../../arm-none-eabi/lib/thumb/v7e-m/fpv4-sp/hard\libc_nano.a(lib_a-fseeko.o)
                              c:/st/stm32cubeide_1.4.0/stm32cubeide/plugins/com.st.stm32cube.ide.mcu.externaltools.gnu-tools-for-stm32.7-2018-q2-update.win32_1.4.0.202007081208/tools/bin/../lib/gcc/arm-none-eabi/7.3.1/../../../../arm-none-eabi/lib/thumb/v7e-m/fpv4-sp/hard\libc_nano.a(lib_a-fseek.o) (_fseeko_r)
c:/st/stm32cubeide_1.4.0/stm32cubeide/plugins/com.st.stm32cube.ide.mcu.externaltools.gnu-tools-for-stm32.7-2018-q2-update.win32_1.4.0.202007081208/tools/bin/../lib/gcc/arm-none-eabi/7.3.1/../../../../arm-none-eabi/lib/thumb/v7e-m/fpv4-sp/hard\libc_nano.a(lib_a-fwalk.o)
                              c:/st/stm32cubeide_1.4.0/stm32cubeide/plugins/com.st.stm32cube.ide.mcu.externaltools.gnu-tools-for-stm32.7-2018-q2-update.win32_1.4.0.202007081208/tools/bin/../lib/gcc/arm-none-eabi/7.3.1/../../../../arm-none-eabi/lib/thumb/v7e-m/fpv4-sp/hard\libc_nano.a(lib_a-findfp.o) (_fwalk)
[...]
Memory Configuration

Name             Origin             Length             Attributes
RAM              0x0000000020000000 0x0000000000020000 xrw
FLASH            0x0000000008000000 0x0000000000080000 xr
*default*        0x0000000000000000 0xffffffffffffffff

Linker script and memory map

LOAD c:/st/stm32cubeide_1.4.0/stm32cubeide/plugins/com.st.stm32cube.ide.mcu.externaltools.gnu-tools-for-stm32.7-2018-q2-update.win32_1.4.0.202007081208/tools/bin/../lib/gcc/arm-none-eabi/7.3.1/thumb/v7e-m/fpv4-sp/hard/crti.o
LOAD c:/st/stm32cubeide_1.4.0/stm32cubeide/plugins/com.st.stm32cube.ide.mcu.externaltools.gnu-tools-for-stm32.7-2018-q2-update.win32_1.4.0.202007081208/tools/bin/../lib/gcc/arm-none-eabi/7.3.1/thumb/v7e-m/fpv4-sp/hard/crtbegin.o
LOAD c:/st/stm32cubeide_1.4.0/stm32cubeide/plugins/com.st.stm32cube.ide.mcu.externaltools.gnu-tools-for-stm32.7-2018-q2-update.win32_1.4.0.202007081208/tools/bin/../lib/gcc/arm-none-eabi/7.3.1/../../../../arm-none-eabi/lib/thumb/v7e-m/fpv4-sp/hard/crt0.o
LOAD Core/Src/VL53L0X.o
LOAD Core/Src/i2c.o
LOAD Core/Src/main.o
LOAD Core/Src/maze.o
LOAD Core/Src/pid.o
LOAD Core/Src/stm32f4xx_hal_msp.o
LOAD Core/Src/stm32f4xx_it.o
LOAD Core/Src/syscalls.o
LOAD Core/Src/sysmem.o
LOAD Core/Src/system_stm32f4xx.o
LOAD Core/Src/vl53l0x_api.o
LOAD Core/Src/vl53l0x_api_calibration.o
LOAD Core/Src/vl53l0x_api_core.o
LOAD Core/Src/vl53l0x_api_ranging.o
LOAD Core/Src/vl53l0x_api_strings.o
LOAD Core/Src/vl53l0x_i2c_platform.o
LOAD Core/Src/vl53l0x_platform.o
LOAD Core/Src/vl53l0x_platform_log.o
LOAD Core/Src/vl_api_config.o
LOAD Core/Src/vl_stm32_api.o
LOAD Core/Startup/startup_stm32f411retx.o
LOAD Drivers/STM32F4xx_HAL_Driver/Src/stm32f4xx_hal.o
LOAD Drivers/STM32F4xx_HAL_Driver/Src/stm32f4xx_hal_adc.o
LOAD Drivers/STM32F4xx_HAL_Driver/Src/stm32f4xx_hal_adc_ex.o
LOAD Drivers/STM32F4xx_HAL_Driver/Src/stm32f4xx_hal_cortex.o
LOAD Drivers/STM32F4xx_HAL_Driver/Src/stm32f4xx_hal_dma.o
LOAD Drivers/STM32F4xx_HAL_Driver/Src/stm32f4xx_hal_dma_ex.o
LOAD Drivers/STM32F4xx_HAL_Driver/Src/stm32f4xx_hal_exti.o
LOAD Drivers/STM32F4xx_HAL_Driver/Src/stm32f4xx_hal_flash.o
LOAD Drivers/STM32F4xx_HAL_Driver/Src/stm32f4xx_hal_flash_ex.o
LOAD Drivers/STM32F4xx_HAL_Driver/Src/stm32f4xx_hal_flash_ramfunc.o
LOAD Drivers/STM32F4xx_HAL_Driver/Src/stm32f4xx_hal_gpio.o
LOAD Drivers/STM32F4xx_HAL_Driver/Src/stm32f4xx_hal_i2c.o
LOAD Drivers/STM32F4xx_HAL_Driver/Src/stm32f4xx_hal_i2c_ex.o
LOAD Drivers/STM32F4xx_HAL_Driver/Src/stm32f4xx_hal_pwr.o
LOAD Drivers/STM32F4xx_HAL_Driver/Src/stm32f4xx_hal_pwr_ex.o
LOAD Drivers/STM32F4xx_HAL_Driver/Src/stm32f4xx_hal_rcc.o
LOAD Drivers/STM32F4xx_HAL_Driver/Src/stm32f4xx_hal_rcc_ex.o
LOAD Drivers/STM32F4xx_HAL_Driver/Src/stm32f4xx_hal_spi.o
LOAD Drivers/STM32F4xx_HAL_Driver/Src/stm32f4xx_hal_tim.o
LOAD Drivers/STM32F4xx_HAL_Driver/Src/stm32f4xx_hal_tim_ex.o
LOAD Drivers/STM32F4xx_HAL_Driver/Src/stm32f4xx_hal_uart.o
START GROUP
LOAD c:/st/stm32cubeide_1.4.0/stm32cubeide/plugins/com.st.stm32cube.ide.mcu.externaltools.gnu-tools-for-stm32.7-2018-q2-update.win32_1.4.0.202007081208/tools/bin/../lib/gcc/arm-none-eabi/7.3.1/../../../../arm-none-eabi/lib/thumb/v7e-m/fpv4-sp/hard\libstdc++_nano.a
LOAD c:/st/stm32cubeide_1.4.0/stm32cubeide/plugins/com.st.stm32cube.ide.mcu.externaltools.gnu-tools-for-stm32.7-2018-q2-update.win32_1.4.0.202007081208/tools/bin/../lib/gcc/arm-none-eabi/7.3.1/../../../../arm-none-eabi/lib/thumb/v7e-m/fpv4-sp/hard\libsupc++_nano.a
END GROUP
LOAD c:/st/stm32cubeide_1.4.0/stm32cubeide/plugins/com.st.stm32cube.ide.mcu.externaltools.gnu-tools-for-stm32.7-2018-q2-update.win32_1.4.0.202007081208/tools/bin/../lib/gcc/arm-none-eabi/7.3.1/../../../../arm-none-eabi/lib/thumb/v7e-m/fpv4-sp/hard\libstdc++_nano.a
LOAD c:/st/stm32cubeide_1.4.0/stm32cubeide/plugins/com.st.stm32cube.ide.mcu.externaltools.gnu-tools-for-stm32.7-2018-q2-update.win32_1.4.0.202007081208/tools/bin/../lib/gcc/arm-none-eabi/7.3.1/../../../../arm-none-eabi/lib/thumb/v7e-m/fpv4-sp/hard\libm.a
LOAD c:/st/stm32cubeide_1.4.0/stm32cubeide/plugins/com.st.stm32cube.ide.mcu.externaltools.gnu-tools-for-stm32.7-2018-q2-update.win32_1.4.0.202007081208/tools/bin/../lib/gcc/arm-none-eabi/7.3.1/../../../../arm-none-eabi/lib/thumb/v7e-m/fpv4-sp/hard\libc_nano.a
START GROUP
LOAD c:/st/stm32cubeide_1.4.0/stm32cubeide/plugins/com.st.stm32cube.ide.mcu.externaltools.gnu-tools-for-stm32.7-2018-q2-update.win32_1.4.0.202007081208/tools/bin/../lib/gcc/arm-none-eabi/7.3.1/thumb/v7e-m/fpv4-sp/hard\libgcc.a
LOAD c:/st/stm32cubeide_1.4.0/stm32cubeide/plugins/com.st.stm32cube.ide.mcu.externaltools.gnu-tools-for-stm32.7-2018-q2-update.win32_1.4.0.202007081208/tools/bin/../lib/gcc/arm-none-eabi/7.3.1/../../../../arm-none-eabi/lib/thumb/v7e-m/fpv4-sp/hard\libc_nano.a
END GROUP
START GROUP
LOAD c:/st/stm32cubeide_1.4.0/stm32cubeide/plugins/com.st.stm32cube.ide.mcu.externaltools.gnu-tools-for-stm32.7-2018-q2-update.win32_1.4.0.202007081208/tools/bin/../lib/gcc/arm-none-eabi/7.3.1/thumb/v7e-m/fpv4-sp/hard\libgcc.a
LOAD c:/st/stm32cubeide_1.4.0/stm32cubeide/plugins/com.st.stm32cube.ide.mcu.externaltools.gnu-tools-for-stm32.7-2018-q2-update.win32_1.4.0.202007081208/tools/bin/../lib/gcc/arm-none-eabi/7.3.1/../../../../arm-none-eabi/lib/thumb/v7e-m/fpv4-sp/hard\libc_nano.a
LOAD c:/st/stm32cubeide_1.4.0/stm32cubeide/plugins/com.st.stm32cube.ide.mcu.externaltools.gnu-tools-for-stm32.7-2018-q2-update.win32_1.4.0.202007081208/tools/bin/../lib/gcc/arm-none-eabi/7.3.1/../../../../arm-none-eabi/lib/thumb/v7e-m/fpv4-sp/hard\libnosys.a
END GROUP
START GROUP
LOAD c:/st/stm32cubeide_1.4.0/stm32cubeide/plugins/com.st.stm32cube.ide.mcu.externaltools.gnu-tools-for-stm32.7-2018-q2-update.win32_1.4.0.202007081208/tools/bin/../lib/gcc/arm-none-eabi/7.3.1/thumb/v7e-m/fpv4-sp/hard\libgcc.a
LOAD c:/st/stm32cubeide_1.4.0/stm32cubeide/plugins/com.st.stm32cube.ide.mcu.externaltools.gnu-tools-for-stm32.7-2018-q2-update.win32_1.4.0.202007081208/tools/bin/../lib/gcc/arm-none-eabi/7.3.1/../../../../arm-none-eabi/lib/thumb/v7e-m/fpv4-sp/hard\libc_nano.a
LOAD c:/st/stm32cubeide_1.4.0/stm32cubeide/plugins/com.st.stm32cube.ide.mcu.externaltools.gnu-tools-for-stm32.7-2018-q2-update.win32_1.4.0.202007081208/tools/bin/../lib/gcc/arm-none-eabi/7.3.1/../../../../arm-none-eabi/lib/thumb/v7e-m/fpv4-sp/hard\libnosys.a
END GROUP
LOAD c:/st/stm32cubeide_1.4.0/stm32cubeide/plugins/com.st.stm32cube.ide.mcu.externaltools.gnu-tools-for-stm32.7-2018-q2-update.win32_1.4.0.202007081208/tools/bin/../lib/gcc/arm-none-eabi/7.3.1/thumb/v7e-m/fpv4-sp/hard/crtend.o
LOAD c:/st/stm32cubeide_1.4.0/stm32cubeide/plugins/com.st.stm32cube.ide.mcu.externaltools.gnu-tools-for-stm32.7-2018-q2-update.win32_1.4.0.202007081208/tools/bin/../lib/gcc/arm-none-eabi/7.3.1/thumb/v7e-m/fpv4-sp/hard/crtn.o
                0x0000000020020000                _estack = (ORIGIN (RAM) + LENGTH (RAM))
                0x0000000000000200                _Min_Heap_Size = 0x200
                0x0000000000000400                _Min_Stack_Size = 0x400

.isr_vector     0x0000000008000000      0x198
                0x0000000008000000                . = ALIGN (0x4)
 *(.isr_vector)
 .isr_vector    0x0000000008000000      0x198 Core/Startup/startup_stm32f411retx.o
                0x0000000008000000                g_pfnVectors
                0x0000000008000198                . = ALIGN (0x4)

.text           0x00000000080001a0     0xd760
                0x00000000080001a0                . = ALIGN (0x4)
 *(.text)
 .text          0x00000000080001a0       0x40 c:/st/stm32cubeide_1.4.0/stm32cubeide/plugins/com.st.stm32cube.ide.mcu.externaltools.gnu-tools-for-stm32.7-2018-q2-update.win32_1.4.0.202007081208/tools/bin/../lib/gcc/arm-none-eabi/7.3.1/thumb/v7e-m/fpv4-sp/hard/crtbegin.o
 .text          0x00000000080001e0       0xa0 c:/st/stm32cubeide_1.4.0/stm32cubeide/plugins/com.st.stm32cube.ide.mcu.externaltools.gnu-tools-for-stm32.7-2018-q2-update.win32_1.4.0.202007081208/tools/bin/../lib/gcc/arm-none-eabi/7.3.1/../../../../arm-none-eabi/lib/thumb/v7e-m/fpv4-sp/hard\libc_nano.a(lib_a-memchr.o)
                0x00000000080001e0                memchr
 .text          0x0000000008000280       0x30 c:/st/stm32cubeide_1.4.0/stm32cubeide/plugins/com.st.stm32cube.ide.mcu.externaltools.gnu-tools-for-stm32.7-2018-q2-update.win32_1.4.0.202007081208/tools/bin/../lib/gcc/arm-none-eabi/7.3.1/thumb/v7e-m/fpv4-sp/hard\libgcc.a(_aeabi_uldivmod.o)
                0x0000000008000280                __aeabi_uldivmod
 .text          0x00000000080002b0      0x2cc c:/st/stm32cubeide_1.4.0/stm32cubeide/plugins/com.st.stm32cube.ide.mcu.externaltools.gnu-tools-for-stm32.7-2018-q2-update.win32_1.4.0.202007081208/tools/bin/../lib/gcc/arm-none-eabi/7.3.1/thumb/v7e-m/fpv4-sp/hard\libgcc.a(_udivmoddi4.o)
                0x00000000080002b0                __udivmoddi4
 .text          0x000000000800057c        0x4 c:/st/stm32cubeide_1.4.0/stm32cubeide/plugins/com.st.stm32cube.ide.mcu.externaltools.gnu-tools-for-stm32.7-2018-q2-update.win32_1.4.0.202007081208/tools/bin/../lib/gcc/arm-none-eabi/7.3.1/thumb/v7e-m/fpv4-sp/hard\libgcc.a(_dvmd_tls.o)
                0x000000000800057c                __aeabi_idiv0
                0x000000000800057c                __aeabi_ldiv0
 *(.text*)
 .text.VL_Init_All
                0x0000000008000580      0x110 Core/Src/VL53L0X.o
                0x0000000008000580                VL_Init_All
 .text.VL_Enable
                0x0000000008000690       0xc8 Core/Src/VL53L0X.o
                0x0000000008000690                VL_Enable
 .text._write   0x0000000008000758       0x28 Core/Src/main.o
                0x0000000008000758                _write
 .text.read_encoders
                0x0000000008000780       0x6c Core/Src/main.o
                0x0000000008000780                read_encoders
 .text.get_encoder_pos
                0x00000000080007ec       0xe8 Core/Src/main.o
                0x00000000080007ec                get_encoder_pos
 .text.HAL_UART_TxCpltCallback
                0x00000000080008d4       0x28 Core/Src/main.o
                0x00000000080008d4                HAL_UART_TxCpltCallback
 .text.HAL_UART_ErrorCallback
                0x00000000080008fc       0x16 Core/Src/main.o
                0x00000000080008fc                HAL_UART_ErrorCallback
 *fill*         0x0000000008000912        0x2 
 .text.HAL_UART_RxCpltCallback
                0x0000000008000914      0x22c Core/Src/main.o
                0x0000000008000914                HAL_UART_RxCpltCallback
 .text.HAL_TIM_PeriodElapsedCallback
                0x0000000008000b40       0x6c Core/Src/main.o
                0x0000000008000b40                HAL_TIM_PeriodElapsedCallback
 .text.HAL_GPIO_EXTI_Callback
                0x0000000008000bac       0xa0 Core/Src/main.o
                0x0000000008000bac                HAL_GPIO_EXTI_Callback
 .text.PWM      0x0000000008000c4c      0x184 Core/Src/main.o
                0x0000000008000c4c                PWM
 .text.pos_and_speed_measurement
                0x0000000008000dd0       0x4c Core/Src/main.o
                0x0000000008000dd0                pos_and_speed_measurement
 .text.initialize_PID
                0x0000000008000e1c      0x1f0 Core/Src/main.o
                0x0000000008000e1c                initialize_PID
 .text.main     0x000000000800100c      0x498 Core/Src/main.o
                0x000000000800100c                main
 .text.SystemClock_Config
                0x00000000080014a4       0xd0 Core/Src/main.o
                0x00000000080014a4                SystemClock_Config
 .text.MX_ADC1_Init
                0x0000000008001574      0x130 Core/Src/main.o
 .text.MX_I2C1_Init
                0x00000000080016a4       0x5c Core/Src/main.o
 .text.MX_SPI1_Init
                0x0000000008001700       0x6c Core/Src/main.o
 .text.MX_TIM1_Init
                0x000000000800176c      0x158 Core/Src/main.o
 .text.MX_TIM2_Init
                0x00000000080018c4       0xa8 Core/Src/main.o
 .text.MX_TIM3_Init
                0x000000000800196c       0xa8 Core/Src/main.o
 .text.MX_TIM10_Init
                0x0000000008001a14       0x48 Core/Src/main.o
 .text.MX_TIM11_Init
                0x0000000008001a5c       0x48 Core/Src/main.o
 .text.MX_USART1_UART_Init
                0x0000000008001aa4       0x54 Core/Src/main.o
 .text.MX_USART6_UART_Init
                0x0000000008001af8       0x54 Core/Src/main.o
 .text.MX_DMA_Init
                0x0000000008001b4c       0x40 Core/Src/main.o
 .text.MX_GPIO_Init
                0x0000000008001b8c      0x224 Core/Src/main.o
 .text.Error_Handler
                0x0000000008001db0        0xe Core/Src/main.o
                0x0000000008001db0                Error_Handler
 .text.pid_init
                0x0000000008001dbe      0x116 Core/Src/pid.o
                0x0000000008001dbe                pid_init
 .text.pid_calc
                0x0000000008001ed4      0x170 Core/Src/pid.o
                0x0000000008001ed4                pid_calc
 .text.pid_scale
                0x0000000008002044       0x34 Core/Src/pid.o
                0x0000000008002044                pid_scale
 .text.HAL_MspInit
                0x0000000008002078       0x50 Core/Src/stm32f4xx_hal_msp.o
                0x0000000008002078                HAL_MspInit
 .text.HAL_ADC_MspInit
                0x00000000080020c8      0x128 Core/Src/stm32f4xx_hal_msp.o
                0x00000000080020c8                HAL_ADC_MspInit
 .text.HAL_I2C_MspInit
                0x00000000080021f0       0x90 Core/Src/stm32f4xx_hal_msp.o
                0x00000000080021f0                HAL_I2C_MspInit
 .text.HAL_SPI_MspInit
                0x0000000008002280       0x90 Core/Src/stm32f4xx_hal_msp.o
                0x0000000008002280                HAL_SPI_MspInit
 .text.HAL_TIM_Base_MspInit
                0x0000000008002310       0xd8 Core/Src/stm32f4xx_hal_msp.o
                0x0000000008002310                HAL_TIM_Base_MspInit
 .text.HAL_TIM_Encoder_MspInit
                0x00000000080023e8      0x104 Core/Src/stm32f4xx_hal_msp.o
                0x00000000080023e8                HAL_TIM_Encoder_MspInit
 .text.HAL_TIM_MspPostInit
                0x00000000080024ec       0x74 Core/Src/stm32f4xx_hal_msp.o
                0x00000000080024ec                HAL_TIM_MspPostInit
 .text.HAL_UART_MspInit
                0x0000000008002560      0x10c Core/Src/stm32f4xx_hal_msp.o
                0x0000000008002560                HAL_UART_MspInit
 .text.NMI_Handler
                0x000000000800266c        0xe Core/Src/stm32f4xx_it.o
                0x000000000800266c                NMI_Handler
 .text.HardFault_Handler
                0x000000000800267a        0x6 Core/Src/stm32f4xx_it.o
                0x000000000800267a                HardFault_Handler
 .text.MemManage_Handler
                0x0000000008002680        0x6 Core/Src/stm32f4xx_it.o
                0x0000000008002680                MemManage_Handler
 .text.BusFault_Handler
                0x0000000008002686        0x6 Core/Src/stm32f4xx_it.o
                0x0000000008002686                BusFault_Handler
 .text.UsageFault_Handler
                0x000000000800268c        0x6 Core/Src/stm32f4xx_it.o
                0x000000000800268c                UsageFault_Handler
 .text.SVC_Handler
                0x0000000008002692        0xe Core/Src/stm32f4xx_it.o
                0x0000000008002692                SVC_Handler
 .text.DebugMon_Handler
                0x00000000080026a0        0xe Core/Src/stm32f4xx_it.o
                0x00000000080026a0                DebugMon_Handler
 .text.PendSV_Handler
                0x00000000080026ae        0xe Core/Src/stm32f4xx_it.o
                0x00000000080026ae                PendSV_Handler
 .text.SysTick_Handler
                0x00000000080026bc        0xc Core/Src/stm32f4xx_it.o
                0x00000000080026bc                SysTick_Handler
 .text.EXTI0_IRQHandler
                0x00000000080026c8        0xe Core/Src/stm32f4xx_it.o
                0x00000000080026c8                EXTI0_IRQHandler
 .text.EXTI1_IRQHandler
                0x00000000080026d6        0xe Core/Src/stm32f4xx_it.o
                0x00000000080026d6                EXTI1_IRQHandler
 .text.EXTI2_IRQHandler
                0x00000000080026e4        0xe Core/Src/stm32f4xx_it.o
                0x00000000080026e4                EXTI2_IRQHandler
 *fill*         0x00000000080026f2        0x2 
 .text.TIM1_UP_TIM10_IRQHandler
                0x00000000080026f4       0x1c Core/Src/stm32f4xx_it.o
                0x00000000080026f4                TIM1_UP_TIM10_IRQHandler
 .text.TIM1_TRG_COM_TIM11_IRQHandler
                0x0000000008002710       0x1c Core/Src/stm32f4xx_it.o
                0x0000000008002710                TIM1_TRG_COM_TIM11_IRQHandler
 .text.TIM2_IRQHandler
                0x000000000800272c       0x14 Core/Src/stm32f4xx_it.o
                0x000000000800272c                TIM2_IRQHandler
 .text.USART1_IRQHandler
                0x0000000008002740       0x14 Core/Src/stm32f4xx_it.o
                0x0000000008002740                USART1_IRQHandler
 .text.EXTI15_10_IRQHandler
                0x0000000008002754       0x10 Core/Src/stm32f4xx_it.o
                0x0000000008002754                EXTI15_10_IRQHandler
 .text.DMA2_Stream0_IRQHandler
                0x0000000008002764       0x14 Core/Src/stm32f4xx_it.o
                0x0000000008002764                DMA2_Stream0_IRQHandler
 .text._read    0x0000000008002778       0x3a Core/Src/syscalls.o
                0x0000000008002778                _read
 .text._close   0x00000000080027b2       0x18 Core/Src/syscalls.o
                0x00000000080027b2                _close
 .text._fstat   0x00000000080027ca       0x20 Core/Src/syscalls.o
                0x00000000080027ca                _fstat
 .text._isatty  0x00000000080027ea       0x16 Core/Src/syscalls.o
                0x00000000080027ea                _isatty
 .text._lseek   0x0000000008002800       0x1a Core/Src/syscalls.o
                0x0000000008002800                _lseek
 *fill*         0x000000000800281a        0x2 
 .text._sbrk    0x000000000800281c       0x6c Core/Src/sysmem.o
                0x000000000800281c                _sbrk
 .text.SystemInit
                0x0000000008002888       0x2c Core/Src/system_stm32f4xx.o
                0x0000000008002888                SystemInit
 .text.VL53L0X_GetOffsetCalibrationDataMicroMeter
                0x00000000080028b4       0x26 Core/Src/vl53l0x_api.o
                0x00000000080028b4                VL53L0X_GetOffsetCalibrationDataMicroMeter
 .text.VL53L0X_SetDeviceAddress
                0x00000000080028da       0x30 Core/Src/vl53l0x_api.o
                0x00000000080028da                VL53L0X_SetDeviceAddress
 *fill*         0x000000000800290a        0x2 
 .text.VL53L0X_DataInit
                0x000000000800290c      0x2c8 Core/Src/vl53l0x_api.o
                0x000000000800290c                VL53L0X_DataInit
 .text.VL53L0X_StaticInit
                0x0000000008002bd4      0x304 Core/Src/vl53l0x_api.o
                0x0000000008002bd4                VL53L0X_StaticInit
 .text.VL53L0X_GetDeviceParameters
                0x0000000008002ed8      0x120 Core/Src/vl53l0x_api.o
                0x0000000008002ed8                VL53L0X_GetDeviceParameters
 .text.VL53L0X_SetDeviceMode
                0x0000000008002ff8       0x90 Core/Src/vl53l0x_api.o
                0x0000000008002ff8                VL53L0X_SetDeviceMode
 .text.VL53L0X_GetDeviceMode
                0x0000000008003088       0x26 Core/Src/vl53l0x_api.o
                0x0000000008003088                VL53L0X_GetDeviceMode
 .text.VL53L0X_GetFractionEnable
                0x00000000080030ae       0x3e Core/Src/vl53l0x_api.o
                0x00000000080030ae                VL53L0X_GetFractionEnable
 .text.VL53L0X_SetMeasurementTimingBudgetMicroSeconds
                0x00000000080030ec       0x26 Core/Src/vl53l0x_api.o
                0x00000000080030ec                VL53L0X_SetMeasurementTimingBudgetMicroSeconds
 .text.VL53L0X_GetMeasurementTimingBudgetMicroSeconds
                0x0000000008003112       0x26 Core/Src/vl53l0x_api.o
                0x0000000008003112                VL53L0X_GetMeasurementTimingBudgetMicroSeconds
 .text.VL53L0X_SetVcselPulsePeriod
                0x0000000008003138       0x30 Core/Src/vl53l0x_api.o
                0x0000000008003138                VL53L0X_SetVcselPulsePeriod
 .text.VL53L0X_GetVcselPulsePeriod
                0x0000000008003168       0x2e Core/Src/vl53l0x_api.o
                0x0000000008003168                VL53L0X_GetVcselPulsePeriod
 *fill*         0x0000000008003196        0x2 
 .text.VL53L0X_SetSequenceStepEnable
                0x0000000008003198      0x144 Core/Src/vl53l0x_api.o
                0x0000000008003198                VL53L0X_SetSequenceStepEnable
 .text.sequence_step_enabled
                0x00000000080032dc       0xa4 Core/Src/vl53l0x_api.o
                0x00000000080032dc                sequence_step_enabled
 .text.VL53L0X_GetSequenceStepEnables
                0x0000000008003380       0xb0 Core/Src/vl53l0x_api.o
                0x0000000008003380                VL53L0X_GetSequenceStepEnables
 .text.VL53L0X_GetInterMeasurementPeriodMilliSeconds
                0x0000000008003430       0x68 Core/Src/vl53l0x_api.o
                0x0000000008003430                VL53L0X_GetInterMeasurementPeriodMilliSeconds
 .text.VL53L0X_GetXTalkCompensationEnable
                0x0000000008003498       0x2a Core/Src/vl53l0x_api.o
                0x0000000008003498                VL53L0X_GetXTalkCompensationEnable
 .text.VL53L0X_GetXTalkCompensationRateMegaCps
                0x00000000080034c2       0x66 Core/Src/vl53l0x_api.o
                0x00000000080034c2                VL53L0X_GetXTalkCompensationRateMegaCps
 .text.VL53L0X_SetLimitCheckEnable
                0x0000000008003528      0x118 Core/Src/vl53l0x_api.o
                0x0000000008003528                VL53L0X_SetLimitCheckEnable
 .text.VL53L0X_GetLimitCheckEnable
                0x0000000008003640       0x46 Core/Src/vl53l0x_api.o
                0x0000000008003640                VL53L0X_GetLimitCheckEnable
 *fill*         0x0000000008003686        0x2 
 .text.VL53L0X_SetLimitCheckValue
                0x0000000008003688       0xc4 Core/Src/vl53l0x_api.o
                0x0000000008003688                VL53L0X_SetLimitCheckValue
 .text.VL53L0X_GetLimitCheckValue
                0x000000000800374c      0x11c Core/Src/vl53l0x_api.o
                0x000000000800374c                VL53L0X_GetLimitCheckValue
 .text.VL53L0X_GetWrapAroundCheckEnable
                0x0000000008003868       0x64 Core/Src/vl53l0x_api.o
                0x0000000008003868                VL53L0X_GetWrapAroundCheckEnable
 .text.VL53L0X_PerformSingleMeasurement
                0x00000000080038cc       0x68 Core/Src/vl53l0x_api.o
                0x00000000080038cc                VL53L0X_PerformSingleMeasurement
 .text.VL53L0X_PerformRefCalibration
                0x0000000008003934       0x2c Core/Src/vl53l0x_api.o
                0x0000000008003934                VL53L0X_PerformRefCalibration
 .text.VL53L0X_CheckAndLoadInterruptSettings
                0x0000000008003960       0xcc Core/Src/vl53l0x_api.o
                0x0000000008003960                VL53L0X_CheckAndLoadInterruptSettings
 .text.VL53L0X_StartMeasurement
                0x0000000008003a2c      0x17e Core/Src/vl53l0x_api.o
                0x0000000008003a2c                VL53L0X_StartMeasurement
 .text.VL53L0X_GetMeasurementDataReady
                0x0000000008003baa       0x80 Core/Src/vl53l0x_api.o
                0x0000000008003baa                VL53L0X_GetMeasurementDataReady
 *fill*         0x0000000008003c2a        0x2 
 .text.VL53L0X_GetRangingMeasurementData
                0x0000000008003c2c      0x24c Core/Src/vl53l0x_api.o
                0x0000000008003c2c                VL53L0X_GetRangingMeasurementData
 .text.VL53L0X_PerformSingleRangingMeasurement
                0x0000000008003e78       0x60 Core/Src/vl53l0x_api.o
                0x0000000008003e78                VL53L0X_PerformSingleRangingMeasurement
 .text.VL53L0X_SetGpioConfig
                0x0000000008003ed8      0x248 Core/Src/vl53l0x_api.o
                0x0000000008003ed8                VL53L0X_SetGpioConfig
 .text.VL53L0X_GetInterruptThresholds
                0x0000000008004120       0x6c Core/Src/vl53l0x_api.o
                0x0000000008004120                VL53L0X_GetInterruptThresholds
 .text.VL53L0X_ClearInterruptMask
                0x000000000800418c       0x80 Core/Src/vl53l0x_api.o
                0x000000000800418c                VL53L0X_ClearInterruptMask
 .text.VL53L0X_GetInterruptMaskStatus
                0x000000000800420c       0x44 Core/Src/vl53l0x_api.o
                0x000000000800420c                VL53L0X_GetInterruptMaskStatus
 .text.VL53L0X_PerformRefSpadManagement
                0x0000000008004250       0x2a Core/Src/vl53l0x_api.o
                0x0000000008004250                VL53L0X_PerformRefSpadManagement
 .text.VL53L0X_get_offset_calibration_data_micro_meter
                0x000000000800427a       0x7e Core/Src/vl53l0x_api_calibration.o
                0x000000000800427a                VL53L0X_get_offset_calibration_data_micro_meter
 .text.get_next_good_spad
                0x00000000080042f8       0xbc Core/Src/vl53l0x_api_calibration.o
                0x00000000080042f8                get_next_good_spad
 .text.is_aperture
                0x00000000080043b4       0x34 Core/Src/vl53l0x_api_calibration.o
                0x00000000080043b4                is_aperture
 .text.enable_spad_bit
                0x00000000080043e8       0x70 Core/Src/vl53l0x_api_calibration.o
                0x00000000080043e8                enable_spad_bit
 .text.set_ref_spad_map
                0x0000000008004458       0x26 Core/Src/vl53l0x_api_calibration.o
                0x0000000008004458                set_ref_spad_map
 .text.get_ref_spad_map
                0x000000000800447e       0x26 Core/Src/vl53l0x_api_calibration.o
                0x000000000800447e                get_ref_spad_map
 .text.enable_ref_spads
                0x00000000080044a4       0xf8 Core/Src/vl53l0x_api_calibration.o
                0x00000000080044a4                enable_ref_spads
 .text.perform_ref_signal_measurement
                0x000000000800459c       0xd4 Core/Src/vl53l0x_api_calibration.o
                0x000000000800459c                perform_ref_signal_measurement
 .text.VL53L0X_perform_ref_spad_management
                0x0000000008004670      0x418 Core/Src/vl53l0x_api_calibration.o
                0x0000000008004670                VL53L0X_perform_ref_spad_management
 .text.VL53L0X_set_reference_spads
                0x0000000008004a88      0x14a Core/Src/vl53l0x_api_calibration.o
                0x0000000008004a88                VL53L0X_set_reference_spads
 .text.VL53L0X_perform_single_ref_calibration
                0x0000000008004bd2       0x76 Core/Src/vl53l0x_api_calibration.o
                0x0000000008004bd2                VL53L0X_perform_single_ref_calibration
 .text.VL53L0X_ref_calibration_io
                0x0000000008004c48      0x132 Core/Src/vl53l0x_api_calibration.o
                0x0000000008004c48                VL53L0X_ref_calibration_io
 .text.VL53L0X_perform_vhv_calibration
                0x0000000008004d7a       0xce Core/Src/vl53l0x_api_calibration.o
                0x0000000008004d7a                VL53L0X_perform_vhv_calibration
 .text.VL53L0X_perform_phase_calibration
                0x0000000008004e48       0xca Core/Src/vl53l0x_api_calibration.o
                0x0000000008004e48                VL53L0X_perform_phase_calibration
 .text.VL53L0X_perform_ref_calibration
                0x0000000008004f12       0x7a Core/Src/vl53l0x_api_calibration.o
                0x0000000008004f12                VL53L0X_perform_ref_calibration
 .text.VL53L0X_measurement_poll_for_completion
                0x0000000008004f8c       0x60 Core/Src/vl53l0x_api_core.o
                0x0000000008004f8c                VL53L0X_measurement_poll_for_completion
 .text.VL53L0X_decode_vcsel_period
                0x0000000008004fec       0x26 Core/Src/vl53l0x_api_core.o
                0x0000000008004fec                VL53L0X_decode_vcsel_period
 .text.VL53L0X_encode_vcsel_period
                0x0000000008005012       0x26 Core/Src/vl53l0x_api_core.o
                0x0000000008005012                VL53L0X_encode_vcsel_period
 .text.VL53L0X_isqrt
                0x0000000008005038       0x68 Core/Src/vl53l0x_api_core.o
                0x0000000008005038                VL53L0X_isqrt
 .text.VL53L0X_device_read_strobe
                0x00000000080050a0       0x86 Core/Src/vl53l0x_api_core.o
                0x00000000080050a0                VL53L0X_device_read_strobe
 .text.VL53L0X_get_info_from_device
                0x0000000008005126      0x99a Core/Src/vl53l0x_api_core.o
                0x0000000008005126                VL53L0X_get_info_from_device
 .text.VL53L0X_calc_macro_period_ps
                0x0000000008005ac0       0x3a Core/Src/vl53l0x_api_core.o
                0x0000000008005ac0                VL53L0X_calc_macro_period_ps
 .text.VL53L0X_encode_timeout
                0x0000000008005afa       0x58 Core/Src/vl53l0x_api_core.o
                0x0000000008005afa                VL53L0X_encode_timeout
 .text.VL53L0X_decode_timeout
                0x0000000008005b52       0x2c Core/Src/vl53l0x_api_core.o
                0x0000000008005b52                VL53L0X_decode_timeout
 *fill*         0x0000000008005b7e        0x2 
 .text.VL53L0X_calc_timeout_mclks
                0x0000000008005b80       0x54 Core/Src/vl53l0x_api_core.o
                0x0000000008005b80                VL53L0X_calc_timeout_mclks
 .text.VL53L0X_calc_timeout_us
                0x0000000008005bd4       0x54 Core/Src/vl53l0x_api_core.o
                0x0000000008005bd4                VL53L0X_calc_timeout_us
 .text.get_sequence_step_timeout
                0x0000000008005c28      0x1c2 Core/Src/vl53l0x_api_core.o
                0x0000000008005c28                get_sequence_step_timeout
 .text.set_sequence_step_timeout
                0x0000000008005dea      0x1e4 Core/Src/vl53l0x_api_core.o
                0x0000000008005dea                set_sequence_step_timeout
 .text.VL53L0X_set_vcsel_pulse_period
                0x0000000008005fce      0x512 Core/Src/vl53l0x_api_core.o
                0x0000000008005fce                VL53L0X_set_vcsel_pulse_period
 .text.VL53L0X_get_vcsel_pulse_period
                0x00000000080064e0       0x6e Core/Src/vl53l0x_api_core.o
                0x00000000080064e0                VL53L0X_get_vcsel_pulse_period
 .text.VL53L0X_set_measurement_timing_budget_micro_seconds
                0x000000000800654e      0x1c0 Core/Src/vl53l0x_api_core.o
                0x000000000800654e                VL53L0X_set_measurement_timing_budget_micro_seconds
 .text.VL53L0X_get_measurement_timing_budget_micro_seconds
                0x000000000800670e      0x162 Core/Src/vl53l0x_api_core.o
                0x000000000800670e                VL53L0X_get_measurement_timing_budget_micro_seconds
 .text.VL53L0X_load_tuning_settings
                0x0000000008006870      0x1c4 Core/Src/vl53l0x_api_core.o
                0x0000000008006870                VL53L0X_load_tuning_settings
 .text.VL53L0X_get_total_xtalk_rate
                0x0000000008006a34       0x5e Core/Src/vl53l0x_api_core.o
                0x0000000008006a34                VL53L0X_get_total_xtalk_rate
 .text.VL53L0X_get_total_signal_rate
                0x0000000008006a92       0x4a Core/Src/vl53l0x_api_core.o
                0x0000000008006a92                VL53L0X_get_total_signal_rate
 .text.VL53L0X_calc_dmax
                0x0000000008006adc      0x240 Core/Src/vl53l0x_api_core.o
                0x0000000008006adc                VL53L0X_calc_dmax
 .text.VL53L0X_calc_sigma_estimate
                0x0000000008006d1c      0x4a4 Core/Src/vl53l0x_api_core.o
                0x0000000008006d1c                VL53L0X_calc_sigma_estimate
 .text.VL53L0X_get_pal_range_status
                0x00000000080071c0      0x3b6 Core/Src/vl53l0x_api_core.o
                0x00000000080071c0                VL53L0X_get_pal_range_status
 *fill*         0x0000000008007576        0x2 
 .text.VL53L0X_write_byte
                0x0000000008007578       0x48 Core/Src/vl53l0x_i2c_platform.o
                0x0000000008007578                VL53L0X_write_byte
 .text.VL53L0X_read_byte
                0x00000000080075c0       0x52 Core/Src/vl53l0x_i2c_platform.o
                0x00000000080075c0                VL53L0X_read_byte
 *fill*         0x0000000008007612        0x2 
 .text.VL53L0X_read_dword
                0x0000000008007614       0x80 Core/Src/vl53l0x_i2c_platform.o
                0x0000000008007614                VL53L0X_read_dword
 .text.VL53L0X_write_word
                0x0000000008007694       0x54 Core/Src/vl53l0x_i2c_platform.o
                0x0000000008007694                VL53L0X_write_word
 .text.VL53L0X_read_word
                0x00000000080076e8       0x78 Core/Src/vl53l0x_i2c_platform.o
                0x00000000080076e8                VL53L0X_read_word
 .text.VL53L0X_read_multi
                0x0000000008007760       0x60 Core/Src/vl53l0x_i2c_platform.o
                0x0000000008007760                VL53L0X_read_multi
 .text.VL53L0X_write_multi
                0x00000000080077c0       0x50 Core/Src/vl53l0x_i2c_platform.o
                0x00000000080077c0                VL53L0X_write_multi
 .text.VL53L0X_WriteMulti
                0x0000000008007810       0x56 Core/Src/vl53l0x_platform.o
                0x0000000008007810                VL53L0X_WriteMulti
 .text.VL53L0X_ReadMulti
                0x0000000008007866       0x52 Core/Src/vl53l0x_platform.o
                0x0000000008007866                VL53L0X_ReadMulti
 .text.VL53L0X_WrByte
                0x00000000080078b8       0x44 Core/Src/vl53l0x_platform.o
                0x00000000080078b8                VL53L0X_WrByte
 .text.VL53L0X_WrWord
                0x00000000080078fc       0x44 Core/Src/vl53l0x_platform.o
                0x00000000080078fc                VL53L0X_WrWord
 .text.VL53L0X_UpdateByte
                0x0000000008007940       0x84 Core/Src/vl53l0x_platform.o
                0x0000000008007940                VL53L0X_UpdateByte
 .text.VL53L0X_RdByte
                0x00000000080079c4       0x42 Core/Src/vl53l0x_platform.o
                0x00000000080079c4                VL53L0X_RdByte
 .text.VL53L0X_RdWord
                0x0000000008007a06       0x42 Core/Src/vl53l0x_platform.o
                0x0000000008007a06                VL53L0X_RdWord
 .text.VL53L0X_RdDWord
                0x0000000008007a48       0x42 Core/Src/vl53l0x_platform.o
                0x0000000008007a48                VL53L0X_RdDWord
 .text.VL53L0X_PollingDelay
                0x0000000008007a8a       0x1e Core/Src/vl53l0x_platform.o
                0x0000000008007a8a                VL53L0X_PollingDelay
 .text.vl_api_delay
                0x0000000008007aa8       0x1a Core/Src/vl_api_config.o
                0x0000000008007aa8                vl_api_delay
 .text.VL_init_sensor_setAddres
                0x0000000008007ac2       0x5e Core/Src/vl_stm32_api.o
                0x0000000008007ac2                VL_init_sensor_setAddres
 .text.VL_set_interrupt
                0x0000000008007b20       0x48 Core/Src/vl_stm32_api.o
                0x0000000008007b20                VL_set_interrupt
 .text.VL_init_parameters
                0x0000000008007b68      0x1e8 Core/Src/vl_stm32_api.o
                0x0000000008007b68                VL_init_parameters
 .text.VL_start_measurement_non_blocking
                0x0000000008007d50       0x1a Core/Src/vl_stm32_api.o
                0x0000000008007d50                VL_start_measurement_non_blocking
 *fill*         0x0000000008007d6a        0x2 
 .text.Reset_Handler
                0x0000000008007d6c       0x50 Core/Startup/startup_stm32f411retx.o
                0x0000000008007d6c                Reset_Handler
 .text.Default_Handler
                0x0000000008007dbc        0x2 Core/Startup/startup_stm32f411retx.o
                0x0000000008007dbc                RTC_Alarm_IRQHandler
                0x0000000008007dbc                SPI4_IRQHandler
                0x0000000008007dbc                TIM1_CC_IRQHandler
                0x0000000008007dbc                DMA2_Stream5_IRQHandler
                0x0000000008007dbc                DMA1_Stream5_IRQHandler
                0x0000000008007dbc                PVD_IRQHandler
                0x0000000008007dbc                SDIO_IRQHandler
                0x0000000008007dbc                TAMP_STAMP_IRQHandler
                0x0000000008007dbc                EXTI3_IRQHandler
                0x0000000008007dbc                I2C3_ER_IRQHandler
                0x0000000008007dbc                I2C2_EV_IRQHandler
                0x0000000008007dbc                DMA1_Stream2_IRQHandler
                0x0000000008007dbc                FPU_IRQHandler
                0x0000000008007dbc                DMA2_Stream2_IRQHandler
                0x0000000008007dbc                SPI1_IRQHandler
                0x0000000008007dbc                TIM1_BRK_TIM9_IRQHandler
                0x0000000008007dbc                DMA2_Stream3_IRQHandler
                0x0000000008007dbc                USART6_IRQHandler
                0x0000000008007dbc                TIM4_IRQHandler
                0x0000000008007dbc                I2C1_EV_IRQHandler
                0x0000000008007dbc                DMA1_Stream6_IRQHandler
                0x0000000008007dbc                DMA1_Stream1_IRQHandler
                0x0000000008007dbc                TIM3_IRQHandler
                0x0000000008007dbc                RCC_IRQHandler
                0x0000000008007dbc                Default_Handler
                0x0000000008007dbc                ADC_IRQHandler
                0x0000000008007dbc                DMA1_Stream7_IRQHandler
                0x0000000008007dbc                SPI5_IRQHandler
                0x0000000008007dbc                TIM5_IRQHandler
                0x0000000008007dbc                DMA2_Stream7_IRQHandler
                0x0000000008007dbc                I2C3_EV_IRQHandler
                0x0000000008007dbc                EXTI9_5_IRQHandler
                0x0000000008007dbc                RTC_WKUP_IRQHandler
                0x0000000008007dbc                SPI2_IRQHandler
                0x0000000008007dbc                DMA1_Stream0_IRQHandler
                0x0000000008007dbc                EXTI4_IRQHandler
                0x0000000008007dbc                WWDG_IRQHandler
                0x0000000008007dbc                OTG_FS_WKUP_IRQHandler
                0x0000000008007dbc                USART2_IRQHandler
                0x0000000008007dbc                I2C2_ER_IRQHandler
                0x0000000008007dbc                DMA2_Stream1_IRQHandler
                0x0000000008007dbc                FLASH_IRQHandler
                0x0000000008007dbc                DMA2_Stream4_IRQHandler
                0x0000000008007dbc                OTG_FS_IRQHandler
                0x0000000008007dbc                SPI3_IRQHandler
                0x0000000008007dbc                DMA1_Stream4_IRQHandler
                0x0000000008007dbc                I2C1_ER_IRQHandler
                0x0000000008007dbc                DMA2_Stream6_IRQHandler
                0x0000000008007dbc                DMA1_Stream3_IRQHandler
 *fill*         0x0000000008007dbe        0x2 
 .text.HAL_Init
                0x0000000008007dc0       0x44 Drivers/STM32F4xx_HAL_Driver/Src/stm32f4xx_hal.o
                0x0000000008007dc0                HAL_Init
 .text.HAL_InitTick
                0x0000000008007e04       0x60 Drivers/STM32F4xx_HAL_Driver/Src/stm32f4xx_hal.o
                0x0000000008007e04                HAL_InitTick
 .text.HAL_IncTick
                0x0000000008007e64       0x28 Drivers/STM32F4xx_HAL_Driver/Src/stm32f4xx_hal.o
                0x0000000008007e64                HAL_IncTick
 .text.HAL_GetTick
                0x0000000008007e8c       0x18 Drivers/STM32F4xx_HAL_Driver/Src/stm32f4xx_hal.o
                0x0000000008007e8c                HAL_GetTick
 .text.HAL_Delay
                0x0000000008007ea4       0x44 Drivers/STM32F4xx_HAL_Driver/Src/stm32f4xx_hal.o
                0x0000000008007ea4                HAL_Delay
 .text.HAL_ADC_Init
                0x0000000008007ee8       0x86 Drivers/STM32F4xx_HAL_Driver/Src/stm32f4xx_hal_adc.o
                0x0000000008007ee8                HAL_ADC_Init
 *fill*         0x0000000008007f6e        0x2 
 .text.HAL_ADC_Start_DMA
                0x0000000008007f70      0x1a8 Drivers/STM32F4xx_HAL_Driver/Src/stm32f4xx_hal_adc.o
                0x0000000008007f70                HAL_ADC_Start_DMA
 .text.HAL_ADC_ConvCpltCallback
                0x0000000008008118       0x14 Drivers/STM32F4xx_HAL_Driver/Src/stm32f4xx_hal_adc.o
                0x0000000008008118                HAL_ADC_ConvCpltCallback
 .text.HAL_ADC_ConvHalfCpltCallback
                0x000000000800812c       0x14 Drivers/STM32F4xx_HAL_Driver/Src/stm32f4xx_hal_adc.o
                0x000000000800812c                HAL_ADC_ConvHalfCpltCallback
 .text.HAL_ADC_ErrorCallback
                0x0000000008008140       0x14 Drivers/STM32F4xx_HAL_Driver/Src/stm32f4xx_hal_adc.o
                0x0000000008008140                HAL_ADC_ErrorCallback
 .text.HAL_ADC_ConfigChannel
                0x0000000008008154      0x264 Drivers/STM32F4xx_HAL_Driver/Src/stm32f4xx_hal_adc.o
                0x0000000008008154                HAL_ADC_ConfigChannel
 .text.ADC_Init
                0x00000000080083b8      0x1f8 Drivers/STM32F4xx_HAL_Driver/Src/stm32f4xx_hal_adc.o
 .text.ADC_DMAConvCplt
                0x00000000080085b0       0xba Drivers/STM32F4xx_HAL_Driver/Src/stm32f4xx_hal_adc.o
 .text.ADC_DMAHalfConvCplt
                0x000000000800866a       0x1c Drivers/STM32F4xx_HAL_Driver/Src/stm32f4xx_hal_adc.o
 .text.ADC_DMAError
                0x0000000008008686       0x2e Drivers/STM32F4xx_HAL_Driver/Src/stm32f4xx_hal_adc.o
 .text.__NVIC_SetPriorityGrouping
                0x00000000080086b4       0x48 Drivers/STM32F4xx_HAL_Driver/Src/stm32f4xx_hal_cortex.o
 .text.__NVIC_GetPriorityGrouping
                0x00000000080086fc       0x1c Drivers/STM32F4xx_HAL_Driver/Src/stm32f4xx_hal_cortex.o
 .text.__NVIC_EnableIRQ
                0x0000000008008718       0x3c Drivers/STM32F4xx_HAL_Driver/Src/stm32f4xx_hal_cortex.o
 .text.__NVIC_SetPriority
                0x0000000008008754       0x54 Drivers/STM32F4xx_HAL_Driver/Src/stm32f4xx_hal_cortex.o
 .text.NVIC_EncodePriority
                0x00000000080087a8       0x66 Drivers/STM32F4xx_HAL_Driver/Src/stm32f4xx_hal_cortex.o
 *fill*         0x000000000800880e        0x2 
 .text.SysTick_Config
                0x0000000008008810       0x44 Drivers/STM32F4xx_HAL_Driver/Src/stm32f4xx_hal_cortex.o
 .text.HAL_NVIC_SetPriorityGrouping
                0x0000000008008854       0x16 Drivers/STM32F4xx_HAL_Driver/Src/stm32f4xx_hal_cortex.o
                0x0000000008008854                HAL_NVIC_SetPriorityGrouping
 .text.HAL_NVIC_SetPriority
                0x000000000800886a       0x38 Drivers/STM32F4xx_HAL_Driver/Src/stm32f4xx_hal_cortex.o
                0x000000000800886a                HAL_NVIC_SetPriority
 .text.HAL_NVIC_EnableIRQ
                0x00000000080088a2       0x1c Drivers/STM32F4xx_HAL_Driver/Src/stm32f4xx_hal_cortex.o
                0x00000000080088a2                HAL_NVIC_EnableIRQ
 .text.HAL_SYSTICK_Config
                0x00000000080088be       0x18 Drivers/STM32F4xx_HAL_Driver/Src/stm32f4xx_hal_cortex.o
                0x00000000080088be                HAL_SYSTICK_Config
 *fill*         0x00000000080088d6        0x2 
 .text.HAL_DMA_Init
                0x00000000080088d8      0x15c Drivers/STM32F4xx_HAL_Driver/Src/stm32f4xx_hal_dma.o
                0x00000000080088d8                HAL_DMA_Init
 .text.HAL_DMA_Start_IT
                0x0000000008008a34       0xb0 Drivers/STM32F4xx_HAL_Driver/Src/stm32f4xx_hal_dma.o
                0x0000000008008a34                HAL_DMA_Start_IT
 .text.HAL_DMA_Abort_IT
                0x0000000008008ae4       0x44 Drivers/STM32F4xx_HAL_Driver/Src/stm32f4xx_hal_dma.o
                0x0000000008008ae4                HAL_DMA_Abort_IT
 .text.HAL_DMA_IRQHandler
                0x0000000008008b28      0x314 Drivers/STM32F4xx_HAL_Driver/Src/stm32f4xx_hal_dma.o
                0x0000000008008b28                HAL_DMA_IRQHandler
 .text.DMA_SetConfig
                0x0000000008008e3c       0x5c Drivers/STM32F4xx_HAL_Driver/Src/stm32f4xx_hal_dma.o
 .text.DMA_CalcBaseAndBitshift
                0x0000000008008e98       0x6c Drivers/STM32F4xx_HAL_Driver/Src/stm32f4xx_hal_dma.o
 .text.DMA_CheckFifoParam
                0x0000000008008f04       0xf4 Drivers/STM32F4xx_HAL_Driver/Src/stm32f4xx_hal_dma.o
 .text.HAL_GPIO_Init
                0x0000000008008ff8      0x304 Drivers/STM32F4xx_HAL_Driver/Src/stm32f4xx_hal_gpio.o
                0x0000000008008ff8                HAL_GPIO_Init
 .text.HAL_GPIO_WritePin
                0x00000000080092fc       0x32 Drivers/STM32F4xx_HAL_Driver/Src/stm32f4xx_hal_gpio.o
                0x00000000080092fc                HAL_GPIO_WritePin
 .text.HAL_GPIO_TogglePin
                0x000000000800932e       0x36 Drivers/STM32F4xx_HAL_Driver/Src/stm32f4xx_hal_gpio.o
                0x000000000800932e                HAL_GPIO_TogglePin
 .text.HAL_GPIO_EXTI_IRQHandler
                0x0000000008009364       0x30 Drivers/STM32F4xx_HAL_Driver/Src/stm32f4xx_hal_gpio.o
                0x0000000008009364                HAL_GPIO_EXTI_IRQHandler
 .text.HAL_I2C_Init
                0x0000000008009394      0x270 Drivers/STM32F4xx_HAL_Driver/Src/stm32f4xx_hal_i2c.o
                0x0000000008009394                HAL_I2C_Init
 .text.HAL_I2C_Master_Transmit
                0x0000000008009604      0x1fc Drivers/STM32F4xx_HAL_Driver/Src/stm32f4xx_hal_i2c.o
                0x0000000008009604                HAL_I2C_Master_Transmit
 .text.HAL_I2C_Master_Receive
                0x0000000008009800      0x44c Drivers/STM32F4xx_HAL_Driver/Src/stm32f4xx_hal_i2c.o
                0x0000000008009800                HAL_I2C_Master_Receive
 .text.I2C_MasterRequestWrite
                0x0000000008009c4c      0x104 Drivers/STM32F4xx_HAL_Driver/Src/stm32f4xx_hal_i2c.o
 .text.I2C_MasterRequestRead
                0x0000000008009d50      0x19c Drivers/STM32F4xx_HAL_Driver/Src/stm32f4xx_hal_i2c.o
 .text.I2C_WaitOnFlagUntilTimeout
                0x0000000008009eec       0xae Drivers/STM32F4xx_HAL_Driver/Src/stm32f4xx_hal_i2c.o
 .text.I2C_WaitOnMasterAddressFlagUntilTimeout
                0x0000000008009f9a       0xfe Drivers/STM32F4xx_HAL_Driver/Src/stm32f4xx_hal_i2c.o
 .text.I2C_WaitOnTXEFlagUntilTimeout
                0x000000000800a098       0x82 Drivers/STM32F4xx_HAL_Driver/Src/stm32f4xx_hal_i2c.o
 .text.I2C_WaitOnBTFFlagUntilTimeout
                0x000000000800a11a       0x82 Drivers/STM32F4xx_HAL_Driver/Src/stm32f4xx_hal_i2c.o
 .text.I2C_WaitOnRXNEFlagUntilTimeout
                0x000000000800a19c       0xac Drivers/STM32F4xx_HAL_Driver/Src/stm32f4xx_hal_i2c.o
 .text.I2C_IsAcknowledgeFailed
                0x000000000800a248       0x5e Drivers/STM32F4xx_HAL_Driver/Src/stm32f4xx_hal_i2c.o
 *fill*         0x000000000800a2a6        0x2 
 .text.HAL_RCC_OscConfig
                0x000000000800a2a8      0x4e0 Drivers/STM32F4xx_HAL_Driver/Src/stm32f4xx_hal_rcc.o
                0x000000000800a2a8                HAL_RCC_OscConfig
 .text.HAL_RCC_ClockConfig
                0x000000000800a788      0x1cc Drivers/STM32F4xx_HAL_Driver/Src/stm32f4xx_hal_rcc.o
                0x000000000800a788                HAL_RCC_ClockConfig
 .text.HAL_RCC_GetSysClockFreq
                0x000000000800a954      0x164 Drivers/STM32F4xx_HAL_Driver/Src/stm32f4xx_hal_rcc.o
                0x000000000800a954                HAL_RCC_GetSysClockFreq
 .text.HAL_RCC_GetHCLKFreq
                0x000000000800aab8       0x18 Drivers/STM32F4xx_HAL_Driver/Src/stm32f4xx_hal_rcc.o
                0x000000000800aab8                HAL_RCC_GetHCLKFreq
 .text.HAL_RCC_GetPCLK1Freq
                0x000000000800aad0       0x28 Drivers/STM32F4xx_HAL_Driver/Src/stm32f4xx_hal_rcc.o
                0x000000000800aad0                HAL_RCC_GetPCLK1Freq
 .text.HAL_RCC_GetPCLK2Freq
                0x000000000800aaf8       0x28 Drivers/STM32F4xx_HAL_Driver/Src/stm32f4xx_hal_rcc.o
                0x000000000800aaf8                HAL_RCC_GetPCLK2Freq
 .text.HAL_SPI_Init
                0x000000000800ab20       0xc8 Drivers/STM32F4xx_HAL_Driver/Src/stm32f4xx_hal_spi.o
                0x000000000800ab20                HAL_SPI_Init
 .text.HAL_TIM_Base_Init
                0x000000000800abe8       0x56 Drivers/STM32F4xx_HAL_Driver/Src/stm32f4xx_hal_tim.o
                0x000000000800abe8                HAL_TIM_Base_Init
 .text.HAL_TIM_Base_Start_IT
                0x000000000800ac3e       0x48 Drivers/STM32F4xx_HAL_Driver/Src/stm32f4xx_hal_tim.o
                0x000000000800ac3e                HAL_TIM_Base_Start_IT
 .text.HAL_TIM_PWM_Init
                0x000000000800ac86       0x56 Drivers/STM32F4xx_HAL_Driver/Src/stm32f4xx_hal_tim.o
                0x000000000800ac86                HAL_TIM_PWM_Init
 .text.HAL_TIM_PWM_MspInit
                0x000000000800acdc       0x14 Drivers/STM32F4xx_HAL_Driver/Src/stm32f4xx_hal_tim.o
                0x000000000800acdc                HAL_TIM_PWM_MspInit
 .text.HAL_TIM_PWM_Start
                0x000000000800acf0       0x64 Drivers/STM32F4xx_HAL_Driver/Src/stm32f4xx_hal_tim.o
                0x000000000800acf0                HAL_TIM_PWM_Start
 .text.HAL_TIM_Encoder_Init
                0x000000000800ad54      0x124 Drivers/STM32F4xx_HAL_Driver/Src/stm32f4xx_hal_tim.o
                0x000000000800ad54                HAL_TIM_Encoder_Init
 .text.HAL_TIM_Encoder_Start
                0x000000000800ae78       0x6e Drivers/STM32F4xx_HAL_Driver/Src/stm32f4xx_hal_tim.o
                0x000000000800ae78                HAL_TIM_Encoder_Start
 .text.HAL_TIM_IRQHandler
                0x000000000800aee6      0x210 Drivers/STM32F4xx_HAL_Driver/Src/stm32f4xx_hal_tim.o
                0x000000000800aee6                HAL_TIM_IRQHandler
 *fill*         0x000000000800b0f6        0x2 
 .text.HAL_TIM_PWM_ConfigChannel
                0x000000000800b0f8      0x18c Drivers/STM32F4xx_HAL_Driver/Src/stm32f4xx_hal_tim.o
                0x000000000800b0f8                HAL_TIM_PWM_ConfigChannel
 .text.HAL_TIM_ConfigClockSource
                0x000000000800b284      0x16e Drivers/STM32F4xx_HAL_Driver/Src/stm32f4xx_hal_tim.o
                0x000000000800b284                HAL_TIM_ConfigClockSource
 .text.HAL_TIM_OC_DelayElapsedCallback
                0x000000000800b3f2       0x14 Drivers/STM32F4xx_HAL_Driver/Src/stm32f4xx_hal_tim.o
                0x000000000800b3f2                HAL_TIM_OC_DelayElapsedCallback
 .text.HAL_TIM_IC_CaptureCallback
                0x000000000800b406       0x14 Drivers/STM32F4xx_HAL_Driver/Src/stm32f4xx_hal_tim.o
                0x000000000800b406                HAL_TIM_IC_CaptureCallback
 .text.HAL_TIM_PWM_PulseFinishedCallback
                0x000000000800b41a       0x14 Drivers/STM32F4xx_HAL_Driver/Src/stm32f4xx_hal_tim.o
                0x000000000800b41a                HAL_TIM_PWM_PulseFinishedCallback
 .text.HAL_TIM_TriggerCallback
                0x000000000800b42e       0x14 Drivers/STM32F4xx_HAL_Driver/Src/stm32f4xx_hal_tim.o
                0x000000000800b42e                HAL_TIM_TriggerCallback
 *fill*         0x000000000800b442        0x2 
 .text.TIM_Base_SetConfig
                0x000000000800b444      0x100 Drivers/STM32F4xx_HAL_Driver/Src/stm32f4xx_hal_tim.o
                0x000000000800b444                TIM_Base_SetConfig
 .text.TIM_OC1_SetConfig
                0x000000000800b544       0xcc Drivers/STM32F4xx_HAL_Driver/Src/stm32f4xx_hal_tim.o
 .text.TIM_OC2_SetConfig
                0x000000000800b610       0xd8 Drivers/STM32F4xx_HAL_Driver/Src/stm32f4xx_hal_tim.o
                0x000000000800b610                TIM_OC2_SetConfig
 .text.TIM_OC3_SetConfig
                0x000000000800b6e8       0xd4 Drivers/STM32F4xx_HAL_Driver/Src/stm32f4xx_hal_tim.o
 .text.TIM_OC4_SetConfig
                0x000000000800b7bc       0xa0 Drivers/STM32F4xx_HAL_Driver/Src/stm32f4xx_hal_tim.o
 .text.TIM_TI1_ConfigInputStage
                0x000000000800b85c       0x5e Drivers/STM32F4xx_HAL_Driver/Src/stm32f4xx_hal_tim.o
 .text.TIM_TI2_ConfigInputStage
                0x000000000800b8ba       0x60 Drivers/STM32F4xx_HAL_Driver/Src/stm32f4xx_hal_tim.o
 .text.TIM_ITRx_SetConfig
                0x000000000800b91a       0x36 Drivers/STM32F4xx_HAL_Driver/Src/stm32f4xx_hal_tim.o
 .text.TIM_ETR_SetConfig
                0x000000000800b950       0x40 Drivers/STM32F4xx_HAL_Driver/Src/stm32f4xx_hal_tim.o
                0x000000000800b950                TIM_ETR_SetConfig
 .text.TIM_CCxChannelCmd
                0x000000000800b990       0x4a Drivers/STM32F4xx_HAL_Driver/Src/stm32f4xx_hal_tim.o
                0x000000000800b990                TIM_CCxChannelCmd
 *fill*         0x000000000800b9da        0x2 
 .text.HAL_TIMEx_MasterConfigSynchronization
                0x000000000800b9dc       0xdc Drivers/STM32F4xx_HAL_Driver/Src/stm32f4xx_hal_tim_ex.o
                0x000000000800b9dc                HAL_TIMEx_MasterConfigSynchronization
 .text.HAL_TIMEx_ConfigBreakDeadTime
                0x000000000800bab8       0xa4 Drivers/STM32F4xx_HAL_Driver/Src/stm32f4xx_hal_tim_ex.o
                0x000000000800bab8                HAL_TIMEx_ConfigBreakDeadTime
 .text.HAL_TIMEx_CommutCallback
                0x000000000800bb5c       0x14 Drivers/STM32F4xx_HAL_Driver/Src/stm32f4xx_hal_tim_ex.o
                0x000000000800bb5c                HAL_TIMEx_CommutCallback
 .text.HAL_TIMEx_BreakCallback
                0x000000000800bb70       0x14 Drivers/STM32F4xx_HAL_Driver/Src/stm32f4xx_hal_tim_ex.o
                0x000000000800bb70                HAL_TIMEx_BreakCallback
 .text.HAL_UART_Init
                0x000000000800bb84       0x9a Drivers/STM32F4xx_HAL_Driver/Src/stm32f4xx_hal_uart.o
                0x000000000800bb84                HAL_UART_Init
 .text.HAL_UART_Transmit
                0x000000000800bc1e      0x132 Drivers/STM32F4xx_HAL_Driver/Src/stm32f4xx_hal_uart.o
                0x000000000800bc1e                HAL_UART_Transmit
 .text.HAL_UART_Receive_IT
                0x000000000800bd50       0xaa Drivers/STM32F4xx_HAL_Driver/Src/stm32f4xx_hal_uart.o
                0x000000000800bd50                HAL_UART_Receive_IT
 *fill*         0x000000000800bdfa        0x2 
 .text.HAL_UART_IRQHandler
                0x000000000800bdfc      0x200 Drivers/STM32F4xx_HAL_Driver/Src/stm32f4xx_hal_uart.o
                0x000000000800bdfc                HAL_UART_IRQHandler
 .text.UART_WaitOnFlagUntilTimeout
                0x000000000800bffc       0x94 Drivers/STM32F4xx_HAL_Driver/Src/stm32f4xx_hal_uart.o
 .text.UART_EndRxTransfer
                0x000000000800c090       0x3c Drivers/STM32F4xx_HAL_Driver/Src/stm32f4xx_hal_uart.o
 .text.UART_DMAAbortOnError
                0x000000000800c0cc       0x28 Drivers/STM32F4xx_HAL_Driver/Src/stm32f4xx_hal_uart.o
 .text.UART_Transmit_IT
                0x000000000800c0f4       0xac Drivers/STM32F4xx_HAL_Driver/Src/stm32f4xx_hal_uart.o
 .text.UART_EndTransmit_IT
                0x000000000800c1a0       0x30 Drivers/STM32F4xx_HAL_Driver/Src/stm32f4xx_hal_uart.o
 .text.UART_Receive_IT
                0x000000000800c1d0      0x102 Drivers/STM32F4xx_HAL_Driver/Src/stm32f4xx_hal_uart.o
 *fill*         0x000000000800c2d2        0x2 
 .text.UART_SetConfig
                0x000000000800c2d4      0x6f8 Drivers/STM32F4xx_HAL_Driver/Src/stm32f4xx_hal_uart.o
 .text.__errno  0x000000000800c9cc        0xc c:/st/stm32cubeide_1.4.0/stm32cubeide/plugins/com.st.stm32cube.ide.mcu.externaltools.gnu-tools-for-stm32.7-2018-q2-update.win32_1.4.0.202007081208/tools/bin/../lib/gcc/arm-none-eabi/7.3.1/../../../../arm-none-eabi/lib/thumb/v7e-m/fpv4-sp/hard\libc_nano.a(lib_a-errno.o)
                0x000000000800c9cc                __errno
 .text.__sflush_r
                0x000000000800c9d8      0x10c c:/st/stm32cubeide_1.4.0/stm32cubeide/plugins/com.st.stm32cube.ide.mcu.externaltools.gnu-tools-for-stm32.7-2018-q2-update.win32_1.4.0.202007081208/tools/bin/../lib/gcc/arm-none-eabi/7.3.1/../../../../arm-none-eabi/lib/thumb/v7e-m/fpv4-sp/hard\libc_nano.a(lib_a-fflush.o)
                0x000000000800c9d8                __sflush_r
 .text._fflush_r
                0x000000000800cae4       0x54 c:/st/stm32cubeide_1.4.0/stm32cubeide/plugins/com.st.stm32cube.ide.mcu.externaltools.gnu-tools-for-stm32.7-2018-q2-update.win32_1.4.0.202007081208/tools/bin/../lib/gcc/arm-none-eabi/7.3.1/../../../../arm-none-eabi/lib/thumb/v7e-m/fpv4-sp/hard\libc_nano.a(lib_a-fflush.o)
                0x000000000800cae4                _fflush_r
 .text.std      0x000000000800cb38       0x48 c:/st/stm32cubeide_1.4.0/stm32cubeide/plugins/com.st.stm32cube.ide.mcu.externaltools.gnu-tools-for-stm32.7-2018-q2-update.win32_1.4.0.202007081208/tools/bin/../lib/gcc/arm-none-eabi/7.3.1/../../../../arm-none-eabi/lib/thumb/v7e-m/fpv4-sp/hard\libc_nano.a(lib_a-findfp.o)
 .text._cleanup_r
                0x000000000800cb80        0xc c:/st/stm32cubeide_1.4.0/stm32cubeide/plugins/com.st.stm32cube.ide.mcu.externaltools.gnu-tools-for-stm32.7-2018-q2-update.win32_1.4.0.202007081208/tools/bin/../lib/gcc/arm-none-eabi/7.3.1/../../../../arm-none-eabi/lib/thumb/v7e-m/fpv4-sp/hard\libc_nano.a(lib_a-findfp.o)
                0x000000000800cb80                _cleanup_r
 .text.__sfmoreglue
                0x000000000800cb8c       0x2c c:/st/stm32cubeide_1.4.0/stm32cubeide/plugins/com.st.stm32cube.ide.mcu.externaltools.gnu-tools-for-stm32.7-2018-q2-update.win32_1.4.0.202007081208/tools/bin/../lib/gcc/arm-none-eabi/7.3.1/../../../../arm-none-eabi/lib/thumb/v7e-m/fpv4-sp/hard\libc_nano.a(lib_a-findfp.o)
                0x000000000800cb8c                __sfmoreglue
 .text.__sinit  0x000000000800cbb8       0x60 c:/st/stm32cubeide_1.4.0/stm32cubeide/plugins/com.st.stm32cube.ide.mcu.externaltools.gnu-tools-for-stm32.7-2018-q2-update.win32_1.4.0.202007081208/tools/bin/../lib/gcc/arm-none-eabi/7.3.1/../../../../arm-none-eabi/lib/thumb/v7e-m/fpv4-sp/hard\libc_nano.a(lib_a-findfp.o)
                0x000000000800cbb8                __sinit
 .text.__sfp    0x000000000800cc18       0x78 c:/st/stm32cubeide_1.4.0/stm32cubeide/plugins/com.st.stm32cube.ide.mcu.externaltools.gnu-tools-for-stm32.7-2018-q2-update.win32_1.4.0.202007081208/tools/bin/../lib/gcc/arm-none-eabi/7.3.1/../../../../arm-none-eabi/lib/thumb/v7e-m/fpv4-sp/hard\libc_nano.a(lib_a-findfp.o)
                0x000000000800cc18                __sfp
 .text._fwalk_reent
                0x000000000800cc90       0x3c c:/st/stm32cubeide_1.4.0/stm32cubeide/plugins/com.st.stm32cube.ide.mcu.externaltools.gnu-tools-for-stm32.7-2018-q2-update.win32_1.4.0.202007081208/tools/bin/../lib/gcc/arm-none-eabi/7.3.1/../../../../arm-none-eabi/lib/thumb/v7e-m/fpv4-sp/hard\libc_nano.a(lib_a-fwalk.o)
                0x000000000800cc90                _fwalk_reent
 .text.__libc_init_array
                0x000000000800cccc       0x48 c:/st/stm32cubeide_1.4.0/stm32cubeide/plugins/com.st.stm32cube.ide.mcu.externaltools.gnu-tools-for-stm32.7-2018-q2-update.win32_1.4.0.202007081208/tools/bin/../lib/gcc/arm-none-eabi/7.3.1/../../../../arm-none-eabi/lib/thumb/v7e-m/fpv4-sp/hard\libc_nano.a(lib_a-init.o)
                0x000000000800cccc                __libc_init_array
 .text.__swhatbuf_r
                0x000000000800cd14       0x48 c:/st/stm32cubeide_1.4.0/stm32cubeide/plugins/com.st.stm32cube.ide.mcu.externaltools.gnu-tools-for-stm32.7-2018-q2-update.win32_1.4.0.202007081208/tools/bin/../lib/gcc/arm-none-eabi/7.3.1/../../../../arm-none-eabi/lib/thumb/v7e-m/fpv4-sp/hard\libc_nano.a(lib_a-makebuf.o)
                0x000000000800cd14                __swhatbuf_r
 .text.__smakebuf_r
                0x000000000800cd5c       0x80 c:/st/stm32cubeide_1.4.0/stm32cubeide/plugins/com.st.stm32cube.ide.mcu.externaltools.gnu-tools-for-stm32.7-2018-q2-update.win32_1.4.0.202007081208/tools/bin/../lib/gcc/arm-none-eabi/7.3.1/../../../../arm-none-eabi/lib/thumb/v7e-m/fpv4-sp/hard\libc_nano.a(lib_a-makebuf.o)
                0x000000000800cd5c                __smakebuf_r
 .text.memcpy   0x000000000800cddc       0x16 c:/st/stm32cubeide_1.4.0/stm32cubeide/plugins/com.st.stm32cube.ide.mcu.externaltools.gnu-tools-for-stm32.7-2018-q2-update.win32_1.4.0.202007081208/tools/bin/../lib/gcc/arm-none-eabi/7.3.1/../../../../arm-none-eabi/lib/thumb/v7e-m/fpv4-sp/hard\libc_nano.a(lib_a-memcpy-stub.o)
                0x000000000800cddc                memcpy
 .text.memset   0x000000000800cdf2       0x10 c:/st/stm32cubeide_1.4.0/stm32cubeide/plugins/com.st.stm32cube.ide.mcu.externaltools.gnu-tools-for-stm32.7-2018-q2-update.win32_1.4.0.202007081208/tools/bin/../lib/gcc/arm-none-eabi/7.3.1/../../../../arm-none-eabi/lib/thumb/v7e-m/fpv4-sp/hard\libc_nano.a(lib_a-memset.o)
                0x000000000800cdf2                memset
 *fill*         0x000000000800ce02        0x2 
 .text._free_r  0x000000000800ce04       0x9c c:/st/stm32cubeide_1.4.0/stm32cubeide/plugins/com.st.stm32cube.ide.mcu.externaltools.gnu-tools-for-stm32.7-2018-q2-update.win32_1.4.0.202007081208/tools/bin/../lib/gcc/arm-none-eabi/7.3.1/../../../../arm-none-eabi/lib/thumb/v7e-m/fpv4-sp/hard\libc_nano.a(lib_a-nano-freer.o)
                0x000000000800ce04                _free_r
 .text._malloc_r
                0x000000000800cea0       0xb4 c:/st/stm32cubeide_1.4.0/stm32cubeide/plugins/com.st.stm32cube.ide.mcu.externaltools.gnu-tools-for-stm32.7-2018-q2-update.win32_1.4.0.202007081208/tools/bin/../lib/gcc/arm-none-eabi/7.3.1/../../../../arm-none-eabi/lib/thumb/v7e-m/fpv4-sp/hard\libc_nano.a(lib_a-nano-mallocr.o)
                0x000000000800cea0                _malloc_r
 .text.__sfputc_r
                0x000000000800cf54       0x2e c:/st/stm32cubeide_1.4.0/stm32cubeide/plugins/com.st.stm32cube.ide.mcu.externaltools.gnu-tools-for-stm32.7-2018-q2-update.win32_1.4.0.202007081208/tools/bin/../lib/gcc/arm-none-eabi/7.3.1/../../../../arm-none-eabi/lib/thumb/v7e-m/fpv4-sp/hard\libc_nano.a(lib_a-nano-vfprintf.o)
 .text.__sfputs_r
                0x000000000800cf82       0x24 c:/st/stm32cubeide_1.4.0/stm32cubeide/plugins/com.st.stm32cube.ide.mcu.externaltools.gnu-tools-for-stm32.7-2018-q2-update.win32_1.4.0.202007081208/tools/bin/../lib/gcc/arm-none-eabi/7.3.1/../../../../arm-none-eabi/lib/thumb/v7e-m/fpv4-sp/hard\libc_nano.a(lib_a-nano-vfprintf.o)
                0x000000000800cf82                __sfputs_r
 *fill*         0x000000000800cfa6        0x2 
 .text._vfprintf_r
                0x000000000800cfa8      0x22c c:/st/stm32cubeide_1.4.0/stm32cubeide/plugins/com.st.stm32cube.ide.mcu.externaltools.gnu-tools-for-stm32.7-2018-q2-update.win32_1.4.0.202007081208/tools/bin/../lib/gcc/arm-none-eabi/7.3.1/../../../../arm-none-eabi/lib/thumb/v7e-m/fpv4-sp/hard\libc_nano.a(lib_a-nano-vfprintf.o)
                0x000000000800cfa8                _vfprintf_r
                0x000000000800cfa8                _vfiprintf_r
 .text._printf_common
                0x000000000800d1d4       0xea c:/st/stm32cubeide_1.4.0/stm32cubeide/plugins/com.st.stm32cube.ide.mcu.externaltools.gnu-tools-for-stm32.7-2018-q2-update.win32_1.4.0.202007081208/tools/bin/../lib/gcc/arm-none-eabi/7.3.1/../../../../arm-none-eabi/lib/thumb/v7e-m/fpv4-sp/hard\libc_nano.a(lib_a-nano-vfprintf_i.o)
                0x000000000800d1d4                _printf_common
 *fill*         0x000000000800d2be        0x2 
 .text._printf_i
                0x000000000800d2c0      0x224 c:/st/stm32cubeide_1.4.0/stm32cubeide/plugins/com.st.stm32cube.ide.mcu.externaltools.gnu-tools-for-stm32.7-2018-q2-update.win32_1.4.0.202007081208/tools/bin/../lib/gcc/arm-none-eabi/7.3.1/../../../../arm-none-eabi/lib/thumb/v7e-m/fpv4-sp/hard\libc_nano.a(lib_a-nano-vfprintf_i.o)
                0x000000000800d2c0                _printf_i
 .text.printf   0x000000000800d4e4       0x30 c:/st/stm32cubeide_1.4.0/stm32cubeide/plugins/com.st.stm32cube.ide.mcu.externaltools.gnu-tools-for-stm32.7-2018-q2-update.win32_1.4.0.202007081208/tools/bin/../lib/gcc/arm-none-eabi/7.3.1/../../../../arm-none-eabi/lib/thumb/v7e-m/fpv4-sp/hard\libc_nano.a(lib_a-printf.o)
                0x000000000800d4e4                iprintf
                0x000000000800d4e4                printf
 .text._puts_r  0x000000000800d514       0xb8 c:/st/stm32cubeide_1.4.0/stm32cubeide/plugins/com.st.stm32cube.ide.mcu.externaltools.gnu-tools-for-stm32.7-2018-q2-update.win32_1.4.0.202007081208/tools/bin/../lib/gcc/arm-none-eabi/7.3.1/../../../../arm-none-eabi/lib/thumb/v7e-m/fpv4-sp/hard\libc_nano.a(lib_a-puts.o)
                0x000000000800d514                _puts_r
 .text.puts     0x000000000800d5cc       0x10 c:/st/stm32cubeide_1.4.0/stm32cubeide/plugins/com.st.stm32cube.ide.mcu.externaltools.gnu-tools-for-stm32.7-2018-q2-update.win32_1.4.0.202007081208/tools/bin/../lib/gcc/arm-none-eabi/7.3.1/../../../../arm-none-eabi/lib/thumb/v7e-m/fpv4-sp/hard\libc_nano.a(lib_a-puts.o)
                0x000000000800d5cc                puts
 .text._sbrk_r  0x000000000800d5dc       0x20 c:/st/stm32cubeide_1.4.0/stm32cubeide/plugins/com.st.stm32cube.ide.mcu.externaltools.gnu-tools-for-stm32.7-2018-q2-update.win32_1.4.0.202007081208/tools/bin/../lib/gcc/arm-none-eabi/7.3.1/../../../../arm-none-eabi/lib/thumb/v7e-m/fpv4-sp/hard\libc_nano.a(lib_a-sbrkr.o)
                0x000000000800d5dc                _sbrk_r
 .text.__sread  0x000000000800d5fc       0x22 c:/st/stm32cubeide_1.4.0/stm32cubeide/plugins/com.st.stm32cube.ide.mcu.externaltools.gnu-tools-for-stm32.7-2018-q2-update.win32_1.4.0.202007081208/tools/bin/../lib/gcc/arm-none-eabi/7.3.1/../../../../arm-none-eabi/lib/thumb/v7e-m/fpv4-sp/hard\libc_nano.a(lib_a-stdio.o)
                0x000000000800d5fc                __sread
 .text.__swrite
                0x000000000800d61e       0x38 c:/st/stm32cubeide_1.4.0/stm32cubeide/plugins/com.st.stm32cube.ide.mcu.externaltools.gnu-tools-for-stm32.7-2018-q2-update.win32_1.4.0.202007081208/tools/bin/../lib/gcc/arm-none-eabi/7.3.1/../../../../arm-none-eabi/lib/thumb/v7e-m/fpv4-sp/hard\libc_nano.a(lib_a-stdio.o)
                0x000000000800d61e                __swrite
 .text.__sseek  0x000000000800d656       0x24 c:/st/stm32cubeide_1.4.0/stm32cubeide/plugins/com.st.stm32cube.ide.mcu.externaltools.gnu-tools-for-stm32.7-2018-q2-update.win32_1.4.0.202007081208/tools/bin/../lib/gcc/arm-none-eabi/7.3.1/../../../../arm-none-eabi/lib/thumb/v7e-m/fpv4-sp/hard\libc_nano.a(lib_a-stdio.o)
                0x000000000800d656                __sseek
 .text.__sclose
                0x000000000800d67a        0x8 c:/st/stm32cubeide_1.4.0/stm32cubeide/plugins/com.st.stm32cube.ide.mcu.externaltools.gnu-tools-for-stm32.7-2018-q2-update.win32_1.4.0.202007081208/tools/bin/../lib/gcc/arm-none-eabi/7.3.1/../../../../arm-none-eabi/lib/thumb/v7e-m/fpv4-sp/hard\libc_nano.a(lib_a-stdio.o)
                0x000000000800d67a                __sclose
 .text.strcpy   0x000000000800d682       0x10 c:/st/stm32cubeide_1.4.0/stm32cubeide/plugins/com.st.stm32cube.ide.mcu.externaltools.gnu-tools-for-stm32.7-2018-q2-update.win32_1.4.0.202007081208/tools/bin/../lib/gcc/arm-none-eabi/7.3.1/../../../../arm-none-eabi/lib/thumb/v7e-m/fpv4-sp/hard\libc_nano.a(lib_a-strcpy.o)
                0x000000000800d682                strcpy
 *fill*         0x000000000800d692        0x2 
 .text.__swbuf_r
                0x000000000800d694       0xa4 c:/st/stm32cubeide_1.4.0/stm32cubeide/plugins/com.st.stm32cube.ide.mcu.externaltools.gnu-tools-for-stm32.7-2018-q2-update.win32_1.4.0.202007081208/tools/bin/../lib/gcc/arm-none-eabi/7.3.1/../../../../arm-none-eabi/lib/thumb/v7e-m/fpv4-sp/hard\libc_nano.a(lib_a-wbuf.o)
                0x000000000800d694                __swbuf_r
 .text._write_r
                0x000000000800d738       0x24 c:/st/stm32cubeide_1.4.0/stm32cubeide/plugins/com.st.stm32cube.ide.mcu.externaltools.gnu-tools-for-stm32.7-2018-q2-update.win32_1.4.0.202007081208/tools/bin/../lib/gcc/arm-none-eabi/7.3.1/../../../../arm-none-eabi/lib/thumb/v7e-m/fpv4-sp/hard\libc_nano.a(lib_a-writer.o)
                0x000000000800d738                _write_r
 .text.__swsetup_r
                0x000000000800d75c       0xdc c:/st/stm32cubeide_1.4.0/stm32cubeide/plugins/com.st.stm32cube.ide.mcu.externaltools.gnu-tools-for-stm32.7-2018-q2-update.win32_1.4.0.202007081208/tools/bin/../lib/gcc/arm-none-eabi/7.3.1/../../../../arm-none-eabi/lib/thumb/v7e-m/fpv4-sp/hard\libc_nano.a(lib_a-wsetup.o)
                0x000000000800d75c                __swsetup_r
 .text._close_r
                0x000000000800d838       0x20 c:/st/stm32cubeide_1.4.0/stm32cubeide/plugins/com.st.stm32cube.ide.mcu.externaltools.gnu-tools-for-stm32.7-2018-q2-update.win32_1.4.0.202007081208/tools/bin/../lib/gcc/arm-none-eabi/7.3.1/../../../../arm-none-eabi/lib/thumb/v7e-m/fpv4-sp/hard\libc_nano.a(lib_a-closer.o)
                0x000000000800d838                _close_r
 .text._fstat_r
                0x000000000800d858       0x24 c:/st/stm32cubeide_1.4.0/stm32cubeide/plugins/com.st.stm32cube.ide.mcu.externaltools.gnu-tools-for-stm32.7-2018-q2-update.win32_1.4.0.202007081208/tools/bin/../lib/gcc/arm-none-eabi/7.3.1/../../../../arm-none-eabi/lib/thumb/v7e-m/fpv4-sp/hard\libc_nano.a(lib_a-fstatr.o)
                0x000000000800d858                _fstat_r
 .text._isatty_r
                0x000000000800d87c       0x20 c:/st/stm32cubeide_1.4.0/stm32cubeide/plugins/com.st.stm32cube.ide.mcu.externaltools.gnu-tools-for-stm32.7-2018-q2-update.win32_1.4.0.202007081208/tools/bin/../lib/gcc/arm-none-eabi/7.3.1/../../../../arm-none-eabi/lib/thumb/v7e-m/fpv4-sp/hard\libc_nano.a(lib_a-isattyr.o)
                0x000000000800d87c                _isatty_r
 .text._lseek_r
                0x000000000800d89c       0x24 c:/st/stm32cubeide_1.4.0/stm32cubeide/plugins/com.st.stm32cube.ide.mcu.externaltools.gnu-tools-for-stm32.7-2018-q2-update.win32_1.4.0.202007081208/tools/bin/../lib/gcc/arm-none-eabi/7.3.1/../../../../arm-none-eabi/lib/thumb/v7e-m/fpv4-sp/hard\libc_nano.a(lib_a-lseekr.o)
                0x000000000800d89c                _lseek_r
 .text.__malloc_lock
                0x000000000800d8c0        0x2 c:/st/stm32cubeide_1.4.0/stm32cubeide/plugins/com.st.stm32cube.ide.mcu.externaltools.gnu-tools-for-stm32.7-2018-q2-update.win32_1.4.0.202007081208/tools/bin/../lib/gcc/arm-none-eabi/7.3.1/../../../../arm-none-eabi/lib/thumb/v7e-m/fpv4-sp/hard\libc_nano.a(lib_a-mlock.o)
                0x000000000800d8c0                __malloc_lock
 .text.__malloc_unlock
                0x000000000800d8c2        0x2 c:/st/stm32cubeide_1.4.0/stm32cubeide/plugins/com.st.stm32cube.ide.mcu.externaltools.gnu-tools-for-stm32.7-2018-q2-update.win32_1.4.0.202007081208/tools/bin/../lib/gcc/arm-none-eabi/7.3.1/../../../../arm-none-eabi/lib/thumb/v7e-m/fpv4-sp/hard\libc_nano.a(lib_a-mlock.o)
                0x000000000800d8c2                __malloc_unlock
 .text._read_r  0x000000000800d8c4       0x24 c:/st/stm32cubeide_1.4.0/stm32cubeide/plugins/com.st.stm32cube.ide.mcu.externaltools.gnu-tools-for-stm32.7-2018-q2-update.win32_1.4.0.202007081208/tools/bin/../lib/gcc/arm-none-eabi/7.3.1/../../../../arm-none-eabi/lib/thumb/v7e-m/fpv4-sp/hard\libc_nano.a(lib_a-readr.o)
                0x000000000800d8c4                _read_r
 *(.glue_7)
 .glue_7        0x000000000800d8e8        0x0 linker stubs
 *(.glue_7t)
 .glue_7t       0x000000000800d8e8        0x0 linker stubs
 *(.eh_frame)
 .eh_frame      0x000000000800d8e8        0x0 c:/st/stm32cubeide_1.4.0/stm32cubeide/plugins/com.st.stm32cube.ide.mcu.externaltools.gnu-tools-for-stm32.7-2018-q2-update.win32_1.4.0.202007081208/tools/bin/../lib/gcc/arm-none-eabi/7.3.1/thumb/v7e-m/fpv4-sp/hard/crtbegin.o
 *(.init)
 .init          0x000000000800d8e8        0x4 c:/st/stm32cubeide_1.4.0/stm32cubeide/plugins/com.st.stm32cube.ide.mcu.externaltools.gnu-tools-for-stm32.7-2018-q2-update.win32_1.4.0.202007081208/tools/bin/../lib/gcc/arm-none-eabi/7.3.1/thumb/v7e-m/fpv4-sp/hard/crti.o
                0x000000000800d8e8                _init
 .init          0x000000000800d8ec        0x8 c:/st/stm32cubeide_1.4.0/stm32cubeide/plugins/com.st.stm32cube.ide.mcu.externaltools.gnu-tools-for-stm32.7-2018-q2-update.win32_1.4.0.202007081208/tools/bin/../lib/gcc/arm-none-eabi/7.3.1/thumb/v7e-m/fpv4-sp/hard/crtn.o
 *(.fini)
 .fini          0x000000000800d8f4        0x4 c:/st/stm32cubeide_1.4.0/stm32cubeide/plugins/com.st.stm32cube.ide.mcu.externaltools.gnu-tools-for-stm32.7-2018-q2-update.win32_1.4.0.202007081208/tools/bin/../lib/gcc/arm-none-eabi/7.3.1/thumb/v7e-m/fpv4-sp/hard/crti.o
                0x000000000800d8f4                _fini
 .fini          0x000000000800d8f8        0x8 c:/st/stm32cubeide_1.4.0/stm32cubeide/plugins/com.st.stm32cube.ide.mcu.externaltools.gnu-tools-for-stm32.7-2018-q2-update.win32_1.4.0.202007081208/tools/bin/../lib/gcc/arm-none-eabi/7.3.1/thumb/v7e-m/fpv4-sp/hard/crtn.o
                0x000000000800d900                . = ALIGN (0x4)
                0x000000000800d900                _etext = .

.vfp11_veneer   0x000000000800d900        0x0
 .vfp11_veneer  0x000000000800d900        0x0 linker stubs

.v4_bx          0x000000000800d900        0x0
 .v4_bx         0x000000000800d900        0x0 linker stubs

.iplt           0x000000000800d900        0x0
 .iplt          0x000000000800d900        0x0 c:/st/stm32cubeide_1.4.0/stm32cubeide/plugins/com.st.stm32cube.ide.mcu.externaltools.gnu-tools-for-stm32.7-2018-q2-update.win32_1.4.0.202007081208/tools/bin/../lib/gcc/arm-none-eabi/7.3.1/thumb/v7e-m/fpv4-sp/hard/crtbegin.o

.rodata         0x000000000800d900      0x1b8
                0x000000000800d900                . = ALIGN (0x4)
 *(.rodata)
 .rodata        0x000000000800d900       0xfd Core/Src/main.o
 *(.rodata*)
 *fill*         0x000000000800d9fd        0x3 
 .rodata.AHBPrescTable
                0x000000000800da00       0x10 Core/Src/system_stm32f4xx.o
                0x000000000800da00                AHBPrescTable
 .rodata.APBPrescTable
                0x000000000800da10        0x8 Core/Src/system_stm32f4xx.o
                0x000000000800da10                APBPrescTable
 .rodata.flagBitshiftOffset.8469
                0x000000000800da18        0x8 Drivers/STM32F4xx_HAL_Driver/Src/stm32f4xx_hal_dma.o
 .rodata.__sf_fake_stderr
                0x000000000800da20       0x20 c:/st/stm32cubeide_1.4.0/stm32cubeide/plugins/com.st.stm32cube.ide.mcu.externaltools.gnu-tools-for-stm32.7-2018-q2-update.win32_1.4.0.202007081208/tools/bin/../lib/gcc/arm-none-eabi/7.3.1/../../../../arm-none-eabi/lib/thumb/v7e-m/fpv4-sp/hard\libc_nano.a(lib_a-findfp.o)
                0x000000000800da20                __sf_fake_stderr
 .rodata.__sf_fake_stdin
                0x000000000800da40       0x20 c:/st/stm32cubeide_1.4.0/stm32cubeide/plugins/com.st.stm32cube.ide.mcu.externaltools.gnu-tools-for-stm32.7-2018-q2-update.win32_1.4.0.202007081208/tools/bin/../lib/gcc/arm-none-eabi/7.3.1/../../../../arm-none-eabi/lib/thumb/v7e-m/fpv4-sp/hard\libc_nano.a(lib_a-findfp.o)
                0x000000000800da40                __sf_fake_stdin
 .rodata.__sf_fake_stdout
                0x000000000800da60       0x20 c:/st/stm32cubeide_1.4.0/stm32cubeide/plugins/com.st.stm32cube.ide.mcu.externaltools.gnu-tools-for-stm32.7-2018-q2-update.win32_1.4.0.202007081208/tools/bin/../lib/gcc/arm-none-eabi/7.3.1/../../../../arm-none-eabi/lib/thumb/v7e-m/fpv4-sp/hard\libc_nano.a(lib_a-findfp.o)
                0x000000000800da60                __sf_fake_stdout
 .rodata._global_impure_ptr
                0x000000000800da80        0x4 c:/st/stm32cubeide_1.4.0/stm32cubeide/plugins/com.st.stm32cube.ide.mcu.externaltools.gnu-tools-for-stm32.7-2018-q2-update.win32_1.4.0.202007081208/tools/bin/../lib/gcc/arm-none-eabi/7.3.1/../../../../arm-none-eabi/lib/thumb/v7e-m/fpv4-sp/hard\libc_nano.a(lib_a-impure.o)
                0x000000000800da80                _global_impure_ptr
 .rodata._vfprintf_r.str1.1
                0x000000000800da84       0x11 c:/st/stm32cubeide_1.4.0/stm32cubeide/plugins/com.st.stm32cube.ide.mcu.externaltools.gnu-tools-for-stm32.7-2018-q2-update.win32_1.4.0.202007081208/tools/bin/../lib/gcc/arm-none-eabi/7.3.1/../../../../arm-none-eabi/lib/thumb/v7e-m/fpv4-sp/hard\libc_nano.a(lib_a-nano-vfprintf.o)
 .rodata._printf_i.str1.1
                0x000000000800da95       0x22 c:/st/stm32cubeide_1.4.0/stm32cubeide/plugins/com.st.stm32cube.ide.mcu.externaltools.gnu-tools-for-stm32.7-2018-q2-update.win32_1.4.0.202007081208/tools/bin/../lib/gcc/arm-none-eabi/7.3.1/../../../../arm-none-eabi/lib/thumb/v7e-m/fpv4-sp/hard\libc_nano.a(lib_a-nano-vfprintf_i.o)
                0x000000000800dab8                . = ALIGN (0x4)
 *fill*         0x000000000800dab7        0x1 

.ARM.extab      0x000000000800dab8        0x0
                0x000000000800dab8                . = ALIGN (0x4)
 *(.ARM.extab* .gnu.linkonce.armextab.*)
                0x000000000800dab8                . = ALIGN (0x4)

.ARM            0x000000000800dab8        0x8
                0x000000000800dab8                . = ALIGN (0x4)
                0x000000000800dab8                __exidx_start = .
 *(.ARM.exidx*)
 .ARM.exidx     0x000000000800dab8        0x8 c:/st/stm32cubeide_1.4.0/stm32cubeide/plugins/com.st.stm32cube.ide.mcu.externaltools.gnu-tools-for-stm32.7-2018-q2-update.win32_1.4.0.202007081208/tools/bin/../lib/gcc/arm-none-eabi/7.3.1/thumb/v7e-m/fpv4-sp/hard\libgcc.a(_udivmoddi4.o)
                0x000000000800dac0                __exidx_end = .
                0x000000000800dac0                . = ALIGN (0x4)

.rel.dyn        0x000000000800dac0        0x0
 .rel.iplt      0x000000000800dac0        0x0 c:/st/stm32cubeide_1.4.0/stm32cubeide/plugins/com.st.stm32cube.ide.mcu.externaltools.gnu-tools-for-stm32.7-2018-q2-update.win32_1.4.0.202007081208/tools/bin/../lib/gcc/arm-none-eabi/7.3.1/thumb/v7e-m/fpv4-sp/hard/crtbegin.o

.preinit_array  0x000000000800dac0        0x0
                0x000000000800dac0                . = ALIGN (0x4)
                0x000000000800dac0                PROVIDE (__preinit_array_start = .)
 *(.preinit_array*)
                0x000000000800dac0                PROVIDE (__preinit_array_end = .)
                0x000000000800dac0                . = ALIGN (0x4)

.init_array     0x000000000800dac0        0x4
                0x000000000800dac0                . = ALIGN (0x4)
                0x000000000800dac0                PROVIDE (__init_array_start = .)
 *(SORT_BY_NAME(.init_array.*))
 *(.init_array*)
 .init_array    0x000000000800dac0        0x4 c:/st/stm32cubeide_1.4.0/stm32cubeide/plugins/com.st.stm32cube.ide.mcu.externaltools.gnu-tools-for-stm32.7-2018-q2-update.win32_1.4.0.202007081208/tools/bin/../lib/gcc/arm-none-eabi/7.3.1/thumb/v7e-m/fpv4-sp/hard/crtbegin.o
                0x000000000800dac4                PROVIDE (__init_array_end = .)
                0x000000000800dac4                . = ALIGN (0x4)

.fini_array     0x000000000800dac4        0x4
                0x000000000800dac4                . = ALIGN (0x4)
                [!provide]                        PROVIDE (__fini_array_start = .)
 *(SORT_BY_NAME(.fini_array.*))
 *(.fini_array*)
 .fini_array    0x000000000800dac4        0x4 c:/st/stm32cubeide_1.4.0/stm32cubeide/plugins/com.st.stm32cube.ide.mcu.externaltools.gnu-tools-for-stm32.7-2018-q2-update.win32_1.4.0.202007081208/tools/bin/../lib/gcc/arm-none-eabi/7.3.1/thumb/v7e-m/fpv4-sp/hard/crtbegin.o
                [!provide]                        PROVIDE (__fini_array_end = .)
                0x000000000800dac8                . = ALIGN (0x4)
                0x000000000800dac8                _sidata = LOADADDR (.data)

.data           0x0000000020000000      0x32c load address 0x000000000800dac8
                0x0000000020000000                . = ALIGN (0x4)
                0x0000000020000000                _sdata = .
 *(.data)
 *(.data*)
 .data.SystemCoreClock
                0x0000000020000000        0x4 Core/Src/system_stm32f4xx.o
                0x0000000020000000                SystemCoreClock
 .data.InterruptThresholdSettings
                0x0000000020000004      0x1b6 Core/Src/vl53l0x_api.o
                0x0000000020000004                InterruptThresholdSettings
 *fill*         0x00000000200001ba        0x2 
 .data.DefaultTuningSettings
                0x00000000200001bc       0xf3 Core/Src/vl53l0x_api.o
                0x00000000200001bc                DefaultTuningSettings
 *fill*         0x00000000200002af        0x1 
 .data.refArrayQuadrants
                0x00000000200002b0       0x10 Core/Src/vl53l0x_api_calibration.o
                0x00000000200002b0                refArrayQuadrants
 .data.uwTickPrio
                0x00000000200002c0        0x4 Drivers/STM32F4xx_HAL_Driver/Src/stm32f4xx_hal.o
                0x00000000200002c0                uwTickPrio
 .data.uwTickFreq
                0x00000000200002c4        0x1 Drivers/STM32F4xx_HAL_Driver/Src/stm32f4xx_hal.o
                0x00000000200002c4                uwTickFreq
 *fill*         0x00000000200002c5        0x3 
 .data._impure_ptr
                0x00000000200002c8        0x4 c:/st/stm32cubeide_1.4.0/stm32cubeide/plugins/com.st.stm32cube.ide.mcu.externaltools.gnu-tools-for-stm32.7-2018-q2-update.win32_1.4.0.202007081208/tools/bin/../lib/gcc/arm-none-eabi/7.3.1/../../../../arm-none-eabi/lib/thumb/v7e-m/fpv4-sp/hard\libc_nano.a(lib_a-impure.o)
                0x00000000200002c8                _impure_ptr
 .data.impure_data
                0x00000000200002cc       0x60 c:/st/stm32cubeide_1.4.0/stm32cubeide/plugins/com.st.stm32cube.ide.mcu.externaltools.gnu-tools-for-stm32.7-2018-q2-update.win32_1.4.0.202007081208/tools/bin/../lib/gcc/arm-none-eabi/7.3.1/../../../../arm-none-eabi/lib/thumb/v7e-m/fpv4-sp/hard\libc_nano.a(lib_a-impure.o)
                0x000000002000032c                . = ALIGN (0x4)
                0x000000002000032c                _edata = .

.igot.plt       0x000000002000032c        0x0 load address 0x000000000800ddf4
 .igot.plt      0x000000002000032c        0x0 c:/st/stm32cubeide_1.4.0/stm32cubeide/plugins/com.st.stm32cube.ide.mcu.externaltools.gnu-tools-for-stm32.7-2018-q2-update.win32_1.4.0.202007081208/tools/bin/../lib/gcc/arm-none-eabi/7.3.1/thumb/v7e-m/fpv4-sp/hard/crtbegin.o
                0x000000002000032c                . = ALIGN (0x4)

.bss            0x000000002000032c      0x920 load address 0x000000000800ddf4
                0x000000002000032c                _sbss = .
                0x000000002000032c                __bss_start__ = _sbss
 *(.bss)
 .bss           0x000000002000032c       0x1c c:/st/stm32cubeide_1.4.0/stm32cubeide/plugins/com.st.stm32cube.ide.mcu.externaltools.gnu-tools-for-stm32.7-2018-q2-update.win32_1.4.0.202007081208/tools/bin/../lib/gcc/arm-none-eabi/7.3.1/thumb/v7e-m/fpv4-sp/hard/crtbegin.o
 *(.bss*)
 .bss.VL_Data_Ready
                0x0000000020000348        0x3 Core/Src/VL53L0X.o
                0x0000000020000348                VL_Data_Ready
 *fill*         0x000000002000034b        0x1 
 .bss.pwm_value
                0x000000002000034c        0x4 Core/Src/main.o
                0x000000002000034c                pwm_value
 .bss.transmission_request
                0x0000000020000350        0x4 Core/Src/main.o
                0x0000000020000350                transmission_request
 .bss.direction
                0x0000000020000354        0x1 Core/Src/main.o
                0x0000000020000354                direction
 .bss.rx_flag   0x0000000020000355        0x1 Core/Src/main.o
                0x0000000020000355                rx_flag
 .bss.vl_flag   0x0000000020000356        0x1 Core/Src/main.o
                0x0000000020000356                vl_flag
 .bss.timer_flag
                0x0000000020000357        0x1 Core/Src/main.o
                0x0000000020000357                timer_flag
 .bss.adc_flag  0x0000000020000358        0x1 Core/Src/main.o
                0x0000000020000358                adc_flag
 *fill*         0x0000000020000359        0x1 
 .bss.speed_mm  0x000000002000035a        0x2 Core/Src/main.o
                0x000000002000035a                speed_mm
 .bss.option    0x000000002000035c        0x1 Core/Src/main.o
                0x000000002000035c                option
 .bss.initialization_encoders
                0x000000002000035d        0x1 Core/Src/main.o
                0x000000002000035d                initialization_encoders
 *fill*         0x000000002000035e        0x2 
 .bss.direction_set
                0x0000000020000360        0x2 Core/Src/main.o
                0x0000000020000360                direction_set
 .bss.kp        0x0000000020000362        0x2 Core/Src/main.o
                0x0000000020000362                kp
 .bss.ki        0x0000000020000364        0x2 Core/Src/main.o
                0x0000000020000364                ki
 .bss.kd        0x0000000020000366        0x2 Core/Src/main.o
                0x0000000020000366                kd
 .bss.__sbrk_heap_end
                0x0000000020000368        0x4 Core/Src/sysmem.o
 .bss.__malloc_free_list
                0x000000002000036c        0x4 c:/st/stm32cubeide_1.4.0/stm32cubeide/plugins/com.st.stm32cube.ide.mcu.externaltools.gnu-tools-for-stm32.7-2018-q2-update.win32_1.4.0.202007081208/tools/bin/../lib/gcc/arm-none-eabi/7.3.1/../../../../arm-none-eabi/lib/thumb/v7e-m/fpv4-sp/hard\libc_nano.a(lib_a-nano-mallocr.o)
                0x000000002000036c                __malloc_free_list
 .bss.__malloc_sbrk_start
                0x0000000020000370        0x4 c:/st/stm32cubeide_1.4.0/stm32cubeide/plugins/com.st.stm32cube.ide.mcu.externaltools.gnu-tools-for-stm32.7-2018-q2-update.win32_1.4.0.202007081208/tools/bin/../lib/gcc/arm-none-eabi/7.3.1/../../../../arm-none-eabi/lib/thumb/v7e-m/fpv4-sp/hard\libc_nano.a(lib_a-nano-mallocr.o)
                0x0000000020000370                __malloc_sbrk_start
 *(COMMON)
 COMMON         0x0000000020000374      0x474 Core/Src/VL53L0X.o
                0x0000000020000374                VL_List
                0x000000002000038c                VLS
                0x00000000200003a0                devs
                0x00000000200007e4                vldev
 COMMON         0x00000000200007e8      0x41c Core/Src/main.o
                0x00000000200007e8                adc_measurements
                0x00000000200007f4                hi2c1
                0x0000000020000848                htim10
                0x0000000020000888                bt_settings
                0x0000000020000898                htim3
                0x00000000200008d8                hadc1
                0x0000000020000920                ENC_P
                0x0000000020000928                pomiar
                0x0000000020000950                pid_L
                0x00000000200009a8                huart1
                0x00000000200009e8                htim11
                0x0000000020000a28                hdma_adc1
                0x0000000020000a88                ENC_L
                0x0000000020000a90                bt_data
                0x0000000020000a94                htim1
                0x0000000020000ad4                huart6
                0x0000000020000b14                pid_P
                0x0000000020000b6c                hspi1
                0x0000000020000bc4                htim2
 COMMON         0x0000000020000c04       0x40 Core/Src/vl53l0x_i2c_platform.o
                0x0000000020000c04                _i2c_buffer
 COMMON         0x0000000020000c44        0x4 Drivers/STM32F4xx_HAL_Driver/Src/stm32f4xx_hal.o
                0x0000000020000c44                uwTick
 COMMON         0x0000000020000c48        0x4 c:/st/stm32cubeide_1.4.0/stm32cubeide/plugins/com.st.stm32cube.ide.mcu.externaltools.gnu-tools-for-stm32.7-2018-q2-update.win32_1.4.0.202007081208/tools/bin/../lib/gcc/arm-none-eabi/7.3.1/../../../../arm-none-eabi/lib/thumb/v7e-m/fpv4-sp/hard\libc_nano.a(lib_a-reent.o)
                0x0000000020000c48                errno
                0x0000000020000c4c                . = ALIGN (0x4)
                0x0000000020000c4c                _ebss = .
                0x0000000020000c4c                __bss_end__ = _ebss

._user_heap_stack
                0x0000000020000c4c      0x604 load address 0x000000000800ddf4
                0x0000000020000c50                . = ALIGN (0x8)
 *fill*         0x0000000020000c4c        0x4 
                [!provide]                        PROVIDE (end = .)
                0x0000000020000c50                PROVIDE (_end = .)
                0x0000000020000e50                . = (. + _Min_Heap_Size)
 *fill*         0x0000000020000c50      0x200 
                0x0000000020001250                . = (. + _Min_Stack_Size)
 *fill*         0x0000000020000e50      0x400 
                0x0000000020001250                . = ALIGN (0x8)

/DISCARD/
 libc.a(*)
 libm.a(*)
 libgcc.a(*)

.ARM.attributes
                0x0000000000000000       0x30
 *(.ARM.attributes)
 .ARM.attributes
                0x0000000000000000       0x22 c:/st/stm32cubeide_1.4.0/stm32cubeide/plugins/com.st.stm32cube.ide.mcu.externaltools.gnu-tools-for-stm32.7-2018-q2-update.win32_1.4.0.202007081208/tools/bin/../lib/gcc/arm-none-eabi/7.3.1/thumb/v7e-m/fpv4-sp/hard/crti.o
 .ARM.attributes
                0x0000000000000022       0x34 c:/st/stm32cubeide_1.4.0/stm32cubeide/plugins/com.st.stm32cube.ide.mcu.externaltools.gnu-tools-for-stm32.7-2018-q2-update.win32_1.4.0.202007081208/tools/bin/../lib/gcc/arm-none-eabi/7.3.1/thumb/v7e-m/fpv4-sp/hard/crtbegin.o
 .ARM.attributes
                0x0000000000000056       0x39 Core/Src/VL53L0X.o
 .ARM.attributes
                0x000000000000008f       0x39 Core/Src/main.o
 .ARM.attributes
                0x00000000000000c8       0x39 Core/Src/pid.o
 .ARM.attributes
                0x0000000000000101       0x39 Core/Src/stm32f4xx_hal_msp.o
 .ARM.attributes
                0x000000000000013a       0x39 Core/Src/stm32f4xx_it.o
 .ARM.attributes
                0x0000000000000173       0x39 Core/Src/syscalls.o
 .ARM.attributes
                0x00000000000001ac       0x39 Core/Src/sysmem.o
 .ARM.attributes
                0x00000000000001e5       0x39 Core/Src/system_stm32f4xx.o
 .ARM.attributes
                0x000000000000021e       0x39 Core/Src/vl53l0x_api.o
 .ARM.attributes
                0x0000000000000257       0x39 Core/Src/vl53l0x_api_calibration.o
 .ARM.attributes
                0x0000000000000290       0x39 Core/Src/vl53l0x_api_core.o
 .ARM.attributes
                0x00000000000002c9       0x39 Core/Src/vl53l0x_i2c_platform.o
 .ARM.attributes
                0x0000000000000302       0x39 Core/Src/vl53l0x_platform.o
 .ARM.attributes
                0x000000000000033b       0x39 Core/Src/vl_api_config.o
 .ARM.attributes
                0x0000000000000374       0x39 Core/Src/vl_stm32_api.o
 .ARM.attributes
                0x00000000000003ad       0x21 Core/Startup/startup_stm32f411retx.o
 .ARM.attributes
                0x00000000000003ce       0x39 Drivers/STM32F4xx_HAL_Driver/Src/stm32f4xx_hal.o
 .ARM.attributes
                0x0000000000000407       0x39 Drivers/STM32F4xx_HAL_Driver/Src/stm32f4xx_hal_adc.o
 .ARM.attributes
                0x0000000000000440       0x39 Drivers/STM32F4xx_HAL_Driver/Src/stm32f4xx_hal_cortex.o
 .ARM.attributes
                0x0000000000000479       0x39 Drivers/STM32F4xx_HAL_Driver/Src/stm32f4xx_hal_dma.o
 .ARM.attributes
                0x00000000000004b2       0x39 Drivers/STM32F4xx_HAL_Driver/Src/stm32f4xx_hal_gpio.o
 .ARM.attributes
                0x00000000000004eb       0x39 Drivers/STM32F4xx_HAL_Driver/Src/stm32f4xx_hal_i2c.o
 .ARM.attributes
                0x0000000000000524       0x39 Drivers/STM32F4xx_HAL_Driver/Src/stm32f4xx_hal_rcc.o
 .ARM.attributes
                0x000000000000055d       0x39 Drivers/STM32F4xx_HAL_Driver/Src/stm32f4xx_hal_spi.o
 .ARM.attributes
                0x0000000000000596       0x39 Drivers/STM32F4xx_HAL_Driver/Src/stm32f4xx_hal_tim.o
 .ARM.attributes
                0x00000000000005cf       0x39 Drivers/STM32F4xx_HAL_Driver/Src/stm32f4xx_hal_tim_ex.o
 .ARM.attributes
                0x0000000000000608       0x39 Drivers/STM32F4xx_HAL_Driver/Src/stm32f4xx_hal_uart.o
 .ARM.attributes
                0x0000000000000641       0x34 c:/st/stm32cubeide_1.4.0/stm32cubeide/plugins/com.st.stm32cube.ide.mcu.externaltools.gnu-tools-for-stm32.7-2018-q2-update.win32_1.4.0.202007081208/tools/bin/../lib/gcc/arm-none-eabi/7.3.1/../../../../arm-none-eabi/lib/thumb/v7e-m/fpv4-sp/hard\libc_nano.a(lib_a-errno.o)
 .ARM.attributes
                0x0000000000000675       0x34 c:/st/stm32cubeide_1.4.0/stm32cubeide/plugins/com.st.stm32cube.ide.mcu.externaltools.gnu-tools-for-stm32.7-2018-q2-update.win32_1.4.0.202007081208/tools/bin/../lib/gcc/arm-none-eabi/7.3.1/../../../../arm-none-eabi/lib/thumb/v7e-m/fpv4-sp/hard\libc_nano.a(lib_a-fflush.o)
 .ARM.attributes
                0x00000000000006a9       0x34 c:/st/stm32cubeide_1.4.0/stm32cubeide/plugins/com.st.stm32cube.ide.mcu.externaltools.gnu-tools-for-stm32.7-2018-q2-update.win32_1.4.0.202007081208/tools/bin/../lib/gcc/arm-none-eabi/7.3.1/../../../../arm-none-eabi/lib/thumb/v7e-m/fpv4-sp/hard\libc_nano.a(lib_a-findfp.o)
 .ARM.attributes
                0x00000000000006dd       0x34 c:/st/stm32cubeide_1.4.0/stm32cubeide/plugins/com.st.stm32cube.ide.mcu.externaltools.gnu-tools-for-stm32.7-2018-q2-update.win32_1.4.0.202007081208/tools/bin/../lib/gcc/arm-none-eabi/7.3.1/../../../../arm-none-eabi/lib/thumb/v7e-m/fpv4-sp/hard\libc_nano.a(lib_a-fwalk.o)
 .ARM.attributes
                0x0000000000000711       0x34 c:/st/stm32cubeide_1.4.0/stm32cubeide/plugins/com.st.stm32cube.ide.mcu.externaltools.gnu-tools-for-stm32.7-2018-q2-update.win32_1.4.0.202007081208/tools/bin/../lib/gcc/arm-none-eabi/7.3.1/../../../../arm-none-eabi/lib/thumb/v7e-m/fpv4-sp/hard\libc_nano.a(lib_a-impure.o)
 .ARM.attributes
                0x0000000000000745       0x34 c:/st/stm32cubeide_1.4.0/stm32cubeide/plugins/com.st.stm32cube.ide.mcu.externaltools.gnu-tools-for-stm32.7-2018-q2-update.win32_1.4.0.202007081208/tools/bin/../lib/gcc/arm-none-eabi/7.3.1/../../../../arm-none-eabi/lib/thumb/v7e-m/fpv4-sp/hard\libc_nano.a(lib_a-init.o)
 .ARM.attributes