Archive member included to satisfy reference by file (symbol)

d:/stm32cubeide/stm32cubeide_1.5.1/stm32cubeide/plugins/com.st.stm32cube.ide.mcu.externaltools.gnu-tools-for-stm32.7-2018-q2-update.win32_1.5.0.202011040924/tools/bin/../lib/gcc/arm-none-eabi/7.3.1/../../../../arm-none-eabi/lib/thumb/v7e-m/fpv4-sp/hard\libc_nano.a(lib_a-errno.o)
                              Core/Src/syscalls.o (__errno)
d:/stm32cubeide/stm32cubeide_1.5.1/stm32cubeide/plugins/com.st.stm32cube.ide.mcu.externaltools.gnu-tools-for-stm32.7-2018-q2-update.win32_1.5.0.202011040924/tools/bin/../lib/gcc/arm-none-eabi/7.3.1/../../../../arm-none-eabi/lib/thumb/v7e-m/fpv4-sp/hard\libc_nano.a(lib_a-exit.o)
                              d:/stm32cubeide/stm32cubeide_1.5.1/stm32cubeide/plugins/com.st.stm32cube.ide.mcu.externaltools.gnu-tools-for-stm32.7-2018-q2-update.win32_1.5.0.202011040924/tools/bin/../lib/gcc/arm-none-eabi/7.3.1/../../../../arm-none-eabi/lib/thumb/v7e-m/fpv4-sp/hard/crt0.o (exit)
d:/stm32cubeide/stm32cubeide_1.5.1/stm32cubeide/plugins/com.st.stm32cube.ide.mcu.externaltools.gnu-tools-for-stm32.7-2018-q2-update.win32_1.5.0.202011040924/tools/bin/../lib/gcc/arm-none-eabi/7.3.1/../../../../arm-none-eabi/lib/thumb/v7e-m/fpv4-sp/hard\libc_nano.a(lib_a-fclose.o)
                              Core/Src/vl53l0x_platform_log.o (fclose)
d:/stm32cubeide/stm32cubeide_1.5.1/stm32cubeide/plugins/com.st.stm32cube.ide.mcu.externaltools.gnu-tools-for-stm32.7-2018-q2-update.win32_1.5.0.202011040924/tools/bin/../lib/gcc/arm-none-eabi/7.3.1/../../../../arm-none-eabi/lib/thumb/v7e-m/fpv4-sp/hard\libc_nano.a(lib_a-fflush.o)
                              d:/stm32cubeide/stm32cubeide_1.5.1/stm32cubeide/plugins/com.st.stm32cube.ide.mcu.externaltools.gnu-tools-for-stm32.7-2018-q2-update.win32_1.5.0.202011040924/tools/bin/../lib/gcc/arm-none-eabi/7.3.1/../../../../arm-none-eabi/lib/thumb/v7e-m/fpv4-sp/hard\libc_nano.a(lib_a-fclose.o) (__sflush_r)
d:/stm32cubeide/stm32cubeide_1.5.1/stm32cubeide/plugins/com.st.stm32cube.ide.mcu.externaltools.gnu-tools-for-stm32.7-2018-q2-update.win32_1.5.0.202011040924/tools/bin/../lib/gcc/arm-none-eabi/7.3.1/../../../../arm-none-eabi/lib/thumb/v7e-m/fpv4-sp/hard\libc_nano.a(lib_a-findfp.o)
                              d:/stm32cubeide/stm32cubeide_1.5.1/stm32cubeide/plugins/com.st.stm32cube.ide.mcu.externaltools.gnu-tools-for-stm32.7-2018-q2-update.win32_1.5.0.202011040924/tools/bin/../lib/gcc/arm-none-eabi/7.3.1/../../../../arm-none-eabi/lib/thumb/v7e-m/fpv4-sp/hard\libc_nano.a(lib_a-fclose.o) (__sinit)
d:/stm32cubeide/stm32cubeide_1.5.1/stm32cubeide/plugins/com.st.stm32cube.ide.mcu.externaltools.gnu-tools-for-stm32.7-2018-q2-update.win32_1.5.0.202011040924/tools/bin/../lib/gcc/arm-none-eabi/7.3.1/../../../../arm-none-eabi/lib/thumb/v7e-m/fpv4-sp/hard\libc_nano.a(lib_a-fopen.o)
                              Core/Src/vl53l0x_platform_log.o (fopen)
d:/stm32cubeide/stm32cubeide_1.5.1/stm32cubeide/plugins/com.st.stm32cube.ide.mcu.externaltools.gnu-tools-for-stm32.7-2018-q2-update.win32_1.5.0.202011040924/tools/bin/../lib/gcc/arm-none-eabi/7.3.1/../../../../arm-none-eabi/lib/thumb/v7e-m/fpv4-sp/hard\libc_nano.a(lib_a-fprintf.o)
                              Core/Src/vl53l0x_platform_log.o (fprintf)
d:/stm32cubeide/stm32cubeide_1.5.1/stm32cubeide/plugins/com.st.stm32cube.ide.mcu.externaltools.gnu-tools-for-stm32.7-2018-q2-update.win32_1.5.0.202011040924/tools/bin/../lib/gcc/arm-none-eabi/7.3.1/../../../../arm-none-eabi/lib/thumb/v7e-m/fpv4-sp/hard\libc_nano.a(lib_a-fseek.o)
                              d:/stm32cubeide/stm32cubeide_1.5.1/stm32cubeide/plugins/com.st.stm32cube.ide.mcu.externaltools.gnu-tools-for-stm32.7-2018-q2-update.win32_1.5.0.202011040924/tools/bin/../lib/gcc/arm-none-eabi/7.3.1/../../../../arm-none-eabi/lib/thumb/v7e-m/fpv4-sp/hard\libc_nano.a(lib_a-fopen.o) (_fseek_r)
d:/stm32cubeide/stm32cubeide_1.5.1/stm32cubeide/plugins/com.st.stm32cube.ide.mcu.externaltools.gnu-tools-for-stm32.7-2018-q2-update.win32_1.5.0.202011040924/tools/bin/../lib/gcc/arm-none-eabi/7.3.1/../../../../arm-none-eabi/lib/thumb/v7e-m/fpv4-sp/hard\libc_nano.a(lib_a-fseeko.o)
                              d:/stm32cubeide/stm32cubeide_1.5.1/stm32cubeide/plugins/com.st.stm32cube.ide.mcu.externaltools.gnu-tools-for-stm32.7-2018-q2-update.win32_1.5.0.202011040924/tools/bin/../lib/gcc/arm-none-eabi/7.3.1/../../../../arm-none-eabi/lib/thumb/v7e-m/fpv4-sp/hard\libc_nano.a(lib_a-fseek.o) (_fseeko_r)
d:/stm32cubeide/stm32cubeide_1.5.1/stm32cubeide/plugins/com.st.stm32cube.ide.mcu.externaltools.gnu-tools-for-stm32.7-2018-q2-update.win32_1.5.0.202011040924/tools/bin/../lib/gcc/arm-none-eabi/7.3.1/../../../../arm-none-eabi/lib/thumb/v7e-m/fpv4-sp/hard\libc_nano.a(lib_a-fwalk.o)
[...]
Memory Configuration

Name             Origin             Length             Attributes
RAM              0x0000000020000000 0x0000000000020000 xrw
FLASH            0x0000000008000000 0x0000000000080000 xr
*default*        0x0000000000000000 0xffffffffffffffff

Linker script and memory map

LOAD d:/stm32cubeide/stm32cubeide_1.5.1/stm32cubeide/plugins/com.st.stm32cube.ide.mcu.externaltools.gnu-tools-for-stm32.7-2018-q2-update.win32_1.5.0.202011040924/tools/bin/../lib/gcc/arm-none-eabi/7.3.1/thumb/v7e-m/fpv4-sp/hard/crti.o
LOAD d:/stm32cubeide/stm32cubeide_1.5.1/stm32cubeide/plugins/com.st.stm32cube.ide.mcu.externaltools.gnu-tools-for-stm32.7-2018-q2-update.win32_1.5.0.202011040924/tools/bin/../lib/gcc/arm-none-eabi/7.3.1/thumb/v7e-m/fpv4-sp/hard/crtbegin.o
LOAD d:/stm32cubeide/stm32cubeide_1.5.1/stm32cubeide/plugins/com.st.stm32cube.ide.mcu.externaltools.gnu-tools-for-stm32.7-2018-q2-update.win32_1.5.0.202011040924/tools/bin/../lib/gcc/arm-none-eabi/7.3.1/../../../../arm-none-eabi/lib/thumb/v7e-m/fpv4-sp/hard/crt0.o
LOAD Core/Src/VL53L0X.o
LOAD Core/Src/i2c.o
LOAD Core/Src/main.o
LOAD Core/Src/maze.o
LOAD Core/Src/pid.o
LOAD Core/Src/stm32f4xx_hal_msp.o
LOAD Core/Src/stm32f4xx_it.o
LOAD Core/Src/syscalls.o
LOAD Core/Src/sysmem.o
LOAD Core/Src/system_stm32f4xx.o
LOAD Core/Src/vl53l0x_api.o
LOAD Core/Src/vl53l0x_api_calibration.o
LOAD Core/Src/vl53l0x_api_core.o
LOAD Core/Src/vl53l0x_api_ranging.o
LOAD Core/Src/vl53l0x_api_strings.o
LOAD Core/Src/vl53l0x_i2c_platform.o
LOAD Core/Src/vl53l0x_platform.o
LOAD Core/Src/vl53l0x_platform_log.o
LOAD Core/Src/vl_api_config.o
LOAD Core/Src/vl_stm32_api.o
LOAD Core/Startup/startup_stm32f411retx.o
LOAD Drivers/STM32F4xx_HAL_Driver/Src/stm32f4xx_hal.o
LOAD Drivers/STM32F4xx_HAL_Driver/Src/stm32f4xx_hal_adc.o
LOAD Drivers/STM32F4xx_HAL_Driver/Src/stm32f4xx_hal_adc_ex.o
LOAD Drivers/STM32F4xx_HAL_Driver/Src/stm32f4xx_hal_cortex.o
LOAD Drivers/STM32F4xx_HAL_Driver/Src/stm32f4xx_hal_dma.o
LOAD Drivers/STM32F4xx_HAL_Driver/Src/stm32f4xx_hal_dma_ex.o
LOAD Drivers/STM32F4xx_HAL_Driver/Src/stm32f4xx_hal_exti.o
LOAD Drivers/STM32F4xx_HAL_Driver/Src/stm32f4xx_hal_flash.o
LOAD Drivers/STM32F4xx_HAL_Driver/Src/stm32f4xx_hal_flash_ex.o
LOAD Drivers/STM32F4xx_HAL_Driver/Src/stm32f4xx_hal_flash_ramfunc.o
LOAD Drivers/STM32F4xx_HAL_Driver/Src/stm32f4xx_hal_gpio.o
LOAD Drivers/STM32F4xx_HAL_Driver/Src/stm32f4xx_hal_i2c.o
LOAD Drivers/STM32F4xx_HAL_Driver/Src/stm32f4xx_hal_i2c_ex.o
LOAD Drivers/STM32F4xx_HAL_Driver/Src/stm32f4xx_hal_pwr.o
LOAD Drivers/STM32F4xx_HAL_Driver/Src/stm32f4xx_hal_pwr_ex.o
LOAD Drivers/STM32F4xx_HAL_Driver/Src/stm32f4xx_hal_rcc.o
LOAD Drivers/STM32F4xx_HAL_Driver/Src/stm32f4xx_hal_rcc_ex.o
LOAD Drivers/STM32F4xx_HAL_Driver/Src/stm32f4xx_hal_spi.o
LOAD Drivers/STM32F4xx_HAL_Driver/Src/stm32f4xx_hal_tim.o
LOAD Drivers/STM32F4xx_HAL_Driver/Src/stm32f4xx_hal_tim_ex.o
LOAD Drivers/STM32F4xx_HAL_Driver/Src/stm32f4xx_hal_uart.o
START GROUP
LOAD d:/stm32cubeide/stm32cubeide_1.5.1/stm32cubeide/plugins/com.st.stm32cube.ide.mcu.externaltools.gnu-tools-for-stm32.7-2018-q2-update.win32_1.5.0.202011040924/tools/bin/../lib/gcc/arm-none-eabi/7.3.1/../../../../arm-none-eabi/lib/thumb/v7e-m/fpv4-sp/hard\libstdc++_nano.a
LOAD d:/stm32cubeide/stm32cubeide_1.5.1/stm32cubeide/plugins/com.st.stm32cube.ide.mcu.externaltools.gnu-tools-for-stm32.7-2018-q2-update.win32_1.5.0.202011040924/tools/bin/../lib/gcc/arm-none-eabi/7.3.1/../../../../arm-none-eabi/lib/thumb/v7e-m/fpv4-sp/hard\libsupc++_nano.a
END GROUP
LOAD d:/stm32cubeide/stm32cubeide_1.5.1/stm32cubeide/plugins/com.st.stm32cube.ide.mcu.externaltools.gnu-tools-for-stm32.7-2018-q2-update.win32_1.5.0.202011040924/tools/bin/../lib/gcc/arm-none-eabi/7.3.1/../../../../arm-none-eabi/lib/thumb/v7e-m/fpv4-sp/hard\libstdc++_nano.a
LOAD d:/stm32cubeide/stm32cubeide_1.5.1/stm32cubeide/plugins/com.st.stm32cube.ide.mcu.externaltools.gnu-tools-for-stm32.7-2018-q2-update.win32_1.5.0.202011040924/tools/bin/../lib/gcc/arm-none-eabi/7.3.1/../../../../arm-none-eabi/lib/thumb/v7e-m/fpv4-sp/hard\libm.a
LOAD d:/stm32cubeide/stm32cubeide_1.5.1/stm32cubeide/plugins/com.st.stm32cube.ide.mcu.externaltools.gnu-tools-for-stm32.7-2018-q2-update.win32_1.5.0.202011040924/tools/bin/../lib/gcc/arm-none-eabi/7.3.1/../../../../arm-none-eabi/lib/thumb/v7e-m/fpv4-sp/hard\libc_nano.a
START GROUP
LOAD d:/stm32cubeide/stm32cubeide_1.5.1/stm32cubeide/plugins/com.st.stm32cube.ide.mcu.externaltools.gnu-tools-for-stm32.7-2018-q2-update.win32_1.5.0.202011040924/tools/bin/../lib/gcc/arm-none-eabi/7.3.1/thumb/v7e-m/fpv4-sp/hard\libgcc.a
LOAD d:/stm32cubeide/stm32cubeide_1.5.1/stm32cubeide/plugins/com.st.stm32cube.ide.mcu.externaltools.gnu-tools-for-stm32.7-2018-q2-update.win32_1.5.0.202011040924/tools/bin/../lib/gcc/arm-none-eabi/7.3.1/../../../../arm-none-eabi/lib/thumb/v7e-m/fpv4-sp/hard\libc_nano.a
END GROUP
START GROUP
LOAD d:/stm32cubeide/stm32cubeide_1.5.1/stm32cubeide/plugins/com.st.stm32cube.ide.mcu.externaltools.gnu-tools-for-stm32.7-2018-q2-update.win32_1.5.0.202011040924/tools/bin/../lib/gcc/arm-none-eabi/7.3.1/thumb/v7e-m/fpv4-sp/hard\libgcc.a
LOAD d:/stm32cubeide/stm32cubeide_1.5.1/stm32cubeide/plugins/com.st.stm32cube.ide.mcu.externaltools.gnu-tools-for-stm32.7-2018-q2-update.win32_1.5.0.202011040924/tools/bin/../lib/gcc/arm-none-eabi/7.3.1/../../../../arm-none-eabi/lib/thumb/v7e-m/fpv4-sp/hard\libc_nano.a
LOAD d:/stm32cubeide/stm32cubeide_1.5.1/stm32cubeide/plugins/com.st.stm32cube.ide.mcu.externaltools.gnu-tools-for-stm32.7-2018-q2-update.win32_1.5.0.202011040924/tools/bin/../lib/gcc/arm-none-eabi/7.3.1/../../../../arm-none-eabi/lib/thumb/v7e-m/fpv4-sp/hard\libnosys.a
END GROUP
START GROUP
LOAD d:/stm32cubeide/stm32cubeide_1.5.1/stm32cubeide/plugins/com.st.stm32cube.ide.mcu.externaltools.gnu-tools-for-stm32.7-2018-q2-update.win32_1.5.0.202011040924/tools/bin/../lib/gcc/arm-none-eabi/7.3.1/thumb/v7e-m/fpv4-sp/hard\libgcc.a
LOAD d:/stm32cubeide/stm32cubeide_1.5.1/stm32cubeide/plugins/com.st.stm32cube.ide.mcu.externaltools.gnu-tools-for-stm32.7-2018-q2-update.win32_1.5.0.202011040924/tools/bin/../lib/gcc/arm-none-eabi/7.3.1/../../../../arm-none-eabi/lib/thumb/v7e-m/fpv4-sp/hard\libc_nano.a
LOAD d:/stm32cubeide/stm32cubeide_1.5.1/stm32cubeide/plugins/com.st.stm32cube.ide.mcu.externaltools.gnu-tools-for-stm32.7-2018-q2-update.win32_1.5.0.202011040924/tools/bin/../lib/gcc/arm-none-eabi/7.3.1/../../../../arm-none-eabi/lib/thumb/v7e-m/fpv4-sp/hard\libnosys.a
END GROUP
LOAD d:/stm32cubeide/stm32cubeide_1.5.1/stm32cubeide/plugins/com.st.stm32cube.ide.mcu.externaltools.gnu-tools-for-stm32.7-2018-q2-update.win32_1.5.0.202011040924/tools/bin/../lib/gcc/arm-none-eabi/7.3.1/thumb/v7e-m/fpv4-sp/hard/crtend.o
LOAD d:/stm32cubeide/stm32cubeide_1.5.1/stm32cubeide/plugins/com.st.stm32cube.ide.mcu.externaltools.gnu-tools-for-stm32.7-2018-q2-update.win32_1.5.0.202011040924/tools/bin/../lib/gcc/arm-none-eabi/7.3.1/thumb/v7e-m/fpv4-sp/hard/crtn.o
                0x0000000020020000                _estack = (ORIGIN (RAM) + LENGTH (RAM))
                0x0000000000000200                _Min_Heap_Size = 0x200
                0x0000000000000400                _Min_Stack_Size = 0x400

.isr_vector     0x0000000008000000      0x198
                0x0000000008000000                . = ALIGN (0x4)
 *(.isr_vector)
 .isr_vector    0x0000000008000000      0x198 Core/Startup/startup_stm32f411retx.o
                0x0000000008000000                g_pfnVectors
                0x0000000008000198                . = ALIGN (0x4)

.text           0x00000000080001a0     0xde3c
                0x00000000080001a0                . = ALIGN (0x4)
 *(.text)
 .text          0x00000000080001a0       0x40 d:/stm32cubeide/stm32cubeide_1.5.1/stm32cubeide/plugins/com.st.stm32cube.ide.mcu.externaltools.gnu-tools-for-stm32.7-2018-q2-update.win32_1.5.0.202011040924/tools/bin/../lib/gcc/arm-none-eabi/7.3.1/thumb/v7e-m/fpv4-sp/hard/crtbegin.o
 .text          0x00000000080001e0       0xa0 d:/stm32cubeide/stm32cubeide_1.5.1/stm32cubeide/plugins/com.st.stm32cube.ide.mcu.externaltools.gnu-tools-for-stm32.7-2018-q2-update.win32_1.5.0.202011040924/tools/bin/../lib/gcc/arm-none-eabi/7.3.1/../../../../arm-none-eabi/lib/thumb/v7e-m/fpv4-sp/hard\libc_nano.a(lib_a-memchr.o)
                0x00000000080001e0                memchr
 .text          0x0000000008000280       0x30 d:/stm32cubeide/stm32cubeide_1.5.1/stm32cubeide/plugins/com.st.stm32cube.ide.mcu.externaltools.gnu-tools-for-stm32.7-2018-q2-update.win32_1.5.0.202011040924/tools/bin/../lib/gcc/arm-none-eabi/7.3.1/thumb/v7e-m/fpv4-sp/hard\libgcc.a(_aeabi_uldivmod.o)
                0x0000000008000280                __aeabi_uldivmod
 .text          0x00000000080002b0      0x2cc d:/stm32cubeide/stm32cubeide_1.5.1/stm32cubeide/plugins/com.st.stm32cube.ide.mcu.externaltools.gnu-tools-for-stm32.7-2018-q2-update.win32_1.5.0.202011040924/tools/bin/../lib/gcc/arm-none-eabi/7.3.1/thumb/v7e-m/fpv4-sp/hard\libgcc.a(_udivmoddi4.o)
                0x00000000080002b0                __udivmoddi4
 .text          0x000000000800057c        0x4 d:/stm32cubeide/stm32cubeide_1.5.1/stm32cubeide/plugins/com.st.stm32cube.ide.mcu.externaltools.gnu-tools-for-stm32.7-2018-q2-update.win32_1.5.0.202011040924/tools/bin/../lib/gcc/arm-none-eabi/7.3.1/thumb/v7e-m/fpv4-sp/hard\libgcc.a(_dvmd_tls.o)
                0x000000000800057c                __aeabi_idiv0
                0x000000000800057c                __aeabi_ldiv0
 *(.text*)
 .text.VL_Init_All
                0x0000000008000580      0x110 Core/Src/VL53L0X.o
                0x0000000008000580                VL_Init_All
 .text.VL_Enable
                0x0000000008000690       0xc8 Core/Src/VL53L0X.o
                0x0000000008000690                VL_Enable
 .text.VL_Check
                0x0000000008000758      0x140 Core/Src/VL53L0X.o
                0x0000000008000758                VL_Check
 .text.f_SH_ClearMemory
                0x0000000008000898       0x38 Core/Src/VL53L0X.o
                0x0000000008000898                f_SH_ClearMemory
 .text._write   0x00000000080008d0       0x28 Core/Src/main.o
                0x00000000080008d0                _write
 .text.read_encoders
                0x00000000080008f8       0x6c Core/Src/main.o
                0x00000000080008f8                read_encoders
 .text.get_encoder_pos
                0x0000000008000964       0xe8 Core/Src/main.o
                0x0000000008000964                get_encoder_pos
 .text.HAL_UART_TxCpltCallback
                0x0000000008000a4c       0x28 Core/Src/main.o
                0x0000000008000a4c                HAL_UART_TxCpltCallback
 .text.HAL_UART_ErrorCallback
                0x0000000008000a74       0x16 Core/Src/main.o
                0x0000000008000a74                HAL_UART_ErrorCallback
 *fill*         0x0000000008000a8a        0x2 
 .text.HAL_UART_RxCpltCallback
                0x0000000008000a8c      0x248 Core/Src/main.o
                0x0000000008000a8c                HAL_UART_RxCpltCallback
 .text.HAL_TIM_PeriodElapsedCallback
                0x0000000008000cd4       0x6c Core/Src/main.o
                0x0000000008000cd4                HAL_TIM_PeriodElapsedCallback
 .text.HAL_GPIO_EXTI_Callback
                0x0000000008000d40       0xa0 Core/Src/main.o
                0x0000000008000d40                HAL_GPIO_EXTI_Callback
 .text.PWM      0x0000000008000de0      0x184 Core/Src/main.o
                0x0000000008000de0                PWM
 .text.pos_and_speed_measurement
                0x0000000008000f64       0x60 Core/Src/main.o
                0x0000000008000f64                pos_and_speed_measurement
 .text.initialize_PID
                0x0000000008000fc4      0x1f0 Core/Src/main.o
                0x0000000008000fc4                initialize_PID
 .text.PT_change_sensor
                0x00000000080011b4      0x144 Core/Src/main.o
                0x00000000080011b4                PT_change_sensor
 .text.IR_set   0x00000000080012f8      0x144 Core/Src/main.o
                0x00000000080012f8                IR_set
 .text.main     0x000000000800143c      0x684 Core/Src/main.o
                0x000000000800143c                main
 .text.SystemClock_Config
                0x0000000008001ac0       0xd0 Core/Src/main.o
                0x0000000008001ac0                SystemClock_Config
 .text.MX_ADC1_Init
                0x0000000008001b90      0x130 Core/Src/main.o
 .text.MX_I2C1_Init
                0x0000000008001cc0       0x5c Core/Src/main.o
 .text.MX_SPI1_Init
                0x0000000008001d1c       0x6c Core/Src/main.o
 .text.MX_TIM1_Init
                0x0000000008001d88      0x158 Core/Src/main.o
 .text.MX_TIM2_Init
                0x0000000008001ee0       0xa8 Core/Src/main.o
 .text.MX_TIM3_Init
                0x0000000008001f88       0xa8 Core/Src/main.o
 .text.MX_TIM10_Init
                0x0000000008002030       0x48 Core/Src/main.o
 .text.MX_TIM11_Init
                0x0000000008002078       0x48 Core/Src/main.o
 .text.MX_USART1_UART_Init
                0x00000000080020c0       0x54 Core/Src/main.o
 .text.MX_USART6_UART_Init
                0x0000000008002114       0x54 Core/Src/main.o
 .text.MX_DMA_Init
                0x0000000008002168       0x40 Core/Src/main.o
 .text.MX_GPIO_Init
                0x00000000080021a8      0x224 Core/Src/main.o
 .text.Error_Handler
                0x00000000080023cc        0xe Core/Src/main.o
                0x00000000080023cc                Error_Handler
 .text.pid_init
                0x00000000080023da      0x116 Core/Src/pid.o
                0x00000000080023da                pid_init
 .text.pid_calc
                0x00000000080024f0      0x170 Core/Src/pid.o
                0x00000000080024f0                pid_calc
 .text.pid_scale
                0x0000000008002660       0x34 Core/Src/pid.o
                0x0000000008002660                pid_scale
 .text.HAL_MspInit
                0x0000000008002694       0x50 Core/Src/stm32f4xx_hal_msp.o
                0x0000000008002694                HAL_MspInit
 .text.HAL_ADC_MspInit
                0x00000000080026e4      0x128 Core/Src/stm32f4xx_hal_msp.o
                0x00000000080026e4                HAL_ADC_MspInit
 .text.HAL_I2C_MspInit
                0x000000000800280c       0x90 Core/Src/stm32f4xx_hal_msp.o
                0x000000000800280c                HAL_I2C_MspInit
 .text.HAL_SPI_MspInit
                0x000000000800289c       0x90 Core/Src/stm32f4xx_hal_msp.o
                0x000000000800289c                HAL_SPI_MspInit
 .text.HAL_TIM_Base_MspInit
                0x000000000800292c       0xd8 Core/Src/stm32f4xx_hal_msp.o
                0x000000000800292c                HAL_TIM_Base_MspInit
 .text.HAL_TIM_Encoder_MspInit
                0x0000000008002a04      0x104 Core/Src/stm32f4xx_hal_msp.o
                0x0000000008002a04                HAL_TIM_Encoder_MspInit
 .text.HAL_TIM_MspPostInit
                0x0000000008002b08       0x74 Core/Src/stm32f4xx_hal_msp.o
                0x0000000008002b08                HAL_TIM_MspPostInit
 .text.HAL_UART_MspInit
                0x0000000008002b7c      0x10c Core/Src/stm32f4xx_hal_msp.o
                0x0000000008002b7c                HAL_UART_MspInit
 .text.NMI_Handler
                0x0000000008002c88        0xe Core/Src/stm32f4xx_it.o
                0x0000000008002c88                NMI_Handler
 .text.HardFault_Handler
                0x0000000008002c96        0x6 Core/Src/stm32f4xx_it.o
                0x0000000008002c96                HardFault_Handler
 .text.MemManage_Handler
                0x0000000008002c9c        0x6 Core/Src/stm32f4xx_it.o
                0x0000000008002c9c                MemManage_Handler
 .text.BusFault_Handler
                0x0000000008002ca2        0x6 Core/Src/stm32f4xx_it.o
                0x0000000008002ca2                BusFault_Handler
 .text.UsageFault_Handler
                0x0000000008002ca8        0x6 Core/Src/stm32f4xx_it.o
                0x0000000008002ca8                UsageFault_Handler
 .text.SVC_Handler
                0x0000000008002cae        0xe Core/Src/stm32f4xx_it.o
                0x0000000008002cae                SVC_Handler
 .text.DebugMon_Handler
                0x0000000008002cbc        0xe Core/Src/stm32f4xx_it.o
                0x0000000008002cbc                DebugMon_Handler
 .text.PendSV_Handler
                0x0000000008002cca        0xe Core/Src/stm32f4xx_it.o
                0x0000000008002cca                PendSV_Handler
 .text.SysTick_Handler
                0x0000000008002cd8        0xc Core/Src/stm32f4xx_it.o
                0x0000000008002cd8                SysTick_Handler
 .text.EXTI0_IRQHandler
                0x0000000008002ce4        0xe Core/Src/stm32f4xx_it.o
                0x0000000008002ce4                EXTI0_IRQHandler
 .text.EXTI1_IRQHandler
                0x0000000008002cf2        0xe Core/Src/stm32f4xx_it.o
                0x0000000008002cf2                EXTI1_IRQHandler
 .text.EXTI2_IRQHandler
                0x0000000008002d00        0xe Core/Src/stm32f4xx_it.o
                0x0000000008002d00                EXTI2_IRQHandler
 *fill*         0x0000000008002d0e        0x2 
 .text.TIM1_UP_TIM10_IRQHandler
                0x0000000008002d10       0x1c Core/Src/stm32f4xx_it.o
                0x0000000008002d10                TIM1_UP_TIM10_IRQHandler
 .text.TIM1_TRG_COM_TIM11_IRQHandler
                0x0000000008002d2c       0x1c Core/Src/stm32f4xx_it.o
                0x0000000008002d2c                TIM1_TRG_COM_TIM11_IRQHandler
 .text.TIM2_IRQHandler
                0x0000000008002d48       0x14 Core/Src/stm32f4xx_it.o
                0x0000000008002d48                TIM2_IRQHandler
 .text.USART1_IRQHandler
                0x0000000008002d5c       0x14 Core/Src/stm32f4xx_it.o
                0x0000000008002d5c                USART1_IRQHandler
 .text.EXTI15_10_IRQHandler
                0x0000000008002d70       0x10 Core/Src/stm32f4xx_it.o
                0x0000000008002d70                EXTI15_10_IRQHandler
 .text.DMA2_Stream0_IRQHandler
                0x0000000008002d80       0x14 Core/Src/stm32f4xx_it.o
                0x0000000008002d80                DMA2_Stream0_IRQHandler
 .text._read    0x0000000008002d94       0x3a Core/Src/syscalls.o
                0x0000000008002d94                _read
 .text._close   0x0000000008002dce       0x18 Core/Src/syscalls.o
                0x0000000008002dce                _close
 .text._fstat   0x0000000008002de6       0x20 Core/Src/syscalls.o
                0x0000000008002de6                _fstat
 .text._isatty  0x0000000008002e06       0x16 Core/Src/syscalls.o
                0x0000000008002e06                _isatty
 .text._lseek   0x0000000008002e1c       0x1a Core/Src/syscalls.o
                0x0000000008002e1c                _lseek
 *fill*         0x0000000008002e36        0x2 
 .text._sbrk    0x0000000008002e38       0x6c Core/Src/sysmem.o
                0x0000000008002e38                _sbrk
 .text.SystemInit
                0x0000000008002ea4       0x2c Core/Src/system_stm32f4xx.o
                0x0000000008002ea4                SystemInit
 .text.VL53L0X_GetOffsetCalibrationDataMicroMeter
                0x0000000008002ed0       0x26 Core/Src/vl53l0x_api.o
                0x0000000008002ed0                VL53L0X_GetOffsetCalibrationDataMicroMeter
 .text.VL53L0X_SetDeviceAddress
                0x0000000008002ef6       0x30 Core/Src/vl53l0x_api.o
                0x0000000008002ef6                VL53L0X_SetDeviceAddress
 *fill*         0x0000000008002f26        0x2 
 .text.VL53L0X_DataInit
                0x0000000008002f28      0x2c8 Core/Src/vl53l0x_api.o
                0x0000000008002f28                VL53L0X_DataInit
 .text.VL53L0X_StaticInit
                0x00000000080031f0      0x304 Core/Src/vl53l0x_api.o
                0x00000000080031f0                VL53L0X_StaticInit
 .text.VL53L0X_GetDeviceParameters
                0x00000000080034f4      0x120 Core/Src/vl53l0x_api.o
                0x00000000080034f4                VL53L0X_GetDeviceParameters
 .text.VL53L0X_SetDeviceMode
                0x0000000008003614       0x90 Core/Src/vl53l0x_api.o
                0x0000000008003614                VL53L0X_SetDeviceMode
 .text.VL53L0X_GetDeviceMode
                0x00000000080036a4       0x26 Core/Src/vl53l0x_api.o
                0x00000000080036a4                VL53L0X_GetDeviceMode
 .text.VL53L0X_GetFractionEnable
                0x00000000080036ca       0x3e Core/Src/vl53l0x_api.o
                0x00000000080036ca                VL53L0X_GetFractionEnable
 .text.VL53L0X_SetMeasurementTimingBudgetMicroSeconds
                0x0000000008003708       0x26 Core/Src/vl53l0x_api.o
                0x0000000008003708                VL53L0X_SetMeasurementTimingBudgetMicroSeconds
 .text.VL53L0X_GetMeasurementTimingBudgetMicroSeconds
                0x000000000800372e       0x26 Core/Src/vl53l0x_api.o
                0x000000000800372e                VL53L0X_GetMeasurementTimingBudgetMicroSeconds
 .text.VL53L0X_SetVcselPulsePeriod
                0x0000000008003754       0x30 Core/Src/vl53l0x_api.o
                0x0000000008003754                VL53L0X_SetVcselPulsePeriod
 .text.VL53L0X_GetVcselPulsePeriod
                0x0000000008003784       0x2e Core/Src/vl53l0x_api.o
                0x0000000008003784                VL53L0X_GetVcselPulsePeriod
 *fill*         0x00000000080037b2        0x2 
 .text.VL53L0X_SetSequenceStepEnable
                0x00000000080037b4      0x144 Core/Src/vl53l0x_api.o
                0x00000000080037b4                VL53L0X_SetSequenceStepEnable
 .text.sequence_step_enabled
                0x00000000080038f8       0xa4 Core/Src/vl53l0x_api.o
                0x00000000080038f8                sequence_step_enabled
 .text.VL53L0X_GetSequenceStepEnables
                0x000000000800399c       0xb0 Core/Src/vl53l0x_api.o
                0x000000000800399c                VL53L0X_GetSequenceStepEnables
 .text.VL53L0X_GetInterMeasurementPeriodMilliSeconds
                0x0000000008003a4c       0x68 Core/Src/vl53l0x_api.o
                0x0000000008003a4c                VL53L0X_GetInterMeasurementPeriodMilliSeconds
 .text.VL53L0X_GetXTalkCompensationEnable
                0x0000000008003ab4       0x2a Core/Src/vl53l0x_api.o
                0x0000000008003ab4                VL53L0X_GetXTalkCompensationEnable
 .text.VL53L0X_GetXTalkCompensationRateMegaCps
                0x0000000008003ade       0x66 Core/Src/vl53l0x_api.o
                0x0000000008003ade                VL53L0X_GetXTalkCompensationRateMegaCps
 .text.VL53L0X_SetLimitCheckEnable
                0x0000000008003b44      0x118 Core/Src/vl53l0x_api.o
                0x0000000008003b44                VL53L0X_SetLimitCheckEnable
 .text.VL53L0X_GetLimitCheckEnable
                0x0000000008003c5c       0x46 Core/Src/vl53l0x_api.o
                0x0000000008003c5c                VL53L0X_GetLimitCheckEnable
 *fill*         0x0000000008003ca2        0x2 
 .text.VL53L0X_SetLimitCheckValue
                0x0000000008003ca4       0xc4 Core/Src/vl53l0x_api.o
                0x0000000008003ca4                VL53L0X_SetLimitCheckValue
 .text.VL53L0X_GetLimitCheckValue
                0x0000000008003d68      0x11c Core/Src/vl53l0x_api.o
                0x0000000008003d68                VL53L0X_GetLimitCheckValue
 .text.VL53L0X_GetWrapAroundCheckEnable
                0x0000000008003e84       0x64 Core/Src/vl53l0x_api.o
                0x0000000008003e84                VL53L0X_GetWrapAroundCheckEnable
 .text.VL53L0X_PerformSingleMeasurement
                0x0000000008003ee8       0x68 Core/Src/vl53l0x_api.o
                0x0000000008003ee8                VL53L0X_PerformSingleMeasurement
 .text.VL53L0X_PerformRefCalibration
                0x0000000008003f50       0x2c Core/Src/vl53l0x_api.o
                0x0000000008003f50                VL53L0X_PerformRefCalibration
 .text.VL53L0X_CheckAndLoadInterruptSettings
                0x0000000008003f7c       0xcc Core/Src/vl53l0x_api.o
                0x0000000008003f7c                VL53L0X_CheckAndLoadInterruptSettings
 .text.VL53L0X_StartMeasurement
                0x0000000008004048      0x17e Core/Src/vl53l0x_api.o
                0x0000000008004048                VL53L0X_StartMeasurement
 .text.VL53L0X_GetMeasurementDataReady
                0x00000000080041c6       0x80 Core/Src/vl53l0x_api.o
                0x00000000080041c6                VL53L0X_GetMeasurementDataReady
 *fill*         0x0000000008004246        0x2 
 .text.VL53L0X_GetRangingMeasurementData
                0x0000000008004248      0x24c Core/Src/vl53l0x_api.o
                0x0000000008004248                VL53L0X_GetRangingMeasurementData
 .text.VL53L0X_PerformSingleRangingMeasurement
                0x0000000008004494       0x60 Core/Src/vl53l0x_api.o
                0x0000000008004494                VL53L0X_PerformSingleRangingMeasurement
 .text.VL53L0X_SetGpioConfig
                0x00000000080044f4      0x248 Core/Src/vl53l0x_api.o
                0x00000000080044f4                VL53L0X_SetGpioConfig
 .text.VL53L0X_GetInterruptThresholds
                0x000000000800473c       0x6c Core/Src/vl53l0x_api.o
                0x000000000800473c                VL53L0X_GetInterruptThresholds
 .text.VL53L0X_ClearInterruptMask
                0x00000000080047a8       0x80 Core/Src/vl53l0x_api.o
                0x00000000080047a8                VL53L0X_ClearInterruptMask
 .text.VL53L0X_GetInterruptMaskStatus
                0x0000000008004828       0x44 Core/Src/vl53l0x_api.o
                0x0000000008004828                VL53L0X_GetInterruptMaskStatus
 .text.VL53L0X_PerformRefSpadManagement
                0x000000000800486c       0x2a Core/Src/vl53l0x_api.o
                0x000000000800486c                VL53L0X_PerformRefSpadManagement
 .text.VL53L0X_get_offset_calibration_data_micro_meter
                0x0000000008004896       0x7e Core/Src/vl53l0x_api_calibration.o
                0x0000000008004896                VL53L0X_get_offset_calibration_data_micro_meter
 .text.get_next_good_spad
                0x0000000008004914       0xbc Core/Src/vl53l0x_api_calibration.o
                0x0000000008004914                get_next_good_spad
 .text.is_aperture
                0x00000000080049d0       0x34 Core/Src/vl53l0x_api_calibration.o
                0x00000000080049d0                is_aperture
 .text.enable_spad_bit
                0x0000000008004a04       0x70 Core/Src/vl53l0x_api_calibration.o
                0x0000000008004a04                enable_spad_bit
 .text.set_ref_spad_map
                0x0000000008004a74       0x26 Core/Src/vl53l0x_api_calibration.o
                0x0000000008004a74                set_ref_spad_map
 .text.get_ref_spad_map
                0x0000000008004a9a       0x26 Core/Src/vl53l0x_api_calibration.o
                0x0000000008004a9a                get_ref_spad_map
 .text.enable_ref_spads
                0x0000000008004ac0       0xf8 Core/Src/vl53l0x_api_calibration.o
                0x0000000008004ac0                enable_ref_spads
 .text.perform_ref_signal_measurement
                0x0000000008004bb8       0xd4 Core/Src/vl53l0x_api_calibration.o
                0x0000000008004bb8                perform_ref_signal_measurement
 .text.VL53L0X_perform_ref_spad_management
                0x0000000008004c8c      0x418 Core/Src/vl53l0x_api_calibration.o
                0x0000000008004c8c                VL53L0X_perform_ref_spad_management
 .text.VL53L0X_set_reference_spads
                0x00000000080050a4      0x14a Core/Src/vl53l0x_api_calibration.o
                0x00000000080050a4                VL53L0X_set_reference_spads
 .text.VL53L0X_perform_single_ref_calibration
                0x00000000080051ee       0x76 Core/Src/vl53l0x_api_calibration.o
                0x00000000080051ee                VL53L0X_perform_single_ref_calibration
 .text.VL53L0X_ref_calibration_io
                0x0000000008005264      0x132 Core/Src/vl53l0x_api_calibration.o
                0x0000000008005264                VL53L0X_ref_calibration_io
 .text.VL53L0X_perform_vhv_calibration
                0x0000000008005396       0xce Core/Src/vl53l0x_api_calibration.o
                0x0000000008005396                VL53L0X_perform_vhv_calibration
 .text.VL53L0X_perform_phase_calibration
                0x0000000008005464       0xca Core/Src/vl53l0x_api_calibration.o
                0x0000000008005464                VL53L0X_perform_phase_calibration
 .text.VL53L0X_perform_ref_calibration
                0x000000000800552e       0x7a Core/Src/vl53l0x_api_calibration.o
                0x000000000800552e                VL53L0X_perform_ref_calibration
 .text.VL53L0X_measurement_poll_for_completion
                0x00000000080055a8       0x60 Core/Src/vl53l0x_api_core.o
                0x00000000080055a8                VL53L0X_measurement_poll_for_completion
 .text.VL53L0X_decode_vcsel_period
                0x0000000008005608       0x26 Core/Src/vl53l0x_api_core.o
                0x0000000008005608                VL53L0X_decode_vcsel_period
 .text.VL53L0X_encode_vcsel_period
                0x000000000800562e       0x26 Core/Src/vl53l0x_api_core.o
                0x000000000800562e                VL53L0X_encode_vcsel_period
 .text.VL53L0X_isqrt
                0x0000000008005654       0x68 Core/Src/vl53l0x_api_core.o
                0x0000000008005654                VL53L0X_isqrt
 .text.VL53L0X_device_read_strobe
                0x00000000080056bc       0x86 Core/Src/vl53l0x_api_core.o
                0x00000000080056bc                VL53L0X_device_read_strobe
 .text.VL53L0X_get_info_from_device
                0x0000000008005742      0x99a Core/Src/vl53l0x_api_core.o
                0x0000000008005742                VL53L0X_get_info_from_device
 .text.VL53L0X_calc_macro_period_ps
                0x00000000080060dc       0x3a Core/Src/vl53l0x_api_core.o
                0x00000000080060dc                VL53L0X_calc_macro_period_ps
 .text.VL53L0X_encode_timeout
                0x0000000008006116       0x58 Core/Src/vl53l0x_api_core.o
                0x0000000008006116                VL53L0X_encode_timeout
 .text.VL53L0X_decode_timeout
                0x000000000800616e       0x2c Core/Src/vl53l0x_api_core.o
                0x000000000800616e                VL53L0X_decode_timeout
 *fill*         0x000000000800619a        0x2 
 .text.VL53L0X_calc_timeout_mclks
                0x000000000800619c       0x54 Core/Src/vl53l0x_api_core.o
                0x000000000800619c                VL53L0X_calc_timeout_mclks
 .text.VL53L0X_calc_timeout_us
                0x00000000080061f0       0x54 Core/Src/vl53l0x_api_core.o
                0x00000000080061f0                VL53L0X_calc_timeout_us
 .text.get_sequence_step_timeout
                0x0000000008006244      0x1c2 Core/Src/vl53l0x_api_core.o
                0x0000000008006244                get_sequence_step_timeout
 .text.set_sequence_step_timeout
                0x0000000008006406      0x1e4 Core/Src/vl53l0x_api_core.o
                0x0000000008006406                set_sequence_step_timeout
 .text.VL53L0X_set_vcsel_pulse_period
                0x00000000080065ea      0x512 Core/Src/vl53l0x_api_core.o
                0x00000000080065ea                VL53L0X_set_vcsel_pulse_period
 .text.VL53L0X_get_vcsel_pulse_period
                0x0000000008006afc       0x6e Core/Src/vl53l0x_api_core.o
                0x0000000008006afc                VL53L0X_get_vcsel_pulse_period
 .text.VL53L0X_set_measurement_timing_budget_micro_seconds
                0x0000000008006b6a      0x1c0 Core/Src/vl53l0x_api_core.o
                0x0000000008006b6a                VL53L0X_set_measurement_timing_budget_micro_seconds
 .text.VL53L0X_get_measurement_timing_budget_micro_seconds
                0x0000000008006d2a      0x162 Core/Src/vl53l0x_api_core.o
                0x0000000008006d2a                VL53L0X_get_measurement_timing_budget_micro_seconds
 .text.VL53L0X_load_tuning_settings
                0x0000000008006e8c      0x1c4 Core/Src/vl53l0x_api_core.o
                0x0000000008006e8c                VL53L0X_load_tuning_settings
 .text.VL53L0X_get_total_xtalk_rate
                0x0000000008007050       0x5e Core/Src/vl53l0x_api_core.o
                0x0000000008007050                VL53L0X_get_total_xtalk_rate
 .text.VL53L0X_get_total_signal_rate
                0x00000000080070ae       0x4a Core/Src/vl53l0x_api_core.o
                0x00000000080070ae                VL53L0X_get_total_signal_rate
 .text.VL53L0X_calc_dmax
                0x00000000080070f8      0x240 Core/Src/vl53l0x_api_core.o
                0x00000000080070f8                VL53L0X_calc_dmax
 .text.VL53L0X_calc_sigma_estimate
                0x0000000008007338      0x4a4 Core/Src/vl53l0x_api_core.o
                0x0000000008007338                VL53L0X_calc_sigma_estimate
 .text.VL53L0X_get_pal_range_status
                0x00000000080077dc      0x3b6 Core/Src/vl53l0x_api_core.o
                0x00000000080077dc                VL53L0X_get_pal_range_status
 *fill*         0x0000000008007b92        0x2 
 .text.VL53L0X_write_byte
                0x0000000008007b94       0x48 Core/Src/vl53l0x_i2c_platform.o
                0x0000000008007b94                VL53L0X_write_byte
 .text.VL53L0X_read_byte
                0x0000000008007bdc       0x52 Core/Src/vl53l0x_i2c_platform.o
                0x0000000008007bdc                VL53L0X_read_byte
 *fill*         0x0000000008007c2e        0x2 
 .text.VL53L0X_read_dword
                0x0000000008007c30       0x80 Core/Src/vl53l0x_i2c_platform.o
                0x0000000008007c30                VL53L0X_read_dword
 .text.VL53L0X_write_word
                0x0000000008007cb0       0x54 Core/Src/vl53l0x_i2c_platform.o
                0x0000000008007cb0                VL53L0X_write_word
 .text.VL53L0X_read_word
                0x0000000008007d04       0x78 Core/Src/vl53l0x_i2c_platform.o
                0x0000000008007d04                VL53L0X_read_word
 .text.VL53L0X_read_multi
                0x0000000008007d7c       0x60 Core/Src/vl53l0x_i2c_platform.o
                0x0000000008007d7c                VL53L0X_read_multi
 .text.VL53L0X_write_multi
                0x0000000008007ddc       0x50 Core/Src/vl53l0x_i2c_platform.o
                0x0000000008007ddc                VL53L0X_write_multi
 .text.VL53L0X_WriteMulti
                0x0000000008007e2c       0x56 Core/Src/vl53l0x_platform.o
                0x0000000008007e2c                VL53L0X_WriteMulti
 .text.VL53L0X_ReadMulti
                0x0000000008007e82       0x52 Core/Src/vl53l0x_platform.o
                0x0000000008007e82                VL53L0X_ReadMulti
 .text.VL53L0X_WrByte
                0x0000000008007ed4       0x44 Core/Src/vl53l0x_platform.o
                0x0000000008007ed4                VL53L0X_WrByte
 .text.VL53L0X_WrWord
                0x0000000008007f18       0x44 Core/Src/vl53l0x_platform.o
                0x0000000008007f18                VL53L0X_WrWord
 .text.VL53L0X_UpdateByte
                0x0000000008007f5c       0x84 Core/Src/vl53l0x_platform.o
                0x0000000008007f5c                VL53L0X_UpdateByte
 .text.VL53L0X_RdByte
                0x0000000008007fe0       0x42 Core/Src/vl53l0x_platform.o
                0x0000000008007fe0                VL53L0X_RdByte
 .text.VL53L0X_RdWord
                0x0000000008008022       0x42 Core/Src/vl53l0x_platform.o
                0x0000000008008022                VL53L0X_RdWord
 .text.VL53L0X_RdDWord
                0x0000000008008064       0x42 Core/Src/vl53l0x_platform.o
                0x0000000008008064                VL53L0X_RdDWord
 .text.VL53L0X_PollingDelay
                0x00000000080080a6       0x1e Core/Src/vl53l0x_platform.o
                0x00000000080080a6                VL53L0X_PollingDelay
 .text.vl_api_delay
                0x00000000080080c4       0x1a Core/Src/vl_api_config.o
                0x00000000080080c4                vl_api_delay
 .text.VL_init_sensor_setAddres
                0x00000000080080de       0x5e Core/Src/vl_stm32_api.o
                0x00000000080080de                VL_init_sensor_setAddres
 .text.VL_set_interrupt
                0x000000000800813c       0x48 Core/Src/vl_stm32_api.o
                0x000000000800813c                VL_set_interrupt
 .text.VL_init_parameters
                0x0000000008008184      0x1e8 Core/Src/vl_stm32_api.o
                0x0000000008008184                VL_init_parameters
 .text.VL_get_measurement
                0x000000000800836c       0x6c Core/Src/vl_stm32_api.o
                0x000000000800836c                VL_get_measurement
 .text.VL_single_measurement_blocking
                0x00000000080083d8       0x54 Core/Src/vl_stm32_api.o
                0x00000000080083d8                VL_single_measurement_blocking
 .text.VL_start_measurement_non_blocking
                0x000000000800842c       0x1a Core/Src/vl_stm32_api.o
                0x000000000800842c                VL_start_measurement_non_blocking
 *fill*         0x0000000008008446        0x2 
 .text.Reset_Handler
                0x0000000008008448       0x50 Core/Startup/startup_stm32f411retx.o
                0x0000000008008448                Reset_Handler
 .text.Default_Handler
                0x0000000008008498        0x2 Core/Startup/startup_stm32f411retx.o
                0x0000000008008498                RTC_Alarm_IRQHandler
                0x0000000008008498                SPI4_IRQHandler
                0x0000000008008498                TIM1_CC_IRQHandler
                0x0000000008008498                DMA2_Stream5_IRQHandler
                0x0000000008008498                DMA1_Stream5_IRQHandler
                0x0000000008008498                PVD_IRQHandler
                0x0000000008008498                SDIO_IRQHandler
                0x0000000008008498                TAMP_STAMP_IRQHandler
                0x0000000008008498                EXTI3_IRQHandler
                0x0000000008008498                I2C3_ER_IRQHandler
                0x0000000008008498                I2C2_EV_IRQHandler
                0x0000000008008498                DMA1_Stream2_IRQHandler
                0x0000000008008498                FPU_IRQHandler
                0x0000000008008498                DMA2_Stream2_IRQHandler
                0x0000000008008498                SPI1_IRQHandler
                0x0000000008008498                TIM1_BRK_TIM9_IRQHandler
                0x0000000008008498                DMA2_Stream3_IRQHandler
                0x0000000008008498                USART6_IRQHandler
                0x0000000008008498                TIM4_IRQHandler
                0x0000000008008498                I2C1_EV_IRQHandler
                0x0000000008008498                DMA1_Stream6_IRQHandler
                0x0000000008008498                DMA1_Stream1_IRQHandler
                0x0000000008008498                TIM3_IRQHandler
                0x0000000008008498                RCC_IRQHandler
                0x0000000008008498                Default_Handler
                0x0000000008008498                ADC_IRQHandler
                0x0000000008008498                DMA1_Stream7_IRQHandler
                0x0000000008008498                SPI5_IRQHandler
                0x0000000008008498                TIM5_IRQHandler
                0x0000000008008498                DMA2_Stream7_IRQHandler
                0x0000000008008498                I2C3_EV_IRQHandler
                0x0000000008008498                EXTI9_5_IRQHandler
                0x0000000008008498                RTC_WKUP_IRQHandler
                0x0000000008008498                SPI2_IRQHandler
                0x0000000008008498                DMA1_Stream0_IRQHandler
                0x0000000008008498                EXTI4_IRQHandler
                0x0000000008008498                WWDG_IRQHandler
                0x0000000008008498                OTG_FS_WKUP_IRQHandler
                0x0000000008008498                USART2_IRQHandler
                0x0000000008008498                I2C2_ER_IRQHandler
                0x0000000008008498                DMA2_Stream1_IRQHandler
                0x0000000008008498                FLASH_IRQHandler
                0x0000000008008498                DMA2_Stream4_IRQHandler
                0x0000000008008498                OTG_FS_IRQHandler
                0x0000000008008498                SPI3_IRQHandler
                0x0000000008008498                DMA1_Stream4_IRQHandler
                0x0000000008008498                I2C1_ER_IRQHandler
                0x0000000008008498                DMA2_Stream6_IRQHandler
                0x0000000008008498                DMA1_Stream3_IRQHandler
 *fill*         0x000000000800849a        0x2 
 .text.HAL_Init
                0x000000000800849c       0x44 Drivers/STM32F4xx_HAL_Driver/Src/stm32f4xx_hal.o
                0x000000000800849c                HAL_Init
 .text.HAL_InitTick
                0x00000000080084e0       0x60 Drivers/STM32F4xx_HAL_Driver/Src/stm32f4xx_hal.o
                0x00000000080084e0                HAL_InitTick
 .text.HAL_IncTick
                0x0000000008008540       0x28 Drivers/STM32F4xx_HAL_Driver/Src/stm32f4xx_hal.o
                0x0000000008008540                HAL_IncTick
 .text.HAL_GetTick
                0x0000000008008568       0x18 Drivers/STM32F4xx_HAL_Driver/Src/stm32f4xx_hal.o
                0x0000000008008568                HAL_GetTick
 .text.HAL_Delay
                0x0000000008008580       0x44 Drivers/STM32F4xx_HAL_Driver/Src/stm32f4xx_hal.o
                0x0000000008008580                HAL_Delay
 .text.HAL_ADC_Init
                0x00000000080085c4       0x86 Drivers/STM32F4xx_HAL_Driver/Src/stm32f4xx_hal_adc.o
                0x00000000080085c4                HAL_ADC_Init
 *fill*         0x000000000800864a        0x2 
 .text.HAL_ADC_Start_DMA
                0x000000000800864c      0x1a8 Drivers/STM32F4xx_HAL_Driver/Src/stm32f4xx_hal_adc.o
                0x000000000800864c                HAL_ADC_Start_DMA
 .text.HAL_ADC_ConvCpltCallback
                0x00000000080087f4       0x14 Drivers/STM32F4xx_HAL_Driver/Src/stm32f4xx_hal_adc.o
                0x00000000080087f4                HAL_ADC_ConvCpltCallback
 .text.HAL_ADC_ConvHalfCpltCallback
                0x0000000008008808       0x14 Drivers/STM32F4xx_HAL_Driver/Src/stm32f4xx_hal_adc.o
                0x0000000008008808                HAL_ADC_ConvHalfCpltCallback
 .text.HAL_ADC_ErrorCallback
                0x000000000800881c       0x14 Drivers/STM32F4xx_HAL_Driver/Src/stm32f4xx_hal_adc.o
                0x000000000800881c                HAL_ADC_ErrorCallback
 .text.HAL_ADC_ConfigChannel
                0x0000000008008830      0x264 Drivers/STM32F4xx_HAL_Driver/Src/stm32f4xx_hal_adc.o
                0x0000000008008830                HAL_ADC_ConfigChannel
 .text.ADC_Init
                0x0000000008008a94      0x1f8 Drivers/STM32F4xx_HAL_Driver/Src/stm32f4xx_hal_adc.o
 .text.ADC_DMAConvCplt
                0x0000000008008c8c       0xba Drivers/STM32F4xx_HAL_Driver/Src/stm32f4xx_hal_adc.o
 .text.ADC_DMAHalfConvCplt
                0x0000000008008d46       0x1c Drivers/STM32F4xx_HAL_Driver/Src/stm32f4xx_hal_adc.o
 .text.ADC_DMAError
                0x0000000008008d62       0x2e Drivers/STM32F4xx_HAL_Driver/Src/stm32f4xx_hal_adc.o
 .text.__NVIC_SetPriorityGrouping
                0x0000000008008d90       0x48 Drivers/STM32F4xx_HAL_Driver/Src/stm32f4xx_hal_cortex.o
 .text.__NVIC_GetPriorityGrouping
                0x0000000008008dd8       0x1c Drivers/STM32F4xx_HAL_Driver/Src/stm32f4xx_hal_cortex.o
 .text.__NVIC_EnableIRQ
                0x0000000008008df4       0x3c Drivers/STM32F4xx_HAL_Driver/Src/stm32f4xx_hal_cortex.o
 .text.__NVIC_SetPriority
                0x0000000008008e30       0x54 Drivers/STM32F4xx_HAL_Driver/Src/stm32f4xx_hal_cortex.o
 .text.NVIC_EncodePriority
                0x0000000008008e84       0x66 Drivers/STM32F4xx_HAL_Driver/Src/stm32f4xx_hal_cortex.o
 *fill*         0x0000000008008eea        0x2 
 .text.SysTick_Config
                0x0000000008008eec       0x44 Drivers/STM32F4xx_HAL_Driver/Src/stm32f4xx_hal_cortex.o
 .text.HAL_NVIC_SetPriorityGrouping
                0x0000000008008f30       0x16 Drivers/STM32F4xx_HAL_Driver/Src/stm32f4xx_hal_cortex.o
                0x0000000008008f30                HAL_NVIC_SetPriorityGrouping
 .text.HAL_NVIC_SetPriority
                0x0000000008008f46       0x38 Drivers/STM32F4xx_HAL_Driver/Src/stm32f4xx_hal_cortex.o
                0x0000000008008f46                HAL_NVIC_SetPriority
 .text.HAL_NVIC_EnableIRQ
                0x0000000008008f7e       0x1c Drivers/STM32F4xx_HAL_Driver/Src/stm32f4xx_hal_cortex.o
                0x0000000008008f7e                HAL_NVIC_EnableIRQ
 .text.HAL_SYSTICK_Config
                0x0000000008008f9a       0x18 Drivers/STM32F4xx_HAL_Driver/Src/stm32f4xx_hal_cortex.o
                0x0000000008008f9a                HAL_SYSTICK_Config
 *fill*         0x0000000008008fb2        0x2 
 .text.HAL_DMA_Init
                0x0000000008008fb4      0x15c Drivers/STM32F4xx_HAL_Driver/Src/stm32f4xx_hal_dma.o
                0x0000000008008fb4                HAL_DMA_Init
 .text.HAL_DMA_Start_IT
                0x0000000008009110       0xb0 Drivers/STM32F4xx_HAL_Driver/Src/stm32f4xx_hal_dma.o
                0x0000000008009110                HAL_DMA_Start_IT
 .text.HAL_DMA_Abort_IT
                0x00000000080091c0       0x44 Drivers/STM32F4xx_HAL_Driver/Src/stm32f4xx_hal_dma.o
                0x00000000080091c0                HAL_DMA_Abort_IT
 .text.HAL_DMA_IRQHandler
                0x0000000008009204      0x314 Drivers/STM32F4xx_HAL_Driver/Src/stm32f4xx_hal_dma.o
                0x0000000008009204                HAL_DMA_IRQHandler
 .text.DMA_SetConfig
                0x0000000008009518       0x5c Drivers/STM32F4xx_HAL_Driver/Src/stm32f4xx_hal_dma.o
 .text.DMA_CalcBaseAndBitshift
                0x0000000008009574       0x6c Drivers/STM32F4xx_HAL_Driver/Src/stm32f4xx_hal_dma.o
 .text.DMA_CheckFifoParam
                0x00000000080095e0       0xf4 Drivers/STM32F4xx_HAL_Driver/Src/stm32f4xx_hal_dma.o
 .text.HAL_GPIO_Init
                0x00000000080096d4      0x304 Drivers/STM32F4xx_HAL_Driver/Src/stm32f4xx_hal_gpio.o
                0x00000000080096d4                HAL_GPIO_Init
 .text.HAL_GPIO_WritePin
                0x00000000080099d8       0x32 Drivers/STM32F4xx_HAL_Driver/Src/stm32f4xx_hal_gpio.o
                0x00000000080099d8                HAL_GPIO_WritePin
 .text.HAL_GPIO_TogglePin
                0x0000000008009a0a       0x36 Drivers/STM32F4xx_HAL_Driver/Src/stm32f4xx_hal_gpio.o
                0x0000000008009a0a                HAL_GPIO_TogglePin
 .text.HAL_GPIO_EXTI_IRQHandler
                0x0000000008009a40       0x30 Drivers/STM32F4xx_HAL_Driver/Src/stm32f4xx_hal_gpio.o
                0x0000000008009a40                HAL_GPIO_EXTI_IRQHandler
 .text.HAL_I2C_Init
                0x0000000008009a70      0x270 Drivers/STM32F4xx_HAL_Driver/Src/stm32f4xx_hal_i2c.o
                0x0000000008009a70                HAL_I2C_Init
 .text.HAL_I2C_Master_Transmit
                0x0000000008009ce0      0x1fc Drivers/STM32F4xx_HAL_Driver/Src/stm32f4xx_hal_i2c.o
                0x0000000008009ce0                HAL_I2C_Master_Transmit
 .text.HAL_I2C_Master_Receive
                0x0000000008009edc      0x44c Drivers/STM32F4xx_HAL_Driver/Src/stm32f4xx_hal_i2c.o
                0x0000000008009edc                HAL_I2C_Master_Receive
 .text.I2C_MasterRequestWrite
                0x000000000800a328      0x104 Drivers/STM32F4xx_HAL_Driver/Src/stm32f4xx_hal_i2c.o
 .text.I2C_MasterRequestRead
                0x000000000800a42c      0x19c Drivers/STM32F4xx_HAL_Driver/Src/stm32f4xx_hal_i2c.o
 .text.I2C_WaitOnFlagUntilTimeout
                0x000000000800a5c8       0xae Drivers/STM32F4xx_HAL_Driver/Src/stm32f4xx_hal_i2c.o
 .text.I2C_WaitOnMasterAddressFlagUntilTimeout
                0x000000000800a676       0xfe Drivers/STM32F4xx_HAL_Driver/Src/stm32f4xx_hal_i2c.o
 .text.I2C_WaitOnTXEFlagUntilTimeout
                0x000000000800a774       0x82 Drivers/STM32F4xx_HAL_Driver/Src/stm32f4xx_hal_i2c.o
 .text.I2C_WaitOnBTFFlagUntilTimeout
                0x000000000800a7f6       0x82 Drivers/STM32F4xx_HAL_Driver/Src/stm32f4xx_hal_i2c.o
 .text.I2C_WaitOnRXNEFlagUntilTimeout
                0x000000000800a878       0xac Drivers/STM32F4xx_HAL_Driver/Src/stm32f4xx_hal_i2c.o
 .text.I2C_IsAcknowledgeFailed
                0x000000000800a924       0x5e Drivers/STM32F4xx_HAL_Driver/Src/stm32f4xx_hal_i2c.o
 *fill*         0x000000000800a982        0x2 
 .text.HAL_RCC_OscConfig
                0x000000000800a984      0x4e0 Drivers/STM32F4xx_HAL_Driver/Src/stm32f4xx_hal_rcc.o
                0x000000000800a984                HAL_RCC_OscConfig
 .text.HAL_RCC_ClockConfig
                0x000000000800ae64      0x1cc Drivers/STM32F4xx_HAL_Driver/Src/stm32f4xx_hal_rcc.o
                0x000000000800ae64                HAL_RCC_ClockConfig
 .text.HAL_RCC_GetSysClockFreq
                0x000000000800b030      0x164 Drivers/STM32F4xx_HAL_Driver/Src/stm32f4xx_hal_rcc.o
                0x000000000800b030                HAL_RCC_GetSysClockFreq
 .text.HAL_RCC_GetHCLKFreq
                0x000000000800b194       0x18 Drivers/STM32F4xx_HAL_Driver/Src/stm32f4xx_hal_rcc.o
                0x000000000800b194                HAL_RCC_GetHCLKFreq
 .text.HAL_RCC_GetPCLK1Freq
                0x000000000800b1ac       0x28 Drivers/STM32F4xx_HAL_Driver/Src/stm32f4xx_hal_rcc.o
                0x000000000800b1ac                HAL_RCC_GetPCLK1Freq
 .text.HAL_RCC_GetPCLK2Freq
                0x000000000800b1d4       0x28 Drivers/STM32F4xx_HAL_Driver/Src/stm32f4xx_hal_rcc.o
                0x000000000800b1d4                HAL_RCC_GetPCLK2Freq
 .text.HAL_SPI_Init
                0x000000000800b1fc       0xc8 Drivers/STM32F4xx_HAL_Driver/Src/stm32f4xx_hal_spi.o
                0x000000000800b1fc                HAL_SPI_Init
 .text.HAL_TIM_Base_Init
                0x000000000800b2c4       0x56 Drivers/STM32F4xx_HAL_Driver/Src/stm32f4xx_hal_tim.o
                0x000000000800b2c4                HAL_TIM_Base_Init
 .text.HAL_TIM_Base_Start_IT
                0x000000000800b31a       0x48 Drivers/STM32F4xx_HAL_Driver/Src/stm32f4xx_hal_tim.o
                0x000000000800b31a                HAL_TIM_Base_Start_IT
 .text.HAL_TIM_PWM_Init
                0x000000000800b362       0x56 Drivers/STM32F4xx_HAL_Driver/Src/stm32f4xx_hal_tim.o
                0x000000000800b362                HAL_TIM_PWM_Init
 .text.HAL_TIM_PWM_MspInit
                0x000000000800b3b8       0x14 Drivers/STM32F4xx_HAL_Driver/Src/stm32f4xx_hal_tim.o
                0x000000000800b3b8                HAL_TIM_PWM_MspInit
 .text.HAL_TIM_PWM_Start
                0x000000000800b3cc       0x64 Drivers/STM32F4xx_HAL_Driver/Src/stm32f4xx_hal_tim.o
                0x000000000800b3cc                HAL_TIM_PWM_Start
 .text.HAL_TIM_Encoder_Init
                0x000000000800b430      0x124 Drivers/STM32F4xx_HAL_Driver/Src/stm32f4xx_hal_tim.o
                0x000000000800b430                HAL_TIM_Encoder_Init
 .text.HAL_TIM_Encoder_Start
                0x000000000800b554       0x6e Drivers/STM32F4xx_HAL_Driver/Src/stm32f4xx_hal_tim.o
                0x000000000800b554                HAL_TIM_Encoder_Start
 .text.HAL_TIM_IRQHandler
                0x000000000800b5c2      0x210 Drivers/STM32F4xx_HAL_Driver/Src/stm32f4xx_hal_tim.o
                0x000000000800b5c2                HAL_TIM_IRQHandler
 *fill*         0x000000000800b7d2        0x2 
 .text.HAL_TIM_PWM_ConfigChannel
                0x000000000800b7d4      0x18c Drivers/STM32F4xx_HAL_Driver/Src/stm32f4xx_hal_tim.o
                0x000000000800b7d4                HAL_TIM_PWM_ConfigChannel
 .text.HAL_TIM_ConfigClockSource
                0x000000000800b960      0x16e Drivers/STM32F4xx_HAL_Driver/Src/stm32f4xx_hal_tim.o
                0x000000000800b960                HAL_TIM_ConfigClockSource
 .text.HAL_TIM_OC_DelayElapsedCallback
                0x000000000800bace       0x14 Drivers/STM32F4xx_HAL_Driver/Src/stm32f4xx_hal_tim.o
                0x000000000800bace                HAL_TIM_OC_DelayElapsedCallback
 .text.HAL_TIM_IC_CaptureCallback
                0x000000000800bae2       0x14 Drivers/STM32F4xx_HAL_Driver/Src/stm32f4xx_hal_tim.o
                0x000000000800bae2                HAL_TIM_IC_CaptureCallback
 .text.HAL_TIM_PWM_PulseFinishedCallback
                0x000000000800baf6       0x14 Drivers/STM32F4xx_HAL_Driver/Src/stm32f4xx_hal_tim.o
                0x000000000800baf6                HAL_TIM_PWM_PulseFinishedCallback
 .text.HAL_TIM_TriggerCallback
                0x000000000800bb0a       0x14 Drivers/STM32F4xx_HAL_Driver/Src/stm32f4xx_hal_tim.o
                0x000000000800bb0a                HAL_TIM_TriggerCallback
 *fill*         0x000000000800bb1e        0x2 
 .text.TIM_Base_SetConfig
                0x000000000800bb20      0x100 Drivers/STM32F4xx_HAL_Driver/Src/stm32f4xx_hal_tim.o
                0x000000000800bb20                TIM_Base_SetConfig
 .text.TIM_OC1_SetConfig
                0x000000000800bc20       0xcc Drivers/STM32F4xx_HAL_Driver/Src/stm32f4xx_hal_tim.o
 .text.TIM_OC2_SetConfig
                0x000000000800bcec       0xd8 Drivers/STM32F4xx_HAL_Driver/Src/stm32f4xx_hal_tim.o
                0x000000000800bcec                TIM_OC2_SetConfig
 .text.TIM_OC3_SetConfig
                0x000000000800bdc4       0xd4 Drivers/STM32F4xx_HAL_Driver/Src/stm32f4xx_hal_tim.o
 .text.TIM_OC4_SetConfig
                0x000000000800be98       0xa0 Drivers/STM32F4xx_HAL_Driver/Src/stm32f4xx_hal_tim.o
 .text.TIM_TI1_ConfigInputStage
                0x000000000800bf38       0x5e Drivers/STM32F4xx_HAL_Driver/Src/stm32f4xx_hal_tim.o
 .text.TIM_TI2_ConfigInputStage
                0x000000000800bf96       0x60 Drivers/STM32F4xx_HAL_Driver/Src/stm32f4xx_hal_tim.o
 .text.TIM_ITRx_SetConfig
                0x000000000800bff6       0x36 Drivers/STM32F4xx_HAL_Driver/Src/stm32f4xx_hal_tim.o
 .text.TIM_ETR_SetConfig
                0x000000000800c02c       0x40 Drivers/STM32F4xx_HAL_Driver/Src/stm32f4xx_hal_tim.o
                0x000000000800c02c                TIM_ETR_SetConfig
 .text.TIM_CCxChannelCmd
                0x000000000800c06c       0x4a Drivers/STM32F4xx_HAL_Driver/Src/stm32f4xx_hal_tim.o
                0x000000000800c06c                TIM_CCxChannelCmd
 *fill*         0x000000000800c0b6        0x2 
 .text.HAL_TIMEx_MasterConfigSynchronization
                0x000000000800c0b8       0xdc Drivers/STM32F4xx_HAL_Driver/Src/stm32f4xx_hal_tim_ex.o
                0x000000000800c0b8                HAL_TIMEx_MasterConfigSynchronization
 .text.HAL_TIMEx_ConfigBreakDeadTime
                0x000000000800c194       0xa4 Drivers/STM32F4xx_HAL_Driver/Src/stm32f4xx_hal_tim_ex.o
                0x000000000800c194                HAL_TIMEx_ConfigBreakDeadTime
 .text.HAL_TIMEx_CommutCallback
                0x000000000800c238       0x14 Drivers/STM32F4xx_HAL_Driver/Src/stm32f4xx_hal_tim_ex.o
                0x000000000800c238                HAL_TIMEx_CommutCallback
 .text.HAL_TIMEx_BreakCallback
                0x000000000800c24c       0x14 Drivers/STM32F4xx_HAL_Driver/Src/stm32f4xx_hal_tim_ex.o
                0x000000000800c24c                HAL_TIMEx_BreakCallback
 .text.HAL_UART_Init
                0x000000000800c260       0x9a Drivers/STM32F4xx_HAL_Driver/Src/stm32f4xx_hal_uart.o
                0x000000000800c260                HAL_UART_Init
 .text.HAL_UART_Transmit
                0x000000000800c2fa      0x132 Drivers/STM32F4xx_HAL_Driver/Src/stm32f4xx_hal_uart.o
                0x000000000800c2fa                HAL_UART_Transmit
 .text.HAL_UART_Receive_IT
                0x000000000800c42c       0xaa Drivers/STM32F4xx_HAL_Driver/Src/stm32f4xx_hal_uart.o
                0x000000000800c42c                HAL_UART_Receive_IT
 *fill*         0x000000000800c4d6        0x2 
 .text.HAL_UART_IRQHandler
                0x000000000800c4d8      0x200 Drivers/STM32F4xx_HAL_Driver/Src/stm32f4xx_hal_uart.o
                0x000000000800c4d8                HAL_UART_IRQHandler
 .text.UART_WaitOnFlagUntilTimeout
                0x000000000800c6d8       0x94 Drivers/STM32F4xx_HAL_Driver/Src/stm32f4xx_hal_uart.o
 .text.UART_EndRxTransfer
                0x000000000800c76c       0x3c Drivers/STM32F4xx_HAL_Driver/Src/stm32f4xx_hal_uart.o
 .text.UART_DMAAbortOnError
                0x000000000800c7a8       0x28 Drivers/STM32F4xx_HAL_Driver/Src/stm32f4xx_hal_uart.o
 .text.UART_Transmit_IT
                0x000000000800c7d0       0xac Drivers/STM32F4xx_HAL_Driver/Src/stm32f4xx_hal_uart.o
 .text.UART_EndTransmit_IT
                0x000000000800c87c       0x30 Drivers/STM32F4xx_HAL_Driver/Src/stm32f4xx_hal_uart.o
 .text.UART_Receive_IT
                0x000000000800c8ac      0x102 Drivers/STM32F4xx_HAL_Driver/Src/stm32f4xx_hal_uart.o
 *fill*         0x000000000800c9ae        0x2 
 .text.UART_SetConfig
                0x000000000800c9b0      0x6f8 Drivers/STM32F4xx_HAL_Driver/Src/stm32f4xx_hal_uart.o
 .text.__errno  0x000000000800d0a8        0xc d:/stm32cubeide/stm32cubeide_1.5.1/stm32cubeide/plugins/com.st.stm32cube.ide.mcu.externaltools.gnu-tools-for-stm32.7-2018-q2-update.win32_1.5.0.202011040924/tools/bin/../lib/gcc/arm-none-eabi/7.3.1/../../../../arm-none-eabi/lib/thumb/v7e-m/fpv4-sp/hard\libc_nano.a(lib_a-errno.o)
                0x000000000800d0a8                __errno
 .text.__sflush_r
                0x000000000800d0b4      0x10c d:/stm32cubeide/stm32cubeide_1.5.1/stm32cubeide/plugins/com.st.stm32cube.ide.mcu.externaltools.gnu-tools-for-stm32.7-2018-q2-update.win32_1.5.0.202011040924/tools/bin/../lib/gcc/arm-none-eabi/7.3.1/../../../../arm-none-eabi/lib/thumb/v7e-m/fpv4-sp/hard\libc_nano.a(lib_a-fflush.o)
                0x000000000800d0b4                __sflush_r
 .text._fflush_r
                0x000000000800d1c0       0x54 d:/stm32cubeide/stm32cubeide_1.5.1/stm32cubeide/plugins/com.st.stm32cube.ide.mcu.externaltools.gnu-tools-for-stm32.7-2018-q2-update.win32_1.5.0.202011040924/tools/bin/../lib/gcc/arm-none-eabi/7.3.1/../../../../arm-none-eabi/lib/thumb/v7e-m/fpv4-sp/hard\libc_nano.a(lib_a-fflush.o)
                0x000000000800d1c0                _fflush_r
 .text.std      0x000000000800d214       0x48 d:/stm32cubeide/stm32cubeide_1.5.1/stm32cubeide/plugins/com.st.stm32cube.ide.mcu.externaltools.gnu-tools-for-stm32.7-2018-q2-update.win32_1.5.0.202011040924/tools/bin/../lib/gcc/arm-none-eabi/7.3.1/../../../../arm-none-eabi/lib/thumb/v7e-m/fpv4-sp/hard\libc_nano.a(lib_a-findfp.o)
 .text._cleanup_r
                0x000000000800d25c        0xc d:/stm32cubeide/stm32cubeide_1.5.1/stm32cubeide/plugins/com.st.stm32cube.ide.mcu.externaltools.gnu-tools-for-stm32.7-2018-q2-update.win32_1.5.0.202011040924/tools/bin/../lib/gcc/arm-none-eabi/7.3.1/../../../../arm-none-eabi/lib/thumb/v7e-m/fpv4-sp/hard\libc_nano.a(lib_a-findfp.o)
                0x000000000800d25c                _cleanup_r
 .text.__sfmoreglue
                0x000000000800d268       0x2c d:/stm32cubeide/stm32cubeide_1.5.1/stm32cubeide/plugins/com.st.stm32cube.ide.mcu.externaltools.gnu-tools-for-stm32.7-2018-q2-update.win32_1.5.0.202011040924/tools/bin/../lib/gcc/arm-none-eabi/7.3.1/../../../../arm-none-eabi/lib/thumb/v7e-m/fpv4-sp/hard\libc_nano.a(lib_a-findfp.o)
                0x000000000800d268                __sfmoreglue
 .text.__sinit  0x000000000800d294       0x60 d:/stm32cubeide/stm32cubeide_1.5.1/stm32cubeide/plugins/com.st.stm32cube.ide.mcu.externaltools.gnu-tools-for-stm32.7-2018-q2-update.win32_1.5.0.202011040924/tools/bin/../lib/gcc/arm-none-eabi/7.3.1/../../../../arm-none-eabi/lib/thumb/v7e-m/fpv4-sp/hard\libc_nano.a(lib_a-findfp.o)
                0x000000000800d294                __sinit
 .text.__sfp    0x000000000800d2f4       0x78 d:/stm32cubeide/stm32cubeide_1.5.1/stm32cubeide/plugins/com.st.stm32cube.ide.mcu.externaltools.gnu-tools-for-stm32.7-2018-q2-update.win32_1.5.0.202011040924/tools/bin/../lib/gcc/arm-none-eabi/7.3.1/../../../../arm-none-eabi/lib/thumb/v7e-m/fpv4-sp/hard\libc_nano.a(lib_a-findfp.o)
                0x000000000800d2f4                __sfp
 .text._fwalk_reent
                0x000000000800d36c       0x3c d:/stm32cubeide/stm32cubeide_1.5.1/stm32cubeide/plugins/com.st.stm32cube.ide.mcu.externaltools.gnu-tools-for-stm32.7-2018-q2-update.win32_1.5.0.202011040924/tools/bin/../lib/gcc/arm-none-eabi/7.3.1/../../../../arm-none-eabi/lib/thumb/v7e-m/fpv4-sp/hard\libc_nano.a(lib_a-fwalk.o)
                0x000000000800d36c                _fwalk_reent
 .text.__libc_init_array
                0x000000000800d3a8       0x48 d:/stm32cubeide/stm32cubeide_1.5.1/stm32cubeide/plugins/com.st.stm32cube.ide.mcu.externaltools.gnu-tools-for-stm32.7-2018-q2-update.win32_1.5.0.202011040924/tools/bin/../lib/gcc/arm-none-eabi/7.3.1/../../../../arm-none-eabi/lib/thumb/v7e-m/fpv4-sp/hard\libc_nano.a(lib_a-init.o)
                0x000000000800d3a8                __libc_init_array
 .text.__swhatbuf_r
                0x000000000800d3f0       0x48 d:/stm32cubeide/stm32cubeide_1.5.1/stm32cubeide/plugins/com.st.stm32cube.ide.mcu.externaltools.gnu-tools-for-stm32.7-2018-q2-update.win32_1.5.0.202011040924/tools/bin/../lib/gcc/arm-none-eabi/7.3.1/../../../../arm-none-eabi/lib/thumb/v7e-m/fpv4-sp/hard\libc_nano.a(lib_a-makebuf.o)
                0x000000000800d3f0                __swhatbuf_r
 .text.__smakebuf_r
                0x000000000800d438       0x80 d:/stm32cubeide/stm32cubeide_1.5.1/stm32cubeide/plugins/com.st.stm32cube.ide.mcu.externaltools.gnu-tools-for-stm32.7-2018-q2-update.win32_1.5.0.202011040924/tools/bin/../lib/gcc/arm-none-eabi/7.3.1/../../../../arm-none-eabi/lib/thumb/v7e-m/fpv4-sp/hard\libc_nano.a(lib_a-makebuf.o)
                0x000000000800d438                __smakebuf_r
 .text.memcpy   0x000000000800d4b8       0x16 d:/stm32cubeide/stm32cubeide_1.5.1/stm32cubeide/plugins/com.st.stm32cube.ide.mcu.externaltools.gnu-tools-for-stm32.7-2018-q2-update.win32_1.5.0.202011040924/tools/bin/../lib/gcc/arm-none-eabi/7.3.1/../../../../arm-none-eabi/lib/thumb/v7e-m/fpv4-sp/hard\libc_nano.a(lib_a-memcpy-stub.o)
                0x000000000800d4b8                memcpy
 .text.memset   0x000000000800d4ce       0x10 d:/stm32cubeide/stm32cubeide_1.5.1/stm32cubeide/plugins/com.st.stm32cube.ide.mcu.externaltools.gnu-tools-for-stm32.7-2018-q2-update.win32_1.5.0.202011040924/tools/bin/../lib/gcc/arm-none-eabi/7.3.1/../../../../arm-none-eabi/lib/thumb/v7e-m/fpv4-sp/hard\libc_nano.a(lib_a-memset.o)
                0x000000000800d4ce                memset
 *fill*         0x000000000800d4de        0x2 
 .text._free_r  0x000000000800d4e0       0x9c d:/stm32cubeide/stm32cubeide_1.5.1/stm32cubeide/plugins/com.st.stm32cube.ide.mcu.externaltools.gnu-tools-for-stm32.7-2018-q2-update.win32_1.5.0.202011040924/tools/bin/../lib/gcc/arm-none-eabi/7.3.1/../../../../arm-none-eabi/lib/thumb/v7e-m/fpv4-sp/hard\libc_nano.a(lib_a-nano-freer.o)
                0x000000000800d4e0                _free_r
 .text._malloc_r
                0x000000000800d57c       0xb4 d:/stm32cubeide/stm32cubeide_1.5.1/stm32cubeide/plugins/com.st.stm32cube.ide.mcu.externaltools.gnu-tools-for-stm32.7-2018-q2-update.win32_1.5.0.202011040924/tools/bin/../lib/gcc/arm-none-eabi/7.3.1/../../../../arm-none-eabi/lib/thumb/v7e-m/fpv4-sp/hard\libc_nano.a(lib_a-nano-mallocr.o)
                0x000000000800d57c                _malloc_r
 .text.__sfputc_r
                0x000000000800d630       0x2e d:/stm32cubeide/stm32cubeide_1.5.1/stm32cubeide/plugins/com.st.stm32cube.ide.mcu.externaltools.gnu-tools-for-stm32.7-2018-q2-update.win32_1.5.0.202011040924/tools/bin/../lib/gcc/arm-none-eabi/7.3.1/../../../../arm-none-eabi/lib/thumb/v7e-m/fpv4-sp/hard\libc_nano.a(lib_a-nano-vfprintf.o)
 .text.__sfputs_r
                0x000000000800d65e       0x24 d:/stm32cubeide/stm32cubeide_1.5.1/stm32cubeide/plugins/com.st.stm32cube.ide.mcu.externaltools.gnu-tools-for-stm32.7-2018-q2-update.win32_1.5.0.202011040924/tools/bin/../lib/gcc/arm-none-eabi/7.3.1/../../../../arm-none-eabi/lib/thumb/v7e-m/fpv4-sp/hard\libc_nano.a(lib_a-nano-vfprintf.o)
                0x000000000800d65e                __sfputs_r
 *fill*         0x000000000800d682        0x2 
 .text._vfprintf_r
                0x000000000800d684      0x22c d:/stm32cubeide/stm32cubeide_1.5.1/stm32cubeide/plugins/com.st.stm32cube.ide.mcu.externaltools.gnu-tools-for-stm32.7-2018-q2-update.win32_1.5.0.202011040924/tools/bin/../lib/gcc/arm-none-eabi/7.3.1/../../../../arm-none-eabi/lib/thumb/v7e-m/fpv4-sp/hard\libc_nano.a(lib_a-nano-vfprintf.o)
                0x000000000800d684                _vfprintf_r
                0x000000000800d684                _vfiprintf_r
 .text._printf_common
                0x000000000800d8b0       0xea d:/stm32cubeide/stm32cubeide_1.5.1/stm32cubeide/plugins/com.st.stm32cube.ide.mcu.externaltools.gnu-tools-for-stm32.7-2018-q2-update.win32_1.5.0.202011040924/tools/bin/../lib/gcc/arm-none-eabi/7.3.1/../../../../arm-none-eabi/lib/thumb/v7e-m/fpv4-sp/hard\libc_nano.a(lib_a-nano-vfprintf_i.o)
                0x000000000800d8b0                _printf_common
 *fill*         0x000000000800d99a        0x2 
 .text._printf_i
                0x000000000800d99c      0x224 d:/stm32cubeide/stm32cubeide_1.5.1/stm32cubeide/plugins/com.st.stm32cube.ide.mcu.externaltools.gnu-tools-for-stm32.7-2018-q2-update.win32_1.5.0.202011040924/tools/bin/../lib/gcc/arm-none-eabi/7.3.1/../../../../arm-none-eabi/lib/thumb/v7e-m/fpv4-sp/hard\libc_nano.a(lib_a-nano-vfprintf_i.o)
                0x000000000800d99c                _printf_i
 .text.printf   0x000000000800dbc0       0x30 d:/stm32cubeide/stm32cubeide_1.5.1/stm32cubeide/plugins/com.st.stm32cube.ide.mcu.externaltools.gnu-tools-for-stm32.7-2018-q2-update.win32_1.5.0.202011040924/tools/bin/../lib/gcc/arm-none-eabi/7.3.1/../../../../arm-none-eabi/lib/thumb/v7e-m/fpv4-sp/hard\libc_nano.a(lib_a-printf.o)
                0x000000000800dbc0                iprintf
                0x000000000800dbc0                printf
 .text._puts_r  0x000000000800dbf0       0xb8 d:/stm32cubeide/stm32cubeide_1.5.1/stm32cubeide/plugins/com.st.stm32cube.ide.mcu.externaltools.gnu-tools-for-stm32.7-2018-q2-update.win32_1.5.0.202011040924/tools/bin/../lib/gcc/arm-none-eabi/7.3.1/../../../../arm-none-eabi/lib/thumb/v7e-m/fpv4-sp/hard\libc_nano.a(lib_a-puts.o)
                0x000000000800dbf0                _puts_r
 .text.puts     0x000000000800dca8       0x10 d:/stm32cubeide/stm32cubeide_1.5.1/stm32cubeide/plugins/com.st.stm32cube.ide.mcu.externaltools.gnu-tools-for-stm32.7-2018-q2-update.win32_1.5.0.202011040924/tools/bin/../lib/gcc/arm-none-eabi/7.3.1/../../../../arm-none-eabi/lib/thumb/v7e-m/fpv4-sp/hard\libc_nano.a(lib_a-puts.o)
                0x000000000800dca8                puts
 .text._sbrk_r  0x000000000800dcb8       0x20 d:/stm32cubeide/stm32cubeide_1.5.1/stm32cubeide/plugins/com.st.stm32cube.ide.mcu.externaltools.gnu-tools-for-stm32.7-2018-q2-update.win32_1.5.0.202011040924/tools/bin/../lib/gcc/arm-none-eabi/7.3.1/../../../../arm-none-eabi/lib/thumb/v7e-m/fpv4-sp/hard\libc_nano.a(lib_a-sbrkr.o)
                0x000000000800dcb8                _sbrk_r
 .text.__sread  0x000000000800dcd8       0x22 d:/stm32cubeide/stm32cubeide_1.5.1/stm32cubeide/plugins/com.st.stm32cube.ide.mcu.externaltools.gnu-tools-for-stm32.7-2018-q2-update.win32_1.5.0.202011040924/tools/bin/../lib/gcc/arm-none-eabi/7.3.1/../../../../arm-none-eabi/lib/thumb/v7e-m/fpv4-sp/hard\libc_nano.a(lib_a-stdio.o)
                0x000000000800dcd8                __sread
 .text.__swrite
                0x000000000800dcfa       0x38 d:/stm32cubeide/stm32cubeide_1.5.1/stm32cubeide/plugins/com.st.stm32cube.ide.mcu.externaltools.gnu-tools-for-stm32.7-2018-q2-update.win32_1.5.0.202011040924/tools/bin/../lib/gcc/arm-none-eabi/7.3.1/../../../../arm-none-eabi/lib/thumb/v7e-m/fpv4-sp/hard\libc_nano.a(lib_a-stdio.o)
                0x000000000800dcfa                __swrite
 .text.__sseek  0x000000000800dd32       0x24 d:/stm32cubeide/stm32cubeide_1.5.1/stm32cubeide/plugins/com.st.stm32cube.ide.mcu.externaltools.gnu-tools-for-stm32.7-2018-q2-update.win32_1.5.0.202011040924/tools/bin/../lib/gcc/arm-none-eabi/7.3.1/../../../../arm-none-eabi/lib/thumb/v7e-m/fpv4-sp/hard\libc_nano.a(lib_a-stdio.o)
                0x000000000800dd32                __sseek
 .text.__sclose
                0x000000000800dd56        0x8 d:/stm32cubeide/stm32cubeide_1.5.1/stm32cubeide/plugins/com.st.stm32cube.ide.mcu.externaltools.gnu-tools-for-stm32.7-2018-q2-update.win32_1.5.0.202011040924/tools/bin/../lib/gcc/arm-none-eabi/7.3.1/../../../../arm-none-eabi/lib/thumb/v7e-m/fpv4-sp/hard\libc_nano.a(lib_a-stdio.o)
                0x000000000800dd56                __sclose
 .text.strcpy   0x000000000800dd5e       0x10 d:/stm32cubeide/stm32cubeide_1.5.1/stm32cubeide/plugins/com.st.stm32cube.ide.mcu.externaltools.gnu-tools-for-stm32.7-2018-q2-update.win32_1.5.0.202011040924/tools/bin/../lib/gcc/arm-none-eabi/7.3.1/../../../../arm-none-eabi/lib/thumb/v7e-m/fpv4-sp/hard\libc_nano.a(lib_a-strcpy.o)
                0x000000000800dd5e                strcpy
 *fill*         0x000000000800dd6e        0x2 
 .text.__swbuf_r
                0x000000000800dd70       0xa4 d:/stm32cubeide/stm32cubeide_1.5.1/stm32cubeide/plugins/com.st.stm32cube.ide.mcu.externaltools.gnu-tools-for-stm32.7-2018-q2-update.win32_1.5.0.202011040924/tools/bin/../lib/gcc/arm-none-eabi/7.3.1/../../../../arm-none-eabi/lib/thumb/v7e-m/fpv4-sp/hard\libc_nano.a(lib_a-wbuf.o)
                0x000000000800dd70                __swbuf_r
 .text._write_r
                0x000000000800de14       0x24 d:/stm32cubeide/stm32cubeide_1.5.1/stm32cubeide/plugins/com.st.stm32cube.ide.mcu.externaltools.gnu-tools-for-stm32.7-2018-q2-update.win32_1.5.0.202011040924/tools/bin/../lib/gcc/arm-none-eabi/7.3.1/../../../../arm-none-eabi/lib/thumb/v7e-m/fpv4-sp/hard\libc_nano.a(lib_a-writer.o)
                0x000000000800de14                _write_r
 .text.__swsetup_r
                0x000000000800de38       0xdc d:/stm32cubeide/stm32cubeide_1.5.1/stm32cubeide/plugins/com.st.stm32cube.ide.mcu.externaltools.gnu-tools-for-stm32.7-2018-q2-update.win32_1.5.0.202011040924/tools/bin/../lib/gcc/arm-none-eabi/7.3.1/../../../../arm-none-eabi/lib/thumb/v7e-m/fpv4-sp/hard\libc_nano.a(lib_a-wsetup.o)
                0x000000000800de38                __swsetup_r
 .text._close_r
                0x000000000800df14       0x20 d:/stm32cubeide/stm32cubeide_1.5.1/stm32cubeide/plugins/com.st.stm32cube.ide.mcu.externaltools.gnu-tools-for-stm32.7-2018-q2-update.win32_1.5.0.202011040924/tools/bin/../lib/gcc/arm-none-eabi/7.3.1/../../../../arm-none-eabi/lib/thumb/v7e-m/fpv4-sp/hard\libc_nano.a(lib_a-closer.o)
                0x000000000800df14                _close_r
 .text._fstat_r
                0x000000000800df34       0x24 d:/stm32cubeide/stm32cubeide_1.5.1/stm32cubeide/plugins/com.st.stm32cube.ide.mcu.externaltools.gnu-tools-for-stm32.7-2018-q2-update.win32_1.5.0.202011040924/tools/bin/../lib/gcc/arm-none-eabi/7.3.1/../../../../arm-none-eabi/lib/thumb/v7e-m/fpv4-sp/hard\libc_nano.a(lib_a-fstatr.o)
                0x000000000800df34                _fstat_r
 .text._isatty_r
                0x000000000800df58       0x20 d:/stm32cubeide/stm32cubeide_1.5.1/stm32cubeide/plugins/com.st.stm32cube.ide.mcu.externaltools.gnu-tools-for-stm32.7-2018-q2-update.win32_1.5.0.202011040924/tools/bin/../lib/gcc/arm-none-eabi/7.3.1/../../../../arm-none-eabi/lib/thumb/v7e-m/fpv4-sp/hard\libc_nano.a(lib_a-isattyr.o)
                0x000000000800df58                _isatty_r
 .text._lseek_r
                0x000000000800df78       0x24 d:/stm32cubeide/stm32cubeide_1.5.1/stm32cubeide/plugins/com.st.stm32cube.ide.mcu.externaltools.gnu-tools-for-stm32.7-2018-q2-update.win32_1.5.0.202011040924/tools/bin/../lib/gcc/arm-none-eabi/7.3.1/../../../../arm-none-eabi/lib/thumb/v7e-m/fpv4-sp/hard\libc_nano.a(lib_a-lseekr.o)
                0x000000000800df78                _lseek_r
 .text.__malloc_lock
                0x000000000800df9c        0x2 d:/stm32cubeide/stm32cubeide_1.5.1/stm32cubeide/plugins/com.st.stm32cube.ide.mcu.externaltools.gnu-tools-for-stm32.7-2018-q2-update.win32_1.5.0.202011040924/tools/bin/../lib/gcc/arm-none-eabi/7.3.1/../../../../arm-none-eabi/lib/thumb/v7e-m/fpv4-sp/hard\libc_nano.a(lib_a-mlock.o)
                0x000000000800df9c                __malloc_lock
 .text.__malloc_unlock
                0x000000000800df9e        0x2 d:/stm32cubeide/stm32cubeide_1.5.1/stm32cubeide/plugins/com.st.stm32cube.ide.mcu.externaltools.gnu-tools-for-stm32.7-2018-q2-update.win32_1.5.0.202011040924/tools/bin/../lib/gcc/arm-none-eabi/7.3.1/../../../../arm-none-eabi/lib/thumb/v7e-m/fpv4-sp/hard\libc_nano.a(lib_a-mlock.o)
                0x000000000800df9e                __malloc_unlock
 .text._read_r  0x000000000800dfa0       0x24 d:/stm32cubeide/stm32cubeide_1.5.1/stm32cubeide/plugins/com.st.stm32cube.ide.mcu.externaltools.gnu-tools-for-stm32.7-2018-q2-update.win32_1.5.0.202011040924/tools/bin/../lib/gcc/arm-none-eabi/7.3.1/../../../../arm-none-eabi/lib/thumb/v7e-m/fpv4-sp/hard\libc_nano.a(lib_a-readr.o)
                0x000000000800dfa0                _read_r
 *(.glue_7)
 .glue_7        0x000000000800dfc4        0x0 linker stubs
 *(.glue_7t)
 .glue_7t       0x000000000800dfc4        0x0 linker stubs
 *(.eh_frame)
 .eh_frame      0x000000000800dfc4        0x0 d:/stm32cubeide/stm32cubeide_1.5.1/stm32cubeide/plugins/com.st.stm32cube.ide.mcu.externaltools.gnu-tools-for-stm32.7-2018-q2-update.win32_1.5.0.202011040924/tools/bin/../lib/gcc/arm-none-eabi/7.3.1/thumb/v7e-m/fpv4-sp/hard/crtbegin.o
 *(.init)
 .init          0x000000000800dfc4        0x4 d:/stm32cubeide/stm32cubeide_1.5.1/stm32cubeide/plugins/com.st.stm32cube.ide.mcu.externaltools.gnu-tools-for-stm32.7-2018-q2-update.win32_1.5.0.202011040924/tools/bin/../lib/gcc/arm-none-eabi/7.3.1/thumb/v7e-m/fpv4-sp/hard/crti.o
                0x000000000800dfc4                _init
 .init          0x000000000800dfc8        0x8 d:/stm32cubeide/stm32cubeide_1.5.1/stm32cubeide/plugins/com.st.stm32cube.ide.mcu.externaltools.gnu-tools-for-stm32.7-2018-q2-update.win32_1.5.0.202011040924/tools/bin/../lib/gcc/arm-none-eabi/7.3.1/thumb/v7e-m/fpv4-sp/hard/crtn.o
 *(.fini)
 .fini          0x000000000800dfd0        0x4 d:/stm32cubeide/stm32cubeide_1.5.1/stm32cubeide/plugins/com.st.stm32cube.ide.mcu.externaltools.gnu-tools-for-stm32.7-2018-q2-update.win32_1.5.0.202011040924/tools/bin/../lib/gcc/arm-none-eabi/7.3.1/thumb/v7e-m/fpv4-sp/hard/crti.o
                0x000000000800dfd0                _fini
 .fini          0x000000000800dfd4        0x8 d:/stm32cubeide/stm32cubeide_1.5.1/stm32cubeide/plugins/com.st.stm32cube.ide.mcu.externaltools.gnu-tools-for-stm32.7-2018-q2-update.win32_1.5.0.202011040924/tools/bin/../lib/gcc/arm-none-eabi/7.3.1/thumb/v7e-m/fpv4-sp/hard/crtn.o
                0x000000000800dfdc                . = ALIGN (0x4)
                0x000000000800dfdc                _etext = .

.vfp11_veneer   0x000000000800dfdc        0x0
 .vfp11_veneer  0x000000000800dfdc        0x0 linker stubs

.v4_bx          0x000000000800dfdc        0x0
 .v4_bx         0x000000000800dfdc        0x0 linker stubs

.iplt           0x000000000800dfdc        0x0
 .iplt          0x000000000800dfdc        0x0 d:/stm32cubeide/stm32cubeide_1.5.1/stm32cubeide/plugins/com.st.stm32cube.ide.mcu.externaltools.gnu-tools-for-stm32.7-2018-q2-update.win32_1.5.0.202011040924/tools/bin/../lib/gcc/arm-none-eabi/7.3.1/thumb/v7e-m/fpv4-sp/hard/crtbegin.o

.rodata         0x000000000800dfdc      0x27c
                0x000000000800dfdc                . = ALIGN (0x4)
 *(.rodata)
 .rodata        0x000000000800dfdc      0x1c3 Core/Src/main.o
 *(.rodata*)
 *fill*         0x000000000800e19f        0x1 
 .rodata.AHBPrescTable
                0x000000000800e1a0       0x10 Core/Src/system_stm32f4xx.o
                0x000000000800e1a0                AHBPrescTable
 .rodata.APBPrescTable
                0x000000000800e1b0        0x8 Core/Src/system_stm32f4xx.o
                0x000000000800e1b0                APBPrescTable
 .rodata.flagBitshiftOffset.8469
                0x000000000800e1b8        0x8 Drivers/STM32F4xx_HAL_Driver/Src/stm32f4xx_hal_dma.o
 .rodata.__sf_fake_stderr
                0x000000000800e1c0       0x20 d:/stm32cubeide/stm32cubeide_1.5.1/stm32cubeide/plugins/com.st.stm32cube.ide.mcu.externaltools.gnu-tools-for-stm32.7-2018-q2-update.win32_1.5.0.202011040924/tools/bin/../lib/gcc/arm-none-eabi/7.3.1/../../../../arm-none-eabi/lib/thumb/v7e-m/fpv4-sp/hard\libc_nano.a(lib_a-findfp.o)
                0x000000000800e1c0                __sf_fake_stderr
 .rodata.__sf_fake_stdin
                0x000000000800e1e0       0x20 d:/stm32cubeide/stm32cubeide_1.5.1/stm32cubeide/plugins/com.st.stm32cube.ide.mcu.externaltools.gnu-tools-for-stm32.7-2018-q2-update.win32_1.5.0.202011040924/tools/bin/../lib/gcc/arm-none-eabi/7.3.1/../../../../arm-none-eabi/lib/thumb/v7e-m/fpv4-sp/hard\libc_nano.a(lib_a-findfp.o)
                0x000000000800e1e0                __sf_fake_stdin
 .rodata.__sf_fake_stdout
                0x000000000800e200       0x20 d:/stm32cubeide/stm32cubeide_1.5.1/stm32cubeide/plugins/com.st.stm32cube.ide.mcu.externaltools.gnu-tools-for-stm32.7-2018-q2-update.win32_1.5.0.202011040924/tools/bin/../lib/gcc/arm-none-eabi/7.3.1/../../../../arm-none-eabi/lib/thumb/v7e-m/fpv4-sp/hard\libc_nano.a(lib_a-findfp.o)
                0x000000000800e200                __sf_fake_stdout
 .rodata._global_impure_ptr
                0x000000000800e220        0x4 d:/stm32cubeide/stm32cubeide_1.5.1/stm32cubeide/plugins/com.st.stm32cube.ide.mcu.externaltools.gnu-tools-for-stm32.7-2018-q2-update.win32_1.5.0.202011040924/tools/bin/../lib/gcc/arm-none-eabi/7.3.1/../../../../arm-none-eabi/lib/thumb/v7e-m/fpv4-sp/hard\libc_nano.a(lib_a-impure.o)
                0x000000000800e220                _global_impure_ptr
 .rodata._vfprintf_r.str1.1
                0x000000000800e224       0x11 d:/stm32cubeide/stm32cubeide_1.5.1/stm32cubeide/plugins/com.st.stm32cube.ide.mcu.externaltools.gnu-tools-for-stm32.7-2018-q2-update.win32_1.5.0.202011040924/tools/bin/../lib/gcc/arm-none-eabi/7.3.1/../../../../arm-none-eabi/lib/thumb/v7e-m/fpv4-sp/hard\libc_nano.a(lib_a-nano-vfprintf.o)
 .rodata._printf_i.str1.1
                0x000000000800e235       0x22 d:/stm32cubeide/stm32cubeide_1.5.1/stm32cubeide/plugins/com.st.stm32cube.ide.mcu.externaltools.gnu-tools-for-stm32.7-2018-q2-update.win32_1.5.0.202011040924/tools/bin/../lib/gcc/arm-none-eabi/7.3.1/../../../../arm-none-eabi/lib/thumb/v7e-m/fpv4-sp/hard\libc_nano.a(lib_a-nano-vfprintf_i.o)
                0x000000000800e258                . = ALIGN (0x4)
 *fill*         0x000000000800e257        0x1 

.ARM.extab      0x000000000800e258        0x0
                0x000000000800e258                . = ALIGN (0x4)
 *(.ARM.extab* .gnu.linkonce.armextab.*)
                0x000000000800e258                . = ALIGN (0x4)

.ARM            0x000000000800e258        0x8
                0x000000000800e258                . = ALIGN (0x4)
                0x000000000800e258                __exidx_start = .
 *(.ARM.exidx*)
 .ARM.exidx     0x000000000800e258        0x8 d:/stm32cubeide/stm32cubeide_1.5.1/stm32cubeide/plugins/com.st.stm32cube.ide.mcu.externaltools.gnu-tools-for-stm32.7-2018-q2-update.win32_1.5.0.202011040924/tools/bin/../lib/gcc/arm-none-eabi/7.3.1/thumb/v7e-m/fpv4-sp/hard\libgcc.a(_udivmoddi4.o)
                0x000000000800e260                __exidx_end = .
                0x000000000800e260                . = ALIGN (0x4)

.rel.dyn        0x000000000800e260        0x0
 .rel.iplt      0x000000000800e260        0x0 d:/stm32cubeide/stm32cubeide_1.5.1/stm32cubeide/plugins/com.st.stm32cube.ide.mcu.externaltools.gnu-tools-for-stm32.7-2018-q2-update.win32_1.5.0.202011040924/tools/bin/../lib/gcc/arm-none-eabi/7.3.1/thumb/v7e-m/fpv4-sp/hard/crtbegin.o

.preinit_array  0x000000000800e260        0x0
                0x000000000800e260                . = ALIGN (0x4)
                0x000000000800e260                PROVIDE (__preinit_array_start = .)
 *(.preinit_array*)
                0x000000000800e260                PROVIDE (__preinit_array_end = .)
                0x000000000800e260                . = ALIGN (0x4)

.init_array     0x000000000800e260        0x4
                0x000000000800e260                . = ALIGN (0x4)
                0x000000000800e260                PROVIDE (__init_array_start = .)
 *(SORT_BY_NAME(.init_array.*))
 *(.init_array*)
 .init_array    0x000000000800e260        0x4 d:/stm32cubeide/stm32cubeide_1.5.1/stm32cubeide/plugins/com.st.stm32cube.ide.mcu.externaltools.gnu-tools-for-stm32.7-2018-q2-update.win32_1.5.0.202011040924/tools/bin/../lib/gcc/arm-none-eabi/7.3.1/thumb/v7e-m/fpv4-sp/hard/crtbegin.o
                0x000000000800e264                PROVIDE (__init_array_end = .)
                0x000000000800e264                . = ALIGN (0x4)

.fini_array     0x000000000800e264        0x4
                0x000000000800e264                . = ALIGN (0x4)
                [!provide]                        PROVIDE (__fini_array_start = .)
 *(SORT_BY_NAME(.fini_array.*))
 *(.fini_array*)
 .fini_array    0x000000000800e264        0x4 d:/stm32cubeide/stm32cubeide_1.5.1/stm32cubeide/plugins/com.st.stm32cube.ide.mcu.externaltools.gnu-tools-for-stm32.7-2018-q2-update.win32_1.5.0.202011040924/tools/bin/../lib/gcc/arm-none-eabi/7.3.1/thumb/v7e-m/fpv4-sp/hard/crtbegin.o
                [!provide]                        PROVIDE (__fini_array_end = .)
                0x000000000800e268                . = ALIGN (0x4)
                0x000000000800e268                _sidata = LOADADDR (.data)

.data           0x0000000020000000      0x32c load address 0x000000000800e268
                0x0000000020000000                . = ALIGN (0x4)
                0x0000000020000000                _sdata = .
 *(.data)
 *(.data*)
 .data.SystemCoreClock
                0x0000000020000000        0x4 Core/Src/system_stm32f4xx.o
                0x0000000020000000                SystemCoreClock
 .data.InterruptThresholdSettings
                0x0000000020000004      0x1b6 Core/Src/vl53l0x_api.o
                0x0000000020000004                InterruptThresholdSettings
 *fill*         0x00000000200001ba        0x2 
 .data.DefaultTuningSettings
                0x00000000200001bc       0xf3 Core/Src/vl53l0x_api.o
                0x00000000200001bc                DefaultTuningSettings
 *fill*         0x00000000200002af        0x1 
 .data.refArrayQuadrants
                0x00000000200002b0       0x10 Core/Src/vl53l0x_api_calibration.o
                0x00000000200002b0                refArrayQuadrants
 .data.uwTickPrio
                0x00000000200002c0        0x4 Drivers/STM32F4xx_HAL_Driver/Src/stm32f4xx_hal.o
                0x00000000200002c0                uwTickPrio
 .data.uwTickFreq
                0x00000000200002c4        0x1 Drivers/STM32F4xx_HAL_Driver/Src/stm32f4xx_hal.o
                0x00000000200002c4                uwTickFreq
 *fill*         0x00000000200002c5        0x3 
 .data._impure_ptr
                0x00000000200002c8        0x4 d:/stm32cubeide/stm32cubeide_1.5.1/stm32cubeide/plugins/com.st.stm32cube.ide.mcu.externaltools.gnu-tools-for-stm32.7-2018-q2-update.win32_1.5.0.202011040924/tools/bin/../lib/gcc/arm-none-eabi/7.3.1/../../../../arm-none-eabi/lib/thumb/v7e-m/fpv4-sp/hard\libc_nano.a(lib_a-impure.o)
                0x00000000200002c8                _impure_ptr
 .data.impure_data
                0x00000000200002cc       0x60 d:/stm32cubeide/stm32cubeide_1.5.1/stm32cubeide/plugins/com.st.stm32cube.ide.mcu.externaltools.gnu-tools-for-stm32.7-2018-q2-update.win32_1.5.0.202011040924/tools/bin/../lib/gcc/arm-none-eabi/7.3.1/../../../../arm-none-eabi/lib/thumb/v7e-m/fpv4-sp/hard\libc_nano.a(lib_a-impure.o)
                0x000000002000032c                . = ALIGN (0x4)
                0x000000002000032c                _edata = .

.igot.plt       0x000000002000032c        0x0 load address 0x000000000800e594
 .igot.plt      0x000000002000032c        0x0 d:/stm32cubeide/stm32cubeide_1.5.1/stm32cubeide/plugins/com.st.stm32cube.ide.mcu.externaltools.gnu-tools-for-stm32.7-2018-q2-update.win32_1.5.0.202011040924/tools/bin/../lib/gcc/arm-none-eabi/7.3.1/thumb/v7e-m/fpv4-sp/hard/crtbegin.o
                0x000000002000032c                . = ALIGN (0x4)

.bss            0x000000002000032c      0x92c load address 0x000000000800e594
                0x000000002000032c                _sbss = .
                0x000000002000032c                __bss_start__ = _sbss
 *(.bss)
 .bss           0x000000002000032c       0x1c d:/stm32cubeide/stm32cubeide_1.5.1/stm32cubeide/plugins/com.st.stm32cube.ide.mcu.externaltools.gnu-tools-for-stm32.7-2018-q2-update.win32_1.5.0.202011040924/tools/bin/../lib/gcc/arm-none-eabi/7.3.1/thumb/v7e-m/fpv4-sp/hard/crtbegin.o
 *(.bss*)
 .bss.VL_Data_Updated
                0x0000000020000348        0x3 Core/Src/VL53L0X.o
                0x0000000020000348                VL_Data_Updated
 *fill*         0x000000002000034b        0x1 
 .bss.VL_Data_Ready
                0x000000002000034c        0x3 Core/Src/VL53L0X.o
                0x000000002000034c                VL_Data_Ready
 *fill*         0x000000002000034f        0x1 
 .bss.pwm_value
                0x0000000020000350        0x4 Core/Src/main.o
                0x0000000020000350                pwm_value
 .bss.transmission_request
                0x0000000020000354        0x4 Core/Src/main.o
                0x0000000020000354                transmission_request
 .bss.direction
                0x0000000020000358        0x1 Core/Src/main.o
                0x0000000020000358                direction
 .bss.rx_flag   0x0000000020000359        0x1 Core/Src/main.o
                0x0000000020000359                rx_flag
 .bss.vl_flag   0x000000002000035a        0x1 Core/Src/main.o
                0x000000002000035a                vl_flag
 .bss.timer_flag
                0x000000002000035b        0x1 Core/Src/main.o
                0x000000002000035b                timer_flag
 .bss.adc_flag  0x000000002000035c        0x1 Core/Src/main.o
                0x000000002000035c                adc_flag
 *fill*         0x000000002000035d        0x1 
 .bss.speed_mm  0x000000002000035e        0x2 Core/Src/main.o
                0x000000002000035e                speed_mm
 .bss.option    0x0000000020000360        0x1 Core/Src/main.o
                0x0000000020000360                option
 .bss.initialization_encoders
                0x0000000020000361        0x1 Core/Src/main.o
                0x0000000020000361                initialization_encoders
 *fill*         0x0000000020000362        0x2 
 .bss.direction_set
                0x0000000020000364        0x2 Core/Src/main.o
                0x0000000020000364                direction_set
 .bss.kp        0x0000000020000366        0x2 Core/Src/main.o
                0x0000000020000366                kp
 .bss.ki        0x0000000020000368        0x2 Core/Src/main.o
                0x0000000020000368                ki
 .bss.kd        0x000000002000036a        0x2 Core/Src/main.o
                0x000000002000036a                kd
 .bss.VLdistanceL
                0x000000002000036c        0x2 Core/Src/main.o
                0x000000002000036c                VLdistanceL
 *fill*         0x000000002000036e        0x2 
 .bss.__sbrk_heap_end
                0x0000000020000370        0x4 Core/Src/sysmem.o
 .bss.__malloc_free_list
                0x0000000020000374        0x4 d:/stm32cubeide/stm32cubeide_1.5.1/stm32cubeide/plugins/com.st.stm32cube.ide.mcu.externaltools.gnu-tools-for-stm32.7-2018-q2-update.win32_1.5.0.202011040924/tools/bin/../lib/gcc/arm-none-eabi/7.3.1/../../../../arm-none-eabi/lib/thumb/v7e-m/fpv4-sp/hard\libc_nano.a(lib_a-nano-mallocr.o)
                0x0000000020000374                __malloc_free_list
 .bss.__malloc_sbrk_start
                0x0000000020000378        0x4 d:/stm32cubeide/stm32cubeide_1.5.1/stm32cubeide/plugins/com.st.stm32cube.ide.mcu.externaltools.gnu-tools-for-stm32.7-2018-q2-update.win32_1.5.0.202011040924/tools/bin/../lib/gcc/arm-none-eabi/7.3.1/../../../../arm-none-eabi/lib/thumb/v7e-m/fpv4-sp/hard\libc_nano.a(lib_a-nano-mallocr.o)
                0x0000000020000378                __malloc_sbrk_start
 *(COMMON)
 COMMON         0x000000002000037c      0x474 Core/Src/VL53L0X.o
                0x000000002000037c                VL_List
                0x0000000020000394                VLS
                0x00000000200003a8                devs
                0x00000000200007ec                vldev
 COMMON         0x00000000200007f0      0x420 Core/Src/main.o
                0x00000000200007f0                dev
                0x00000000200007f4                adc_measurements
                0x0000000020000800                hi2c1
                0x0000000020000854                htim10
                0x0000000020000894                bt_settings
                0x00000000200008a4                htim3
                0x00000000200008e4                hadc1
                0x000000002000092c                ENC_P
                0x0000000020000934                pomiar
                0x000000002000095c                pid_L
                0x00000000200009b4                huart1
                0x00000000200009f4                htim11
                0x0000000020000a34                hdma_adc1
                0x0000000020000a94                ENC_L
                0x0000000020000a9c                bt_data
                0x0000000020000aa0                htim1
                0x0000000020000ae0                huart6
                0x0000000020000b20                pid_P
                0x0000000020000b78                hspi1
                0x0000000020000bd0                htim2
 COMMON         0x0000000020000c10       0x40 Core/Src/vl53l0x_i2c_platform.o
                0x0000000020000c10                _i2c_buffer
 COMMON         0x0000000020000c50        0x4 Drivers/STM32F4xx_HAL_Driver/Src/stm32f4xx_hal.o
                0x0000000020000c50                uwTick
 COMMON         0x0000000020000c54        0x4 d:/stm32cubeide/stm32cubeide_1.5.1/stm32cubeide/plugins/com.st.stm32cube.ide.mcu.externaltools.gnu-tools-for-stm32.7-2018-q2-update.win32_1.5.0.202011040924/tools/bin/../lib/gcc/arm-none-eabi/7.3.1/../../../../arm-none-eabi/lib/thumb/v7e-m/fpv4-sp/hard\libc_nano.a(lib_a-reent.o)
                0x0000000020000c54                errno
                0x0000000020000c58                . = ALIGN (0x4)
                0x0000000020000c58                _ebss = .
                0x0000000020000c58                __bss_end__ = _ebss

._user_heap_stack
                0x0000000020000c58      0x600 load address 0x000000000800e594
                0x0000000020000c58                . = ALIGN (0x8)
                [!provide]                        PROVIDE (end = .)
                0x0000000020000c58                PROVIDE (_end = .)
                0x0000000020000e58                . = (. + _Min_Heap_Size)
 *fill*         0x0000000020000c58      0x200 
                0x0000000020001258                . = (. + _Min_Stack_Size)
 *fill*         0x0000000020000e58      0x400 
                0x0000000020001258                . = ALIGN (0x8)

/DISCARD/
 libc.a(*)
 libm.a(*)
 libgcc.a(*)

.ARM.attributes
                0x0000000000000000       0x30
 *(.ARM.attributes)
 .ARM.attributes
                0x0000000000000000       0x22 d:/stm32cubeide/stm32cubeide_1.5.1/stm32cubeide/plugins/com.st.stm32cube.ide.mcu.externaltools.gnu-tools-for-stm32.7-2018-q2-update.win32_1.5.0.202011040924/tools/bin/../lib/gcc/arm-none-eabi/7.3.1/thumb/v7e-m/fpv4-sp/hard/crti.o
 .ARM.attributes
                0x0000000000000022       0x34 d:/stm32cubeide/stm32cubeide_1.5.1/stm32cubeide/plugins/com.st.stm32cube.ide.mcu.externaltools.gnu-tools-for-stm32.7-2018-q2-update.win32_1.5.0.202011040924/tools/bin/../lib/gcc/arm-none-eabi/7.3.1/thumb/v7e-m/fpv4-sp/hard/crtbegin.o
 .ARM.attributes
                0x0000000000000056       0x39 Core/Src/VL53L0X.o
 .ARM.attributes
                0x000000000000008f       0x39 Core/Src/main.o
 .ARM.attributes
                0x00000000000000c8       0x39 Core/Src/pid.o
 .ARM.attributes
                0x0000000000000101       0x39 Core/Src/stm32f4xx_hal_msp.o
 .ARM.attributes
                0x000000000000013a       0x39 Core/Src/stm32f4xx_it.o
 .ARM.attributes
                0x0000000000000173       0x39 Core/Src/syscalls.o
 .ARM.attributes
                0x00000000000001ac       0x39 Core/Src/sysmem.o
 .ARM.attributes
                0x00000000000001e5       0x39 Core/Src/system_stm32f4xx.o
 .ARM.attributes
                0x000000000000021e       0x39 Core/Src/vl53l0x_api.o
 .ARM.attributes
                0x0000000000000257       0x39 Core/Src/vl53l0x_api_calibration.o
 .ARM.attributes
                0x0000000000000290       0x39 Core/Src/vl53l0x_api_core.o
 .ARM.attributes
                0x00000000000002c9       0x39 Core/Src/vl53l0x_i2c_platform.o
 .ARM.attributes
                0x0000000000000302       0x39 Core/Src/vl53l0x_platform.o
 .ARM.attributes
                0x000000000000033b       0x39 Core/Src/vl_api_config.o
 .ARM.attributes
                0x0000000000000374       0x39 Core/Src/vl_stm32_api.o
 .ARM.attributes
                0x00000000000003ad       0x21 Core/Startup/startup_stm32f411retx.o
 .ARM.attributes
                0x00000000000003ce       0x39 Drivers/STM32F4xx_HAL_Driver/Src/stm32f4xx_hal.o
 .ARM.attributes
                0x0000000000000407       0x39 Drivers/STM32F4xx_HAL_Driver/Src/stm32f4xx_hal_adc.o
 .ARM.attributes
                0x0000000000000440       0x39 Drivers/STM32F4xx_HAL_Driver/Src/stm32f4xx_hal_cortex.o
 .ARM.attributes
                0x0000000000000479       0x39 Drivers/STM32F4xx_HAL_Driver/Src/stm32f4xx_hal_dma.o
 .ARM.attributes
                0x00000000000004b2       0x39 Drivers/STM32F4xx_HAL_Driver/Src/stm32f4xx_hal_gpio.o
 .ARM.attributes
                0x00000000000004eb       0x39 Drivers/STM32F4xx_HAL_Driver/Src/stm32f4xx_hal_i2c.o
 .ARM.attributes
                0x0000000000000524       0x39 Drivers/STM32F4xx_HAL_Driver/Src/stm32f4xx_hal_rcc.o
 .ARM.attributes
                0x000000000000055d       0x39 Drivers/STM32F4xx_HAL_Driver/Src/stm32f4xx_hal_spi.o
 .ARM.attributes
                0x0000000000000596       0x39 Drivers/STM32F4xx_HAL_Driver/Src/stm32f4xx_hal_tim.o
 .ARM.attributes
                0x00000000000005cf       0x39 Drivers/STM32F4xx_HAL_Driver/Src/stm32f4xx_hal_tim_ex.o
 .ARM.attributes