vl53l0a1-x4msp.c:37:13:VL53L0A1_EXTI_Callback	16	static
vl53l0a1-x4msp.c:230:6:DMA1_Channel7_IRQHandler	8	static
vl53l0a1-x4msp.c:238:13:MX_DMA_Init	16	static
vl53l0a1-x4msp.c:256:6:XNUCLEO53L0A1_USART2_UART_Init	8	static
vl53l0a1-x4msp.c:273:6:HAL_UART_MspInit	40	static
vl53l0a1-x4msp.c:333:6:HAL_UART_MspDeInit	16	static
vl53l0a1-x4msp.c:363:6:USART2_IRQHandler	8	static
vl53l0a1-x4msp.c:374:6:HAL_GPIO_EXTI_Callback	16	static
vl53l0a1-x4msp.c:417:6:EXTI4_IRQHandler	8	static
vl53l0a1-x4msp.c:433:6:EXTI9_5_IRQHandler	8	static
vl53l0a1-x4msp.c:448:6:EXTI15_10_IRQHandler	8	static
vl53l0a1-x4msp.c:453:6:VL53L0A1_EXTI_Init	48	static
