main.c:454:6:IR_set.part.1	8	static
main.c:112:5:_write	8	static
main.c:117:5:abs	0	static
main.c:125:6:read_encoders	8	static
main.c:132:6:get_encoder_pos	16	static
main.c:155:6:HAL_UART_TxCpltCallback	0	static
main.c:163:6:HAL_UART_ErrorCallback	0	static,ignoring_inline_asm
main.c:167:6:HAL_UART_RxCpltCallback	0	static
main.c:277:6:HAL_TIM_PeriodElapsedCallback	8	static
main.c:293:6:HAL_GPIO_EXTI_Callback	8	static
main.c:318:6:PWM	16	static
main.c:374:6:pos_and_speed_measurement	8	static
main.c:385:6:initialize_PID	40	static
main.c:416:6:PT_change_sensor	8	static
main.c:454:6:IR_set	8	static
main.c:492:6:IR_reset	0	static
main.c:668:6:SystemClock_Config	96	static
main.c:507:5:main	160	static
main.c:1303:6:Error_Handler	0	static
