main.c:464:6:IR_set.part.1	8	static
main.c:119:5:_write	8	static
main.c:124:5:abs	0	static
main.c:132:6:read_encoders	8	static
main.c:139:6:get_encoder_pos	16	static
main.c:162:6:HAL_UART_TxCpltCallback	0	static
main.c:170:6:HAL_UART_ErrorCallback	0	static,ignoring_inline_asm
main.c:174:6:HAL_UART_RxCpltCallback	0	static
main.c:287:6:HAL_TIM_PeriodElapsedCallback	8	static
main.c:303:6:HAL_GPIO_EXTI_Callback	8	static
main.c:328:6:PWM	16	static
main.c:384:6:pos_and_speed_measurement	8	static
main.c:395:6:initialize_PID	40	static
main.c:426:6:PT_change_sensor	8	static
main.c:464:6:IR_set	8	static
main.c:502:6:IR_reset	0	static
main.c:684:6:SystemClock_Config	96	static
main.c:517:5:main	160	static
main.c:1319:6:Error_Handler	0	static
