stm32f4xx_hal_msp.c:67:6:HAL_MspInit	8	static
stm32f4xx_hal_msp.c:89:6:HAL_ADC_MspInit	48	static
stm32f4xx_hal_msp.c:156:6:HAL_ADC_MspDeInit	8	static
stm32f4xx_hal_msp.c:197:6:HAL_I2C_MspInit	48	static
stm32f4xx_hal_msp.c:233:6:HAL_I2C_MspDeInit	8	static
stm32f4xx_hal_msp.c:264:6:HAL_SPI_MspInit	40	static
stm32f4xx_hal_msp.c:301:6:HAL_SPI_MspDeInit	0	static
stm32f4xx_hal_msp.c:331:6:HAL_TIM_Base_MspInit	8	static
stm32f4xx_hal_msp.c:353:6:HAL_TIM_Encoder_MspInit	48	static
stm32f4xx_hal_msp.c:410:6:HAL_TIM_MspPostInit	32	static
stm32f4xx_hal_msp.c:443:6:HAL_TIM_Base_MspDeInit	0	static
stm32f4xx_hal_msp.c:465:6:HAL_TIM_Encoder_MspDeInit	8	static
stm32f4xx_hal_msp.c:514:6:HAL_UART_MspInit	48	static
stm32f4xx_hal_msp.c:577:6:HAL_UART_MspDeInit	8	static
