stm32f4xx_hal_msp.c:67:6:HAL_MspInit	8	static
stm32f4xx_hal_msp.c:89:6:HAL_ADC_MspInit	48	static
stm32f4xx_hal_msp.c:150:6:HAL_ADC_MspDeInit	8	static
stm32f4xx_hal_msp.c:189:6:HAL_I2C_MspInit	48	static
stm32f4xx_hal_msp.c:225:6:HAL_I2C_MspDeInit	8	static
stm32f4xx_hal_msp.c:256:6:HAL_SPI_MspInit	40	static
stm32f4xx_hal_msp.c:293:6:HAL_SPI_MspDeInit	0	static
stm32f4xx_hal_msp.c:323:6:HAL_TIM_Base_MspInit	16	static
stm32f4xx_hal_msp.c:353:6:HAL_TIM_MspPostInit	32	static
stm32f4xx_hal_msp.c:386:6:HAL_TIM_Base_MspDeInit	0	static
stm32f4xx_hal_msp.c:422:6:HAL_UART_MspInit	48	static
stm32f4xx_hal_msp.c:482:6:HAL_UART_MspDeInit	0	static
