Archive member included to satisfy reference by file (symbol)

c:/st/stm32cubeide_1.4.0/stm32cubeide/plugins/com.st.stm32cube.ide.mcu.externaltools.gnu-tools-for-stm32.7-2018-q2-update.win32_1.4.0.202007081208/tools/bin/../lib/gcc/arm-none-eabi/7.3.1/../../../../arm-none-eabi/lib/thumb/v7e-m\libc_nano.a(lib_a-exit.o)
                              c:/st/stm32cubeide_1.4.0/stm32cubeide/plugins/com.st.stm32cube.ide.mcu.externaltools.gnu-tools-for-stm32.7-2018-q2-update.win32_1.4.0.202007081208/tools/bin/../lib/gcc/arm-none-eabi/7.3.1/../../../../arm-none-eabi/lib/thumb/v7e-m/crt0.o (exit)
c:/st/stm32cubeide_1.4.0/stm32cubeide/plugins/com.st.stm32cube.ide.mcu.externaltools.gnu-tools-for-stm32.7-2018-q2-update.win32_1.4.0.202007081208/tools/bin/../lib/gcc/arm-none-eabi/7.3.1/../../../../arm-none-eabi/lib/thumb/v7e-m\libc_nano.a(lib_a-impure.o)
                              c:/st/stm32cubeide_1.4.0/stm32cubeide/plugins/com.st.stm32cube.ide.mcu.externaltools.gnu-tools-for-stm32.7-2018-q2-update.win32_1.4.0.202007081208/tools/bin/../lib/gcc/arm-none-eabi/7.3.1/../../../../arm-none-eabi/lib/thumb/v7e-m\libc_nano.a(lib_a-exit.o) (_global_impure_ptr)
c:/st/stm32cubeide_1.4.0/stm32cubeide/plugins/com.st.stm32cube.ide.mcu.externaltools.gnu-tools-for-stm32.7-2018-q2-update.win32_1.4.0.202007081208/tools/bin/../lib/gcc/arm-none-eabi/7.3.1/../../../../arm-none-eabi/lib/thumb/v7e-m\libc_nano.a(lib_a-init.o)
                              c:/st/stm32cubeide_1.4.0/stm32cubeide/plugins/com.st.stm32cube.ide.mcu.externaltools.gnu-tools-for-stm32.7-2018-q2-update.win32_1.4.0.202007081208/tools/bin/../lib/gcc/arm-none-eabi/7.3.1/../../../../arm-none-eabi/lib/thumb/v7e-m/crt0.o (__libc_init_array)
c:/st/stm32cubeide_1.4.0/stm32cubeide/plugins/com.st.stm32cube.ide.mcu.externaltools.gnu-tools-for-stm32.7-2018-q2-update.win32_1.4.0.202007081208/tools/bin/../lib/gcc/arm-none-eabi/7.3.1/../../../../arm-none-eabi/lib/thumb/v7e-m\libc_nano.a(lib_a-memcpy-stub.o)
                              Drivers/BSP/X-NUCLEO-53L0A1/X-NUCLEO-53L0A1.o (memcpy)
c:/st/stm32cubeide_1.4.0/stm32cubeide/plugins/com.st.stm32cube.ide.mcu.externaltools.gnu-tools-for-stm32.7-2018-q2-update.win32_1.4.0.202007081208/tools/bin/../lib/gcc/arm-none-eabi/7.3.1/../../../../arm-none-eabi/lib/thumb/v7e-m\libc_nano.a(lib_a-memset.o)
                              c:/st/stm32cubeide_1.4.0/stm32cubeide/plugins/com.st.stm32cube.ide.mcu.externaltools.gnu-tools-for-stm32.7-2018-q2-update.win32_1.4.0.202007081208/tools/bin/../lib/gcc/arm-none-eabi/7.3.1/../../../../arm-none-eabi/lib/thumb/v7e-m/crt0.o (memset)
c:/st/stm32cubeide_1.4.0/stm32cubeide/plugins/com.st.stm32cube.ide.mcu.externaltools.gnu-tools-for-stm32.7-2018-q2-update.win32_1.4.0.202007081208/tools/bin/../lib/gcc/arm-none-eabi/7.3.1/../../../../arm-none-eabi/lib/thumb/v7e-m\libc_nano.a(lib_a-sprintf.o)
                              src/main.o (sprintf)
c:/st/stm32cubeide_1.4.0/stm32cubeide/plugins/com.st.stm32cube.ide.mcu.externaltools.gnu-tools-for-stm32.7-2018-q2-update.win32_1.4.0.202007081208/tools/bin/../lib/gcc/arm-none-eabi/7.3.1/../../../../arm-none-eabi/lib/thumb/v7e-m\libc_nano.a(lib_a-strcpy.o)
                              Drivers/BSP/vl53l0x/vl53l0x_api_core.o (strcpy)
c:/st/stm32cubeide_1.4.0/stm32cubeide/plugins/com.st.stm32cube.ide.mcu.externaltools.gnu-tools-for-stm32.7-2018-q2-update.win32_1.4.0.202007081208/tools/bin/../lib/gcc/arm-none-eabi/7.3.1/../../../../arm-none-eabi/lib/thumb/v7e-m\libc_nano.a(lib_a-vsnprintf.o)
                              Drivers/BSP/X-NUCLEO-53L0A1/uart_trace.o (vsnprintf)
c:/st/stm32cubeide_1.4.0/stm32cubeide/plugins/com.st.stm32cube.ide.mcu.externaltools.gnu-tools-for-stm32.7-2018-q2-update.win32_1.4.0.202007081208/tools/bin/../lib/gcc/arm-none-eabi/7.3.1/../../../../arm-none-eabi/lib/thumb/v7e-m\libc_nano.a(lib_a-nano-svfprintf.o)
                              c:/st/stm32cubeide_1.4.0/stm32cubeide/plugins/com.st.stm32cube.ide.mcu.externaltools.gnu-tools-for-stm32.7-2018-q2-update.win32_1.4.0.202007081208/tools/bin/../lib/gcc/arm-none-eabi/7.3.1/../../../../arm-none-eabi/lib/thumb/v7e-m\libc_nano.a(lib_a-sprintf.o) (_svfprintf_r)
c:/st/stm32cubeide_1.4.0/stm32cubeide/plugins/com.st.stm32cube.ide.mcu.externaltools.gnu-tools-for-stm32.7-2018-q2-update.win32_1.4.0.202007081208/tools/bin/../lib/gcc/arm-none-eabi/7.3.1/../../../../arm-none-eabi/lib/thumb/v7e-m\libc_nano.a(lib_a-nano-vfprintf_i.o)
                              c:/st/stm32cubeide_1.4.0/stm32cubeide/plugins/com.st.stm32cube.ide.mcu.externaltools.gnu-tools-for-stm32.7-2018-q2-update.win32_1.4.0.202007081208/tools/bin/../lib/gcc/arm-none-eabi/7.3.1/../../../../arm-none-eabi/lib/thumb/v7e-m\libc_nano.a(lib_a-nano-svfprintf.o) (_printf_i)
c:/st/stm32cubeide_1.4.0/stm32cubeide/plugins/com.st.stm32cube.ide.mcu.externaltools.gnu-tools-for-stm32.7-2018-q2-update.win32_1.4.0.202007081208/tools/bin/../lib/gcc/arm-none-eabi/7.3.1/../../../../arm-none-eabi/lib/thumb/v7e-m\libc_nano.a(lib_a-memchr.o)
[...]
Memory Configuration

Name             Origin             Length             Attributes
FLASH            0x0000000008000000 0x0000000000100000 xr
RAM              0x0000000020000000 0x0000000000018000 xrw
*default*        0x0000000000000000 0xffffffffffffffff

Linker script and memory map

LOAD c:/st/stm32cubeide_1.4.0/stm32cubeide/plugins/com.st.stm32cube.ide.mcu.externaltools.gnu-tools-for-stm32.7-2018-q2-update.win32_1.4.0.202007081208/tools/bin/../lib/gcc/arm-none-eabi/7.3.1/thumb/v7e-m/crti.o
LOAD c:/st/stm32cubeide_1.4.0/stm32cubeide/plugins/com.st.stm32cube.ide.mcu.externaltools.gnu-tools-for-stm32.7-2018-q2-update.win32_1.4.0.202007081208/tools/bin/../lib/gcc/arm-none-eabi/7.3.1/thumb/v7e-m/crtbegin.o
LOAD c:/st/stm32cubeide_1.4.0/stm32cubeide/plugins/com.st.stm32cube.ide.mcu.externaltools.gnu-tools-for-stm32.7-2018-q2-update.win32_1.4.0.202007081208/tools/bin/../lib/gcc/arm-none-eabi/7.3.1/../../../../arm-none-eabi/lib/thumb/v7e-m/crt0.o
LOAD Drivers/BSP/X-NUCLEO-53L0A1/X-NUCLEO-53L0A1.o
LOAD Drivers/BSP/X-NUCLEO-53L0A1/uart_trace.o
LOAD Drivers/BSP/X-NUCLEO-53L0A1/vl53l0a1-x4msp.o
LOAD Drivers/BSP/X-NUCLEO-53L0A1/vl53l0x_platform.o
LOAD Drivers/BSP/vl53l0x/vl53l0x_api.o
LOAD Drivers/BSP/vl53l0x/vl53l0x_api_calibration.o
LOAD Drivers/BSP/vl53l0x/vl53l0x_api_core.o
LOAD Drivers/BSP/vl53l0x/vl53l0x_api_ranging.o
LOAD Drivers/BSP/vl53l0x/vl53l0x_api_strings.o
LOAD Drivers/BSP/vl53l0x/vl53l0x_platform_log.o
LOAD Drivers/CMSIS/system_stm32l4xx.o
LOAD Drivers/STM32L4xx_HAL_Driver/stm32l4xx_hal.o
LOAD Drivers/STM32L4xx_HAL_Driver/stm32l4xx_hal_cortex.o
LOAD Drivers/STM32L4xx_HAL_Driver/stm32l4xx_hal_dma.o
LOAD Drivers/STM32L4xx_HAL_Driver/stm32l4xx_hal_flash.o
LOAD Drivers/STM32L4xx_HAL_Driver/stm32l4xx_hal_flash_ex.o
LOAD Drivers/STM32L4xx_HAL_Driver/stm32l4xx_hal_flash_ramfunc.o
LOAD Drivers/STM32L4xx_HAL_Driver/stm32l4xx_hal_gpio.o
LOAD Drivers/STM32L4xx_HAL_Driver/stm32l4xx_hal_i2c.o
LOAD Drivers/STM32L4xx_HAL_Driver/stm32l4xx_hal_i2c_ex.o
LOAD Drivers/STM32L4xx_HAL_Driver/stm32l4xx_hal_pwr.o
LOAD Drivers/STM32L4xx_HAL_Driver/stm32l4xx_hal_pwr_ex.o
LOAD Drivers/STM32L4xx_HAL_Driver/stm32l4xx_hal_rcc.o
LOAD Drivers/STM32L4xx_HAL_Driver/stm32l4xx_hal_rcc_ex.o
LOAD Drivers/STM32L4xx_HAL_Driver/stm32l4xx_hal_tim.o
LOAD Drivers/STM32L4xx_HAL_Driver/stm32l4xx_hal_tim_ex.o
LOAD Drivers/STM32L4xx_HAL_Driver/stm32l4xx_hal_uart.o
LOAD Drivers/STM32L4xx_HAL_Driver/stm32l4xx_hal_uart_ex.o
LOAD Middlewares/GestureDetect/ring_buffer.o
LOAD Middlewares/GestureDetect/tof_gestures_DIRSWIPE_1.o
LOAD Middlewares/GestureDetect/tof_gestures_SWIPE_1.o
LOAD Middlewares/GestureDetect/tof_gestures_TAP_1.o
LOAD Middlewares/GestureDetect/tof_motion.o
LOAD src/main.o
LOAD src/stm32l4xx_hal_msp.o
LOAD src/stm32l4xx_it.o
LOAD startup/startup_stm32l476xx.o
START GROUP
LOAD c:/st/stm32cubeide_1.4.0/stm32cubeide/plugins/com.st.stm32cube.ide.mcu.externaltools.gnu-tools-for-stm32.7-2018-q2-update.win32_1.4.0.202007081208/tools/bin/../lib/gcc/arm-none-eabi/7.3.1/../../../../arm-none-eabi/lib/thumb/v7e-m\libc_nano.a
LOAD c:/st/stm32cubeide_1.4.0/stm32cubeide/plugins/com.st.stm32cube.ide.mcu.externaltools.gnu-tools-for-stm32.7-2018-q2-update.win32_1.4.0.202007081208/tools/bin/../lib/gcc/arm-none-eabi/7.3.1/../../../../arm-none-eabi/lib/thumb/v7e-m\libm.a
END GROUP
START GROUP
LOAD c:/st/stm32cubeide_1.4.0/stm32cubeide/plugins/com.st.stm32cube.ide.mcu.externaltools.gnu-tools-for-stm32.7-2018-q2-update.win32_1.4.0.202007081208/tools/bin/../lib/gcc/arm-none-eabi/7.3.1/thumb/v7e-m\libgcc.a
LOAD c:/st/stm32cubeide_1.4.0/stm32cubeide/plugins/com.st.stm32cube.ide.mcu.externaltools.gnu-tools-for-stm32.7-2018-q2-update.win32_1.4.0.202007081208/tools/bin/../lib/gcc/arm-none-eabi/7.3.1/../../../../arm-none-eabi/lib/thumb/v7e-m\libc_nano.a
END GROUP
START GROUP
LOAD c:/st/stm32cubeide_1.4.0/stm32cubeide/plugins/com.st.stm32cube.ide.mcu.externaltools.gnu-tools-for-stm32.7-2018-q2-update.win32_1.4.0.202007081208/tools/bin/../lib/gcc/arm-none-eabi/7.3.1/thumb/v7e-m\libgcc.a
LOAD c:/st/stm32cubeide_1.4.0/stm32cubeide/plugins/com.st.stm32cube.ide.mcu.externaltools.gnu-tools-for-stm32.7-2018-q2-update.win32_1.4.0.202007081208/tools/bin/../lib/gcc/arm-none-eabi/7.3.1/../../../../arm-none-eabi/lib/thumb/v7e-m\libc_nano.a
LOAD c:/st/stm32cubeide_1.4.0/stm32cubeide/plugins/com.st.stm32cube.ide.mcu.externaltools.gnu-tools-for-stm32.7-2018-q2-update.win32_1.4.0.202007081208/tools/bin/../lib/gcc/arm-none-eabi/7.3.1/../../../../arm-none-eabi/lib/thumb/v7e-m\libnosys.a
END GROUP
START GROUP
LOAD c:/st/stm32cubeide_1.4.0/stm32cubeide/plugins/com.st.stm32cube.ide.mcu.externaltools.gnu-tools-for-stm32.7-2018-q2-update.win32_1.4.0.202007081208/tools/bin/../lib/gcc/arm-none-eabi/7.3.1/thumb/v7e-m\libgcc.a
LOAD c:/st/stm32cubeide_1.4.0/stm32cubeide/plugins/com.st.stm32cube.ide.mcu.externaltools.gnu-tools-for-stm32.7-2018-q2-update.win32_1.4.0.202007081208/tools/bin/../lib/gcc/arm-none-eabi/7.3.1/../../../../arm-none-eabi/lib/thumb/v7e-m\libc_nano.a
LOAD c:/st/stm32cubeide_1.4.0/stm32cubeide/plugins/com.st.stm32cube.ide.mcu.externaltools.gnu-tools-for-stm32.7-2018-q2-update.win32_1.4.0.202007081208/tools/bin/../lib/gcc/arm-none-eabi/7.3.1/../../../../arm-none-eabi/lib/thumb/v7e-m\libnosys.a
END GROUP
LOAD c:/st/stm32cubeide_1.4.0/stm32cubeide/plugins/com.st.stm32cube.ide.mcu.externaltools.gnu-tools-for-stm32.7-2018-q2-update.win32_1.4.0.202007081208/tools/bin/../lib/gcc/arm-none-eabi/7.3.1/thumb/v7e-m/crtend.o
LOAD c:/st/stm32cubeide_1.4.0/stm32cubeide/plugins/com.st.stm32cube.ide.mcu.externaltools.gnu-tools-for-stm32.7-2018-q2-update.win32_1.4.0.202007081208/tools/bin/../lib/gcc/arm-none-eabi/7.3.1/thumb/v7e-m/crtn.o
                0x0000000020018000                _estack = 0x20018000
                0x0000000000000200                _Min_Heap_Size = 0x200
                0x0000000000000400                _Min_Stack_Size = 0x400

.isr_vector     0x0000000008000000      0x188
                0x0000000008000000                . = ALIGN (0x8)
 *(.isr_vector)
 .isr_vector    0x0000000008000000      0x188 startup/startup_stm32l476xx.o
                0x0000000008000000                g_pfnVectors
                0x0000000008000188                . = ALIGN (0x8)

.text           0x0000000008000190     0xc900
                0x0000000008000190                . = ALIGN (0x8)
 *(.text)
 .text          0x0000000008000190       0x40 c:/st/stm32cubeide_1.4.0/stm32cubeide/plugins/com.st.stm32cube.ide.mcu.externaltools.gnu-tools-for-stm32.7-2018-q2-update.win32_1.4.0.202007081208/tools/bin/../lib/gcc/arm-none-eabi/7.3.1/thumb/v7e-m/crtbegin.o
 .text          0x00000000080001d0       0xa0 c:/st/stm32cubeide_1.4.0/stm32cubeide/plugins/com.st.stm32cube.ide.mcu.externaltools.gnu-tools-for-stm32.7-2018-q2-update.win32_1.4.0.202007081208/tools/bin/../lib/gcc/arm-none-eabi/7.3.1/../../../../arm-none-eabi/lib/thumb/v7e-m\libc_nano.a(lib_a-memchr.o)
                0x00000000080001d0                memchr
 .text          0x0000000008000270      0x378 c:/st/stm32cubeide_1.4.0/stm32cubeide/plugins/com.st.stm32cube.ide.mcu.externaltools.gnu-tools-for-stm32.7-2018-q2-update.win32_1.4.0.202007081208/tools/bin/../lib/gcc/arm-none-eabi/7.3.1/thumb/v7e-m\libgcc.a(_arm_addsubdf3.o)
                0x0000000008000270                __aeabi_drsub
                0x0000000008000278                __aeabi_dsub
                0x0000000008000278                __subdf3
                0x000000000800027c                __aeabi_dadd
                0x000000000800027c                __adddf3
                0x00000000080004f4                __floatunsidf
                0x00000000080004f4                __aeabi_ui2d
                0x0000000008000514                __floatsidf
                0x0000000008000514                __aeabi_i2d
                0x0000000008000538                __aeabi_f2d
                0x0000000008000538                __extendsfdf2
                0x000000000800057c                __floatundidf
                0x000000000800057c                __aeabi_ul2d
                0x000000000800058c                __floatdidf
                0x000000000800058c                __aeabi_l2d
 .text          0x00000000080005e8      0x424 c:/st/stm32cubeide_1.4.0/stm32cubeide/plugins/com.st.stm32cube.ide.mcu.externaltools.gnu-tools-for-stm32.7-2018-q2-update.win32_1.4.0.202007081208/tools/bin/../lib/gcc/arm-none-eabi/7.3.1/thumb/v7e-m\libgcc.a(_arm_muldivdf3.o)
                0x00000000080005e8                __aeabi_dmul
                0x00000000080005e8                __muldf3
                0x000000000800083c                __divdf3
                0x000000000800083c                __aeabi_ddiv
 .text          0x0000000008000a0c      0x110 c:/st/stm32cubeide_1.4.0/stm32cubeide/plugins/com.st.stm32cube.ide.mcu.externaltools.gnu-tools-for-stm32.7-2018-q2-update.win32_1.4.0.202007081208/tools/bin/../lib/gcc/arm-none-eabi/7.3.1/thumb/v7e-m\libgcc.a(_arm_cmpdf2.o)
                0x0000000008000a0c                __gtdf2
                0x0000000008000a0c                __gedf2
                0x0000000008000a14                __ltdf2
                0x0000000008000a14                __ledf2
                0x0000000008000a1c                __nedf2
                0x0000000008000a1c                __eqdf2
                0x0000000008000a1c                __cmpdf2
                0x0000000008000a98                __aeabi_cdrcmple
                0x0000000008000aa8                __aeabi_cdcmpeq
                0x0000000008000aa8                __aeabi_cdcmple
                0x0000000008000ab8                __aeabi_dcmpeq
                0x0000000008000acc                __aeabi_dcmplt
                0x0000000008000ae0                __aeabi_dcmple
                0x0000000008000af4                __aeabi_dcmpge
                0x0000000008000b08                __aeabi_dcmpgt
 .text          0x0000000008000b1c       0x50 c:/st/stm32cubeide_1.4.0/stm32cubeide/plugins/com.st.stm32cube.ide.mcu.externaltools.gnu-tools-for-stm32.7-2018-q2-update.win32_1.4.0.202007081208/tools/bin/../lib/gcc/arm-none-eabi/7.3.1/thumb/v7e-m\libgcc.a(_arm_fixdfsi.o)
                0x0000000008000b1c                __aeabi_d2iz
                0x0000000008000b1c                __fixdfsi
 .text          0x0000000008000b6c       0x30 c:/st/stm32cubeide_1.4.0/stm32cubeide/plugins/com.st.stm32cube.ide.mcu.externaltools.gnu-tools-for-stm32.7-2018-q2-update.win32_1.4.0.202007081208/tools/bin/../lib/gcc/arm-none-eabi/7.3.1/thumb/v7e-m\libgcc.a(_aeabi_uldivmod.o)
                0x0000000008000b6c                __aeabi_uldivmod
 .text          0x0000000008000b9c      0x2cc c:/st/stm32cubeide_1.4.0/stm32cubeide/plugins/com.st.stm32cube.ide.mcu.externaltools.gnu-tools-for-stm32.7-2018-q2-update.win32_1.4.0.202007081208/tools/bin/../lib/gcc/arm-none-eabi/7.3.1/thumb/v7e-m\libgcc.a(_udivmoddi4.o)
                0x0000000008000b9c                __udivmoddi4
 .text          0x0000000008000e68        0x4 c:/st/stm32cubeide_1.4.0/stm32cubeide/plugins/com.st.stm32cube.ide.mcu.externaltools.gnu-tools-for-stm32.7-2018-q2-update.win32_1.4.0.202007081208/tools/bin/../lib/gcc/arm-none-eabi/7.3.1/thumb/v7e-m\libgcc.a(_dvmd_tls.o)
                0x0000000008000e68                __aeabi_idiv0
                0x0000000008000e68                __aeabi_ldiv0
 *(.text*)
 .text._I2cFailRecover
                0x0000000008000e6c      0x144 Drivers/BSP/X-NUCLEO-53L0A1/X-NUCLEO-53L0A1.o
 .text.XNUCLEO53L0A1_I2C1Configure
                0x0000000008000fb0       0xb4 Drivers/BSP/X-NUCLEO-53L0A1/X-NUCLEO-53L0A1.o
                0x0000000008000fb0                XNUCLEO53L0A1_I2C1Configure
 .text.XNUCLEO53L0A1_Init
                0x0000000008001064      0x110 Drivers/BSP/X-NUCLEO-53L0A1/X-NUCLEO-53L0A1.o
                0x0000000008001064                XNUCLEO53L0A1_Init
 .text.XNUCLEO53L0A1_ResetId
                0x0000000008001174      0x114 Drivers/BSP/X-NUCLEO-53L0A1/X-NUCLEO-53L0A1.o
                0x0000000008001174                XNUCLEO53L0A1_ResetId
 .text._ExpandersSetAllIO
                0x0000000008001288       0x40 Drivers/BSP/X-NUCLEO-53L0A1/X-NUCLEO-53L0A1.o
 .text._ExpanderRd
                0x00000000080012c8       0x64 Drivers/BSP/X-NUCLEO-53L0A1/X-NUCLEO-53L0A1.o
 .text._ExpanderWR
                0x000000000800132c       0x54 Drivers/BSP/X-NUCLEO-53L0A1/X-NUCLEO-53L0A1.o
 .text.XNUCLEO53L0A1_SetDisplayString
                0x0000000008001380       0xd0 Drivers/BSP/X-NUCLEO-53L0A1/X-NUCLEO-53L0A1.o
                0x0000000008001380                XNUCLEO53L0A1_SetDisplayString
 .text.HAL_UART_TxCpltCallback
                0x0000000008001450       0x1c Drivers/BSP/X-NUCLEO-53L0A1/uart_trace.o
                0x0000000008001450                HAL_UART_TxCpltCallback
 .text.uart_vprintf
                0x000000000800146c       0x74 Drivers/BSP/X-NUCLEO-53L0A1/uart_trace.o
                0x000000000800146c                uart_vprintf
 .text.uart_printf
                0x00000000080014e0       0x38 Drivers/BSP/X-NUCLEO-53L0A1/uart_trace.o
                0x00000000080014e0                uart_printf
 .text.DMA1_Channel7_IRQHandler
                0x0000000008001518       0x14 Drivers/BSP/X-NUCLEO-53L0A1/vl53l0a1-x4msp.o
                0x0000000008001518                DMA1_Channel7_IRQHandler
 .text.MX_DMA_Init
                0x000000000800152c       0x3c Drivers/BSP/X-NUCLEO-53L0A1/vl53l0a1-x4msp.o
 .text.XNUCLEO53L0A1_USART2_UART_Init
                0x0000000008001568       0x58 Drivers/BSP/X-NUCLEO-53L0A1/vl53l0a1-x4msp.o
                0x0000000008001568                XNUCLEO53L0A1_USART2_UART_Init
 .text.HAL_UART_MspInit
                0x00000000080015c0       0xbc Drivers/BSP/X-NUCLEO-53L0A1/vl53l0a1-x4msp.o
                0x00000000080015c0                HAL_UART_MspInit
 .text.USART2_IRQHandler
                0x000000000800167c       0x14 Drivers/BSP/X-NUCLEO-53L0A1/vl53l0a1-x4msp.o
                0x000000000800167c                USART2_IRQHandler
 .text.HAL_GPIO_EXTI_Callback
                0x0000000008001690       0x48 Drivers/BSP/X-NUCLEO-53L0A1/vl53l0a1-x4msp.o
                0x0000000008001690                HAL_GPIO_EXTI_Callback
 .text.EXTI4_IRQHandler
                0x00000000080016d8        0xe Drivers/BSP/X-NUCLEO-53L0A1/vl53l0a1-x4msp.o
                0x00000000080016d8                EXTI4_IRQHandler
 .text.EXTI9_5_IRQHandler
                0x00000000080016e6        0xe Drivers/BSP/X-NUCLEO-53L0A1/vl53l0a1-x4msp.o
                0x00000000080016e6                EXTI9_5_IRQHandler
 .text.EXTI15_10_IRQHandler
                0x00000000080016f4       0x10 Drivers/BSP/X-NUCLEO-53L0A1/vl53l0a1-x4msp.o
                0x00000000080016f4                EXTI15_10_IRQHandler
 .text._I2CWrite
                0x0000000008001704       0x3e Drivers/BSP/X-NUCLEO-53L0A1/vl53l0x_platform.o
                0x0000000008001704                _I2CWrite
 .text._I2CRead
                0x0000000008001742       0x44 Drivers/BSP/X-NUCLEO-53L0A1/vl53l0x_platform.o
                0x0000000008001742                _I2CRead
 *fill*         0x0000000008001786        0x2 
 .text.VL53L0X_WriteMulti
                0x0000000008001788       0x60 Drivers/BSP/X-NUCLEO-53L0A1/vl53l0x_platform.o
                0x0000000008001788                VL53L0X_WriteMulti
 .text.VL53L0X_ReadMulti
                0x00000000080017e8       0x56 Drivers/BSP/X-NUCLEO-53L0A1/vl53l0x_platform.o
                0x00000000080017e8                VL53L0X_ReadMulti
 *fill*         0x000000000800183e        0x2 
 .text.VL53L0X_WrByte
                0x0000000008001840       0x48 Drivers/BSP/X-NUCLEO-53L0A1/vl53l0x_platform.o
                0x0000000008001840                VL53L0X_WrByte
 .text.VL53L0X_WrWord
                0x0000000008001888       0x54 Drivers/BSP/X-NUCLEO-53L0A1/vl53l0x_platform.o
                0x0000000008001888                VL53L0X_WrWord
 .text.VL53L0X_UpdateByte
                0x00000000080018dc       0x68 Drivers/BSP/X-NUCLEO-53L0A1/vl53l0x_platform.o
                0x00000000080018dc                VL53L0X_UpdateByte
 .text.VL53L0X_RdByte
                0x0000000008001944       0x54 Drivers/BSP/X-NUCLEO-53L0A1/vl53l0x_platform.o
                0x0000000008001944                VL53L0X_RdByte
 .text.VL53L0X_RdWord
                0x0000000008001998       0x70 Drivers/BSP/X-NUCLEO-53L0A1/vl53l0x_platform.o
                0x0000000008001998                VL53L0X_RdWord
 .text.VL53L0X_RdDWord
                0x0000000008001a08       0x78 Drivers/BSP/X-NUCLEO-53L0A1/vl53l0x_platform.o
                0x0000000008001a08                VL53L0X_RdDWord
 .text.VL53L0X_PollingDelay
                0x0000000008001a80       0x1e Drivers/BSP/X-NUCLEO-53L0A1/vl53l0x_platform.o
                0x0000000008001a80                VL53L0X_PollingDelay
 .text.VL53L0X_GetOffsetCalibrationDataMicroMeter
                0x0000000008001a9e       0x26 Drivers/BSP/vl53l0x/vl53l0x_api.o
                0x0000000008001a9e                VL53L0X_GetOffsetCalibrationDataMicroMeter
 .text.VL53L0X_SetDeviceAddress
                0x0000000008001ac4       0x30 Drivers/BSP/vl53l0x/vl53l0x_api.o
                0x0000000008001ac4                VL53L0X_SetDeviceAddress
 .text.VL53L0X_DataInit
                0x0000000008001af4      0x2c8 Drivers/BSP/vl53l0x/vl53l0x_api.o
                0x0000000008001af4                VL53L0X_DataInit
 .text.VL53L0X_StaticInit
                0x0000000008001dbc      0x304 Drivers/BSP/vl53l0x/vl53l0x_api.o
                0x0000000008001dbc                VL53L0X_StaticInit
 .text.VL53L0X_GetDeviceParameters
                0x00000000080020c0      0x120 Drivers/BSP/vl53l0x/vl53l0x_api.o
                0x00000000080020c0                VL53L0X_GetDeviceParameters
 .text.VL53L0X_SetDeviceMode
                0x00000000080021e0       0x90 Drivers/BSP/vl53l0x/vl53l0x_api.o
                0x00000000080021e0                VL53L0X_SetDeviceMode
 .text.VL53L0X_GetDeviceMode
                0x0000000008002270       0x24 Drivers/BSP/vl53l0x/vl53l0x_api.o
                0x0000000008002270                VL53L0X_GetDeviceMode
 .text.VL53L0X_GetFractionEnable
                0x0000000008002294       0x3e Drivers/BSP/vl53l0x/vl53l0x_api.o
                0x0000000008002294                VL53L0X_GetFractionEnable
 .text.VL53L0X_SetMeasurementTimingBudgetMicroSeconds
                0x00000000080022d2       0x26 Drivers/BSP/vl53l0x/vl53l0x_api.o
                0x00000000080022d2                VL53L0X_SetMeasurementTimingBudgetMicroSeconds
 .text.VL53L0X_GetMeasurementTimingBudgetMicroSeconds
                0x00000000080022f8       0x26 Drivers/BSP/vl53l0x/vl53l0x_api.o
                0x00000000080022f8                VL53L0X_GetMeasurementTimingBudgetMicroSeconds
 .text.VL53L0X_GetVcselPulsePeriod
                0x000000000800231e       0x2e Drivers/BSP/vl53l0x/vl53l0x_api.o
                0x000000000800231e                VL53L0X_GetVcselPulsePeriod
 .text.VL53L0X_SetSequenceStepEnable
                0x000000000800234c      0x144 Drivers/BSP/vl53l0x/vl53l0x_api.o
                0x000000000800234c                VL53L0X_SetSequenceStepEnable
 .text.sequence_step_enabled
                0x0000000008002490       0xa4 Drivers/BSP/vl53l0x/vl53l0x_api.o
                0x0000000008002490                sequence_step_enabled
 .text.VL53L0X_GetSequenceStepEnables
                0x0000000008002534       0xb0 Drivers/BSP/vl53l0x/vl53l0x_api.o
                0x0000000008002534                VL53L0X_GetSequenceStepEnables
 .text.VL53L0X_GetInterMeasurementPeriodMilliSeconds
                0x00000000080025e4       0x68 Drivers/BSP/vl53l0x/vl53l0x_api.o
                0x00000000080025e4                VL53L0X_GetInterMeasurementPeriodMilliSeconds
 .text.VL53L0X_GetXTalkCompensationEnable
                0x000000000800264c       0x28 Drivers/BSP/vl53l0x/vl53l0x_api.o
                0x000000000800264c                VL53L0X_GetXTalkCompensationEnable
 .text.VL53L0X_GetXTalkCompensationRateMegaCps
                0x0000000008002674       0x66 Drivers/BSP/vl53l0x/vl53l0x_api.o
                0x0000000008002674                VL53L0X_GetXTalkCompensationRateMegaCps
 *fill*         0x00000000080026da        0x2 
 .text.VL53L0X_SetLimitCheckEnable
                0x00000000080026dc      0x118 Drivers/BSP/vl53l0x/vl53l0x_api.o
                0x00000000080026dc                VL53L0X_SetLimitCheckEnable
 .text.VL53L0X_GetLimitCheckEnable
                0x00000000080027f4       0x44 Drivers/BSP/vl53l0x/vl53l0x_api.o
                0x00000000080027f4                VL53L0X_GetLimitCheckEnable
 .text.VL53L0X_SetLimitCheckValue
                0x0000000008002838       0xc4 Drivers/BSP/vl53l0x/vl53l0x_api.o
                0x0000000008002838                VL53L0X_SetLimitCheckValue
 .text.VL53L0X_GetLimitCheckValue
                0x00000000080028fc      0x11c Drivers/BSP/vl53l0x/vl53l0x_api.o
                0x00000000080028fc                VL53L0X_GetLimitCheckValue
 .text.VL53L0X_GetWrapAroundCheckEnable
                0x0000000008002a18       0x64 Drivers/BSP/vl53l0x/vl53l0x_api.o
                0x0000000008002a18                VL53L0X_GetWrapAroundCheckEnable
 .text.VL53L0X_PerformSingleMeasurement
                0x0000000008002a7c       0x68 Drivers/BSP/vl53l0x/vl53l0x_api.o
                0x0000000008002a7c                VL53L0X_PerformSingleMeasurement
 .text.VL53L0X_PerformRefCalibration
                0x0000000008002ae4       0x2c Drivers/BSP/vl53l0x/vl53l0x_api.o
                0x0000000008002ae4                VL53L0X_PerformRefCalibration
 .text.VL53L0X_CheckAndLoadInterruptSettings
                0x0000000008002b10       0xcc Drivers/BSP/vl53l0x/vl53l0x_api.o
                0x0000000008002b10                VL53L0X_CheckAndLoadInterruptSettings
 .text.VL53L0X_StartMeasurement
                0x0000000008002bdc      0x17e Drivers/BSP/vl53l0x/vl53l0x_api.o
                0x0000000008002bdc                VL53L0X_StartMeasurement
 .text.VL53L0X_GetMeasurementDataReady
                0x0000000008002d5a       0x80 Drivers/BSP/vl53l0x/vl53l0x_api.o
                0x0000000008002d5a                VL53L0X_GetMeasurementDataReady
 *fill*         0x0000000008002dda        0x2 
 .text.VL53L0X_GetRangingMeasurementData
                0x0000000008002ddc      0x24c Drivers/BSP/vl53l0x/vl53l0x_api.o
                0x0000000008002ddc                VL53L0X_GetRangingMeasurementData
 .text.VL53L0X_PerformSingleRangingMeasurement
                0x0000000008003028       0x60 Drivers/BSP/vl53l0x/vl53l0x_api.o
                0x0000000008003028                VL53L0X_PerformSingleRangingMeasurement
 .text.VL53L0X_SetGpioConfig
                0x0000000008003088      0x248 Drivers/BSP/vl53l0x/vl53l0x_api.o
                0x0000000008003088                VL53L0X_SetGpioConfig
 .text.VL53L0X_GetInterruptThresholds
                0x00000000080032d0       0x6c Drivers/BSP/vl53l0x/vl53l0x_api.o
                0x00000000080032d0                VL53L0X_GetInterruptThresholds
 .text.VL53L0X_ClearInterruptMask
                0x000000000800333c       0x80 Drivers/BSP/vl53l0x/vl53l0x_api.o
                0x000000000800333c                VL53L0X_ClearInterruptMask
 .text.VL53L0X_GetInterruptMaskStatus
                0x00000000080033bc       0x44 Drivers/BSP/vl53l0x/vl53l0x_api.o
                0x00000000080033bc                VL53L0X_GetInterruptMaskStatus
 .text.VL53L0X_PerformRefSpadManagement
                0x0000000008003400       0x2a Drivers/BSP/vl53l0x/vl53l0x_api.o
                0x0000000008003400                VL53L0X_PerformRefSpadManagement
 .text.VL53L0X_get_offset_calibration_data_micro_meter
                0x000000000800342a       0x7e Drivers/BSP/vl53l0x/vl53l0x_api_calibration.o
                0x000000000800342a                VL53L0X_get_offset_calibration_data_micro_meter
 .text.get_next_good_spad
                0x00000000080034a8       0xba Drivers/BSP/vl53l0x/vl53l0x_api_calibration.o
                0x00000000080034a8                get_next_good_spad
 *fill*         0x0000000008003562        0x2 
 .text.is_aperture
                0x0000000008003564       0x34 Drivers/BSP/vl53l0x/vl53l0x_api_calibration.o
                0x0000000008003564                is_aperture
 .text.enable_spad_bit
                0x0000000008003598       0x6e Drivers/BSP/vl53l0x/vl53l0x_api_calibration.o
                0x0000000008003598                enable_spad_bit
 .text.set_ref_spad_map
                0x0000000008003606       0x26 Drivers/BSP/vl53l0x/vl53l0x_api_calibration.o
                0x0000000008003606                set_ref_spad_map
 .text.get_ref_spad_map
                0x000000000800362c       0x26 Drivers/BSP/vl53l0x/vl53l0x_api_calibration.o
                0x000000000800362c                get_ref_spad_map
 .text.enable_ref_spads
                0x0000000008003652       0xf8 Drivers/BSP/vl53l0x/vl53l0x_api_calibration.o
                0x0000000008003652                enable_ref_spads
 .text.perform_ref_signal_measurement
                0x000000000800374a       0xd4 Drivers/BSP/vl53l0x/vl53l0x_api_calibration.o
                0x000000000800374a                perform_ref_signal_measurement
 .text.VL53L0X_perform_ref_spad_management
                0x000000000800381e      0x418 Drivers/BSP/vl53l0x/vl53l0x_api_calibration.o
                0x000000000800381e                VL53L0X_perform_ref_spad_management
 .text.VL53L0X_set_reference_spads
                0x0000000008003c36      0x14a Drivers/BSP/vl53l0x/vl53l0x_api_calibration.o
                0x0000000008003c36                VL53L0X_set_reference_spads
 .text.VL53L0X_perform_single_ref_calibration
                0x0000000008003d80       0x76 Drivers/BSP/vl53l0x/vl53l0x_api_calibration.o
                0x0000000008003d80                VL53L0X_perform_single_ref_calibration
 .text.VL53L0X_ref_calibration_io
                0x0000000008003df6      0x132 Drivers/BSP/vl53l0x/vl53l0x_api_calibration.o
                0x0000000008003df6                VL53L0X_ref_calibration_io
 .text.VL53L0X_perform_vhv_calibration
                0x0000000008003f28       0xce Drivers/BSP/vl53l0x/vl53l0x_api_calibration.o
                0x0000000008003f28                VL53L0X_perform_vhv_calibration
 .text.VL53L0X_perform_phase_calibration
                0x0000000008003ff6       0xca Drivers/BSP/vl53l0x/vl53l0x_api_calibration.o
                0x0000000008003ff6                VL53L0X_perform_phase_calibration
 .text.VL53L0X_perform_ref_calibration
                0x00000000080040c0       0x7a Drivers/BSP/vl53l0x/vl53l0x_api_calibration.o
                0x00000000080040c0                VL53L0X_perform_ref_calibration
 .text.VL53L0X_measurement_poll_for_completion
                0x000000000800413a       0x60 Drivers/BSP/vl53l0x/vl53l0x_api_core.o
                0x000000000800413a                VL53L0X_measurement_poll_for_completion
 .text.VL53L0X_decode_vcsel_period
                0x000000000800419a       0x24 Drivers/BSP/vl53l0x/vl53l0x_api_core.o
                0x000000000800419a                VL53L0X_decode_vcsel_period
 .text.VL53L0X_isqrt
                0x00000000080041be       0x66 Drivers/BSP/vl53l0x/vl53l0x_api_core.o
                0x00000000080041be                VL53L0X_isqrt
 .text.VL53L0X_device_read_strobe
                0x0000000008004224       0x86 Drivers/BSP/vl53l0x/vl53l0x_api_core.o
                0x0000000008004224                VL53L0X_device_read_strobe
 .text.VL53L0X_get_info_from_device
                0x00000000080042aa      0x99a Drivers/BSP/vl53l0x/vl53l0x_api_core.o
                0x00000000080042aa                VL53L0X_get_info_from_device
 .text.VL53L0X_calc_macro_period_ps
                0x0000000008004c44       0x3a Drivers/BSP/vl53l0x/vl53l0x_api_core.o
                0x0000000008004c44                VL53L0X_calc_macro_period_ps
 .text.VL53L0X_encode_timeout
                0x0000000008004c7e       0x56 Drivers/BSP/vl53l0x/vl53l0x_api_core.o
                0x0000000008004c7e                VL53L0X_encode_timeout
 .text.VL53L0X_decode_timeout
                0x0000000008004cd4       0x2a Drivers/BSP/vl53l0x/vl53l0x_api_core.o
                0x0000000008004cd4                VL53L0X_decode_timeout
 *fill*         0x0000000008004cfe        0x2 
 .text.VL53L0X_calc_timeout_mclks
                0x0000000008004d00       0x54 Drivers/BSP/vl53l0x/vl53l0x_api_core.o
                0x0000000008004d00                VL53L0X_calc_timeout_mclks
 .text.VL53L0X_calc_timeout_us
                0x0000000008004d54       0x54 Drivers/BSP/vl53l0x/vl53l0x_api_core.o
                0x0000000008004d54                VL53L0X_calc_timeout_us
 .text.get_sequence_step_timeout
                0x0000000008004da8      0x1c2 Drivers/BSP/vl53l0x/vl53l0x_api_core.o
                0x0000000008004da8                get_sequence_step_timeout
 .text.set_sequence_step_timeout
                0x0000000008004f6a      0x1e4 Drivers/BSP/vl53l0x/vl53l0x_api_core.o
                0x0000000008004f6a                set_sequence_step_timeout
 .text.VL53L0X_get_vcsel_pulse_period
                0x000000000800514e       0x6e Drivers/BSP/vl53l0x/vl53l0x_api_core.o
                0x000000000800514e                VL53L0X_get_vcsel_pulse_period
 .text.VL53L0X_set_measurement_timing_budget_micro_seconds
                0x00000000080051bc      0x1c0 Drivers/BSP/vl53l0x/vl53l0x_api_core.o
                0x00000000080051bc                VL53L0X_set_measurement_timing_budget_micro_seconds
 .text.VL53L0X_get_measurement_timing_budget_micro_seconds
                0x000000000800537c      0x162 Drivers/BSP/vl53l0x/vl53l0x_api_core.o
                0x000000000800537c                VL53L0X_get_measurement_timing_budget_micro_seconds
 *fill*         0x00000000080054de        0x2 
 .text.VL53L0X_load_tuning_settings
                0x00000000080054e0      0x1c4 Drivers/BSP/vl53l0x/vl53l0x_api_core.o
                0x00000000080054e0                VL53L0X_load_tuning_settings
 .text.VL53L0X_get_total_xtalk_rate
                0x00000000080056a4       0x5e Drivers/BSP/vl53l0x/vl53l0x_api_core.o
                0x00000000080056a4                VL53L0X_get_total_xtalk_rate
 .text.VL53L0X_get_total_signal_rate
                0x0000000008005702       0x4a Drivers/BSP/vl53l0x/vl53l0x_api_core.o
                0x0000000008005702                VL53L0X_get_total_signal_rate
 .text.VL53L0X_calc_dmax
                0x000000000800574c      0x240 Drivers/BSP/vl53l0x/vl53l0x_api_core.o
                0x000000000800574c                VL53L0X_calc_dmax
 .text.VL53L0X_calc_sigma_estimate
                0x000000000800598c      0x4a4 Drivers/BSP/vl53l0x/vl53l0x_api_core.o
                0x000000000800598c                VL53L0X_calc_sigma_estimate
 .text.VL53L0X_get_pal_range_status
                0x0000000008005e30      0x3b6 Drivers/BSP/vl53l0x/vl53l0x_api_core.o
                0x0000000008005e30                VL53L0X_get_pal_range_status
 *fill*         0x00000000080061e6        0x2 
 .text.SystemInit
                0x00000000080061e8       0x58 Drivers/CMSIS/system_stm32l4xx.o
                0x00000000080061e8                SystemInit
 .text.HAL_Init
                0x0000000008006240       0x2c Drivers/STM32L4xx_HAL_Driver/stm32l4xx_hal.o
                0x0000000008006240                HAL_Init
 .text.HAL_InitTick
                0x000000000800626c       0x38 Drivers/STM32L4xx_HAL_Driver/stm32l4xx_hal.o
                0x000000000800626c                HAL_InitTick
 .text.HAL_IncTick
                0x00000000080062a4       0x1c Drivers/STM32L4xx_HAL_Driver/stm32l4xx_hal.o
                0x00000000080062a4                HAL_IncTick
 .text.HAL_GetTick
                0x00000000080062c0       0x14 Drivers/STM32L4xx_HAL_Driver/stm32l4xx_hal.o
                0x00000000080062c0                HAL_GetTick
 .text.HAL_Delay
                0x00000000080062d4       0x2c Drivers/STM32L4xx_HAL_Driver/stm32l4xx_hal.o
                0x00000000080062d4                HAL_Delay
 .text.NVIC_SetPriorityGrouping
                0x0000000008006300       0x48 Drivers/STM32L4xx_HAL_Driver/stm32l4xx_hal_cortex.o
 .text.NVIC_GetPriorityGrouping
                0x0000000008006348       0x1c Drivers/STM32L4xx_HAL_Driver/stm32l4xx_hal_cortex.o
 .text.NVIC_EnableIRQ
                0x0000000008006364       0x30 Drivers/STM32L4xx_HAL_Driver/stm32l4xx_hal_cortex.o
 .text.NVIC_SetPriority
                0x0000000008006394       0x54 Drivers/STM32L4xx_HAL_Driver/stm32l4xx_hal_cortex.o
 .text.NVIC_EncodePriority
                0x00000000080063e8       0x64 Drivers/STM32L4xx_HAL_Driver/stm32l4xx_hal_cortex.o
 .text.SysTick_Config
                0x000000000800644c       0x44 Drivers/STM32L4xx_HAL_Driver/stm32l4xx_hal_cortex.o
 .text.HAL_NVIC_SetPriorityGrouping
                0x0000000008006490       0x16 Drivers/STM32L4xx_HAL_Driver/stm32l4xx_hal_cortex.o
                0x0000000008006490                HAL_NVIC_SetPriorityGrouping
 .text.HAL_NVIC_SetPriority
                0x00000000080064a6       0x38 Drivers/STM32L4xx_HAL_Driver/stm32l4xx_hal_cortex.o
                0x00000000080064a6                HAL_NVIC_SetPriority
 .text.HAL_NVIC_EnableIRQ
                0x00000000080064de       0x1c Drivers/STM32L4xx_HAL_Driver/stm32l4xx_hal_cortex.o
                0x00000000080064de                HAL_NVIC_EnableIRQ
 .text.HAL_SYSTICK_Config
                0x00000000080064fa       0x18 Drivers/STM32L4xx_HAL_Driver/stm32l4xx_hal_cortex.o
                0x00000000080064fa                HAL_SYSTICK_Config
 *fill*         0x0000000008006512        0x2 
 .text.HAL_SYSTICK_CLKSourceConfig
                0x0000000008006514       0x38 Drivers/STM32L4xx_HAL_Driver/stm32l4xx_hal_cortex.o
                0x0000000008006514                HAL_SYSTICK_CLKSourceConfig
 .text.HAL_SYSTICK_IRQHandler
                0x000000000800654c        0xc Drivers/STM32L4xx_HAL_Driver/stm32l4xx_hal_cortex.o
                0x000000000800654c                HAL_SYSTICK_IRQHandler
 .text.HAL_SYSTICK_Callback
                0x0000000008006558        0xc Drivers/STM32L4xx_HAL_Driver/stm32l4xx_hal_cortex.o
                0x0000000008006558                HAL_SYSTICK_Callback
 .text.HAL_DMA_Init
                0x0000000008006564      0x17c Drivers/STM32L4xx_HAL_Driver/stm32l4xx_hal_dma.o
                0x0000000008006564                HAL_DMA_Init
 .text.HAL_DMA_Start_IT
                0x00000000080066e0       0xc0 Drivers/STM32L4xx_HAL_Driver/stm32l4xx_hal_dma.o
                0x00000000080066e0                HAL_DMA_Start_IT
 .text.HAL_DMA_Abort_IT
                0x00000000080067a0       0x84 Drivers/STM32L4xx_HAL_Driver/stm32l4xx_hal_dma.o
                0x00000000080067a0                HAL_DMA_Abort_IT
 .text.HAL_DMA_IRQHandler
                0x0000000008006824      0x158 Drivers/STM32L4xx_HAL_Driver/stm32l4xx_hal_dma.o
                0x0000000008006824                HAL_DMA_IRQHandler
 .text.DMA_SetConfig
                0x000000000800697c       0x60 Drivers/STM32L4xx_HAL_Driver/stm32l4xx_hal_dma.o
 .text.HAL_GPIO_Init
                0x00000000080069dc      0x358 Drivers/STM32L4xx_HAL_Driver/stm32l4xx_hal_gpio.o
                0x00000000080069dc                HAL_GPIO_Init
 .text.HAL_GPIO_ReadPin
                0x0000000008006d34       0x2e Drivers/STM32L4xx_HAL_Driver/stm32l4xx_hal_gpio.o
                0x0000000008006d34                HAL_GPIO_ReadPin
 .text.HAL_GPIO_WritePin
                0x0000000008006d62       0x2e Drivers/STM32L4xx_HAL_Driver/stm32l4xx_hal_gpio.o
                0x0000000008006d62                HAL_GPIO_WritePin
 .text.HAL_GPIO_EXTI_IRQHandler
                0x0000000008006d90       0x30 Drivers/STM32L4xx_HAL_Driver/stm32l4xx_hal_gpio.o
                0x0000000008006d90                HAL_GPIO_EXTI_IRQHandler
 .text.HAL_I2C_Init
                0x0000000008006dc0      0x116 Drivers/STM32L4xx_HAL_Driver/stm32l4xx_hal_i2c.o
                0x0000000008006dc0                HAL_I2C_Init
 .text.HAL_I2C_MspInit
                0x0000000008006ed6       0x12 Drivers/STM32L4xx_HAL_Driver/stm32l4xx_hal_i2c.o
                0x0000000008006ed6                HAL_I2C_MspInit
 .text.HAL_I2C_Master_Transmit
                0x0000000008006ee8      0x200 Drivers/STM32L4xx_HAL_Driver/stm32l4xx_hal_i2c.o
                0x0000000008006ee8                HAL_I2C_Master_Transmit
 .text.HAL_I2C_Master_Receive
                0x00000000080070e8      0x204 Drivers/STM32L4xx_HAL_Driver/stm32l4xx_hal_i2c.o
                0x00000000080070e8                HAL_I2C_Master_Receive
 .text.I2C_Flush_TXDR
                0x00000000080072ec       0x46 Drivers/STM32L4xx_HAL_Driver/stm32l4xx_hal_i2c.o
 .text.I2C_WaitOnFlagUntilTimeout
                0x0000000008007332       0x74 Drivers/STM32L4xx_HAL_Driver/stm32l4xx_hal_i2c.o
 .text.I2C_WaitOnTXISFlagUntilTimeout
                0x00000000080073a6       0x80 Drivers/STM32L4xx_HAL_Driver/stm32l4xx_hal_i2c.o
 .text.I2C_WaitOnSTOPFlagUntilTimeout
                0x0000000008007426       0x78 Drivers/STM32L4xx_HAL_Driver/stm32l4xx_hal_i2c.o
 *fill*         0x000000000800749e        0x2 
 .text.I2C_WaitOnRXNEFlagUntilTimeout
                0x00000000080074a0       0xbc Drivers/STM32L4xx_HAL_Driver/stm32l4xx_hal_i2c.o
 .text.I2C_IsAcknowledgeFailed
                0x000000000800755c       0xbc Drivers/STM32L4xx_HAL_Driver/stm32l4xx_hal_i2c.o
 .text.I2C_TransferConfig
                0x0000000008007618       0x5c Drivers/STM32L4xx_HAL_Driver/stm32l4xx_hal_i2c.o
 .text.HAL_PWREx_GetVoltageRange
                0x0000000008007674       0x18 Drivers/STM32L4xx_HAL_Driver/stm32l4xx_hal_pwr_ex.o
                0x0000000008007674                HAL_PWREx_GetVoltageRange
 .text.HAL_PWREx_ControlVoltageScaling
                0x000000000800768c       0xac Drivers/STM32L4xx_HAL_Driver/stm32l4xx_hal_pwr_ex.o
                0x000000000800768c                HAL_PWREx_ControlVoltageScaling
 .text.HAL_RCC_OscConfig
                0x0000000008007738      0x714 Drivers/STM32L4xx_HAL_Driver/stm32l4xx_hal_rcc.o
                0x0000000008007738                HAL_RCC_OscConfig
 .text.HAL_RCC_ClockConfig
                0x0000000008007e4c      0x244 Drivers/STM32L4xx_HAL_Driver/stm32l4xx_hal_rcc.o
                0x0000000008007e4c                HAL_RCC_ClockConfig
 .text.HAL_RCC_GetSysClockFreq
                0x0000000008008090      0x1f4 Drivers/STM32L4xx_HAL_Driver/stm32l4xx_hal_rcc.o
                0x0000000008008090                HAL_RCC_GetSysClockFreq
 .text.HAL_RCC_GetHCLKFreq
                0x0000000008008284       0x14 Drivers/STM32L4xx_HAL_Driver/stm32l4xx_hal_rcc.o
                0x0000000008008284                HAL_RCC_GetHCLKFreq
 .text.HAL_RCC_GetPCLK1Freq
                0x0000000008008298       0x44 Drivers/STM32L4xx_HAL_Driver/stm32l4xx_hal_rcc.o
                0x0000000008008298                HAL_RCC_GetPCLK1Freq
 .text.HAL_RCC_GetPCLK2Freq
                0x00000000080082dc       0x44 Drivers/STM32L4xx_HAL_Driver/stm32l4xx_hal_rcc.o
                0x00000000080082dc                HAL_RCC_GetPCLK2Freq
 .text.RCC_SetFlashLatencyFromMSIRange
                0x0000000008008320       0xc4 Drivers/STM32L4xx_HAL_Driver/stm32l4xx_hal_rcc.o
 .text.HAL_RCCEx_PeriphCLKConfig
                0x00000000080083e4      0x5c8 Drivers/STM32L4xx_HAL_Driver/stm32l4xx_hal_rcc_ex.o
                0x00000000080083e4                HAL_RCCEx_PeriphCLKConfig
 .text.RCCEx_PLLSAI1_Config
                0x00000000080089ac      0x2a8 Drivers/STM32L4xx_HAL_Driver/stm32l4xx_hal_rcc_ex.o
 .text.RCCEx_PLLSAI2_Config
                0x0000000008008c54      0x250 Drivers/STM32L4xx_HAL_Driver/stm32l4xx_hal_rcc_ex.o
 .text.HAL_TIM_Base_Start
                0x0000000008008ea4       0x34 Drivers/STM32L4xx_HAL_Driver/stm32l4xx_hal_tim.o
                0x0000000008008ea4                HAL_TIM_Base_Start
 .text.HAL_TIM_OC_Init
                0x0000000008008ed8       0x56 Drivers/STM32L4xx_HAL_Driver/stm32l4xx_hal_tim.o
                0x0000000008008ed8                HAL_TIM_OC_Init
 *fill*         0x0000000008008f2e        0x2 
 .text.HAL_TIM_OC_ConfigChannel
                0x0000000008008f30       0xfc Drivers/STM32L4xx_HAL_Driver/stm32l4xx_hal_tim.o
                0x0000000008008f30                HAL_TIM_OC_ConfigChannel
 .text.TIM_Base_SetConfig
                0x000000000800902c      0x128 Drivers/STM32L4xx_HAL_Driver/stm32l4xx_hal_tim.o
                0x000000000800902c                TIM_Base_SetConfig
 .text.TIM_OC1_SetConfig
                0x0000000008009154      0x12c Drivers/STM32L4xx_HAL_Driver/stm32l4xx_hal_tim.o
 .text.TIM_OC2_SetConfig
                0x0000000008009280      0x11c Drivers/STM32L4xx_HAL_Driver/stm32l4xx_hal_tim.o
                0x0000000008009280                TIM_OC2_SetConfig
 .text.TIM_OC3_SetConfig
                0x000000000800939c      0x11c Drivers/STM32L4xx_HAL_Driver/stm32l4xx_hal_tim.o
 .text.TIM_OC4_SetConfig
                0x00000000080094b8       0xdc Drivers/STM32L4xx_HAL_Driver/stm32l4xx_hal_tim.o
 .text.TIM_OC5_SetConfig
                0x0000000008009594       0xd4 Drivers/STM32L4xx_HAL_Driver/stm32l4xx_hal_tim.o
 .text.TIM_OC6_SetConfig
                0x0000000008009668       0xd4 Drivers/STM32L4xx_HAL_Driver/stm32l4xx_hal_tim.o
 .text.HAL_TIMEx_MasterConfigSynchronization
                0x000000000800973c       0xa8 Drivers/STM32L4xx_HAL_Driver/stm32l4xx_hal_tim_ex.o
                0x000000000800973c                HAL_TIMEx_MasterConfigSynchronization
 .text.HAL_UART_Init
                0x00000000080097e4       0xa2 Drivers/STM32L4xx_HAL_Driver/stm32l4xx_hal_uart.o
                0x00000000080097e4                HAL_UART_Init
 *fill*         0x0000000008009886        0x2 
 .text.HAL_UART_Transmit_DMA
                0x0000000008009888       0xdc Drivers/STM32L4xx_HAL_Driver/stm32l4xx_hal_uart.o
                0x0000000008009888                HAL_UART_Transmit_DMA
 .text.HAL_UART_IRQHandler
                0x0000000008009964      0x244 Drivers/STM32L4xx_HAL_Driver/stm32l4xx_hal_uart.o
                0x0000000008009964                HAL_UART_IRQHandler
 .text.HAL_UART_TxHalfCpltCallback
                0x0000000008009ba8       0x12 Drivers/STM32L4xx_HAL_Driver/stm32l4xx_hal_uart.o
                0x0000000008009ba8                HAL_UART_TxHalfCpltCallback
 .text.HAL_UART_RxCpltCallback
                0x0000000008009bba       0x12 Drivers/STM32L4xx_HAL_Driver/stm32l4xx_hal_uart.o
                0x0000000008009bba                HAL_UART_RxCpltCallback
 .text.HAL_UART_ErrorCallback
                0x0000000008009bcc       0x12 Drivers/STM32L4xx_HAL_Driver/stm32l4xx_hal_uart.o
                0x0000000008009bcc                HAL_UART_ErrorCallback
 *fill*         0x0000000008009bde        0x2 
 .text.UART_SetConfig
                0x0000000008009be0      0x664 Drivers/STM32L4xx_HAL_Driver/stm32l4xx_hal_uart.o
                0x0000000008009be0                UART_SetConfig
 .text.UART_AdvFeatureConfig
                0x000000000800a244      0x142 Drivers/STM32L4xx_HAL_Driver/stm32l4xx_hal_uart.o
                0x000000000800a244                UART_AdvFeatureConfig
 .text.UART_CheckIdleState
                0x000000000800a386       0x92 Drivers/STM32L4xx_HAL_Driver/stm32l4xx_hal_uart.o
                0x000000000800a386                UART_CheckIdleState
 .text.UART_WaitOnFlagUntilTimeout
                0x000000000800a418       0x94 Drivers/STM32L4xx_HAL_Driver/stm32l4xx_hal_uart.o
                0x000000000800a418                UART_WaitOnFlagUntilTimeout
 .text.UART_EndTxTransfer
                0x000000000800a4ac       0x2a Drivers/STM32L4xx_HAL_Driver/stm32l4xx_hal_uart.o
 .text.UART_EndRxTransfer
                0x000000000800a4d6       0x3a Drivers/STM32L4xx_HAL_Driver/stm32l4xx_hal_uart.o
 .text.UART_DMATransmitCplt
                0x000000000800a510       0x54 Drivers/STM32L4xx_HAL_Driver/stm32l4xx_hal_uart.o
 .text.UART_DMATxHalfCplt
                0x000000000800a564       0x1c Drivers/STM32L4xx_HAL_Driver/stm32l4xx_hal_uart.o
 .text.UART_DMAError
                0x000000000800a580       0x78 Drivers/STM32L4xx_HAL_Driver/stm32l4xx_hal_uart.o
 .text.UART_DMAAbortOnError
                0x000000000800a5f8       0x2c Drivers/STM32L4xx_HAL_Driver/stm32l4xx_hal_uart.o
 .text.UART_Transmit_IT
                0x000000000800a624       0xaa Drivers/STM32L4xx_HAL_Driver/stm32l4xx_hal_uart.o
 .text.UART_EndTransmit_IT
                0x000000000800a6ce       0x30 Drivers/STM32L4xx_HAL_Driver/stm32l4xx_hal_uart.o
 .text.UART_Receive_IT
                0x000000000800a6fe       0xda Drivers/STM32L4xx_HAL_Driver/stm32l4xx_hal_uart.o
 .text.HAL_UARTEx_WakeupCallback
                0x000000000800a7d8       0x12 Drivers/STM32L4xx_HAL_Driver/stm32l4xx_hal_uart_ex.o
                0x000000000800a7d8                HAL_UARTEx_WakeupCallback
 .text.RB_init  0x000000000800a7ea       0x50 Middlewares/GestureDetect/ring_buffer.o
                0x000000000800a7ea                RB_init
 .text.RB_push  0x000000000800a83a       0x82 Middlewares/GestureDetect/ring_buffer.o
                0x000000000800a83a                RB_push
 .text.RB_full  0x000000000800a8bc       0x24 Middlewares/GestureDetect/ring_buffer.o
                0x000000000800a8bc                RB_full
 .text.RB_sum   0x000000000800a8e0       0x54 Middlewares/GestureDetect/ring_buffer.o
                0x000000000800a8e0                RB_sum
 .text.RB_mean  0x000000000800a934       0x20 Middlewares/GestureDetect/ring_buffer.o
                0x000000000800a934                RB_mean
 .text.RB_mad   0x000000000800a954       0x6c Middlewares/GestureDetect/ring_buffer.o
                0x000000000800a954                RB_mad
 .text.RB_dir   0x000000000800a9c0      0x114 Middlewares/GestureDetect/ring_buffer.o
                0x000000000800a9c0                RB_dir
 .text.tof_gestures_initDIRSWIPE_1
                0x000000000800aad4       0x62 Middlewares/GestureDetect/tof_gestures_DIRSWIPE_1.o
                0x000000000800aad4                tof_gestures_initDIRSWIPE_1
 .text.tof_gestures_detectDIRSWIPE_1
                0x000000000800ab36      0x164 Middlewares/GestureDetect/tof_gestures_DIRSWIPE_1.o
                0x000000000800ab36                tof_gestures_detectDIRSWIPE_1
 .text.tof_gestures_initSWIPE_1
                0x000000000800ac9a       0x42 Middlewares/GestureDetect/tof_gestures_SWIPE_1.o
                0x000000000800ac9a                tof_gestures_initSWIPE_1
 *fill*         0x000000000800acdc        0x4 
 .text.tof_gestures_detectSWIPE_1
                0x000000000800ace0      0x25c Middlewares/GestureDetect/tof_gestures_SWIPE_1.o
                0x000000000800ace0                tof_gestures_detectSWIPE_1
 .text.tof_gestures_initTAP_1
                0x000000000800af3c       0x50 Middlewares/GestureDetect/tof_gestures_TAP_1.o
                0x000000000800af3c                tof_gestures_initTAP_1
 *fill*         0x000000000800af8c        0x4 
 .text.tof_gestures_detectTAP_1
                0x000000000800af90      0x170 Middlewares/GestureDetect/tof_gestures_TAP_1.o
                0x000000000800af90                tof_gestures_detectTAP_1
 .text.tof_initMotion
                0x000000000800b100       0x34 Middlewares/GestureDetect/tof_motion.o
                0x000000000800b100                tof_initMotion
 .text.tof_getMotion
                0x000000000800b134       0xd6 Middlewares/GestureDetect/tof_motion.o
                0x000000000800b134                tof_getMotion
 *fill*         0x000000000800b20a        0x2 
 .text.BSP_GetPushButton
                0x000000000800b20c       0x24 src/main.o
                0x000000000800b20c                BSP_GetPushButton
 .text.PusbButton_WaitUnPress
                0x000000000800b230       0x50 src/main.o
                0x000000000800b230                PusbButton_WaitUnPress
 .text.VL53L0A1_EXTI_Callback
                0x000000000800b280       0x54 src/main.o
                0x000000000800b280                VL53L0A1_EXTI_Callback
 .text.HandleError
                0x000000000800b2d4       0x28 src/main.o
                0x000000000800b2d4                HandleError
 .text.MX_TIM5_Init
                0x000000000800b2fc       0x6c src/main.o
                0x000000000800b2fc                MX_TIM5_Init
 .text.TimeStamp_Init
                0x000000000800b368        0xc src/main.o
                0x000000000800b368                TimeStamp_Init
 .text.TimeStamp_Reset
                0x000000000800b374       0x1c src/main.o
                0x000000000800b374                TimeStamp_Reset
 .text.TimeStamp_Get
                0x000000000800b390       0x18 src/main.o
                0x000000000800b390                TimeStamp_Get
 .text.DetectSensors
                0x000000000800b3a8      0x1fc src/main.o
                0x000000000800b3a8                DetectSensors
 .text.SetupSingleShot
                0x000000000800b5a4      0x134 src/main.o
                0x000000000800b5a4                SetupSingleShot
 .text.FormatDirSwipe
                0x000000000800b6d8       0x4e src/main.o
                0x000000000800b6d8                FormatDirSwipe
 *fill*         0x000000000800b726        0x2 
 .text.Sensor_SetNewRange
                0x000000000800b728       0x84 src/main.o
                0x000000000800b728                Sensor_SetNewRange
 .text.ResetAndDetectSensor
                0x000000000800b7ac       0x3c src/main.o
                0x000000000800b7ac                ResetAndDetectSensor
 .text.main     0x000000000800b7e8      0x6b4 src/main.o
                0x000000000800b7e8                main
 .text.SystemClock_Config
                0x000000000800be9c       0xf4 src/main.o
                0x000000000800be9c                SystemClock_Config
 .text.MX_GPIO_Init
                0x000000000800bf90       0xb4 src/main.o
 .text.HAL_MspInit
                0x000000000800c044       0x1a src/stm32l4xx_hal_msp.o
                0x000000000800c044                HAL_MspInit
 *fill*         0x000000000800c05e        0x2 
 .text.HAL_TIM_OC_MspInit
                0x000000000800c060       0x60 src/stm32l4xx_hal_msp.o
                0x000000000800c060                HAL_TIM_OC_MspInit
 .text.NMI_Handler
                0x000000000800c0c0        0xc src/stm32l4xx_it.o
                0x000000000800c0c0                NMI_Handler
 .text.HardFault_Handler
                0x000000000800c0cc        0x6 src/stm32l4xx_it.o
                0x000000000800c0cc                HardFault_Handler
 .text.MemManage_Handler
                0x000000000800c0d2        0x6 src/stm32l4xx_it.o
                0x000000000800c0d2                MemManage_Handler
 .text.BusFault_Handler
                0x000000000800c0d8        0x6 src/stm32l4xx_it.o
                0x000000000800c0d8                BusFault_Handler
 .text.UsageFault_Handler
                0x000000000800c0de        0x6 src/stm32l4xx_it.o
                0x000000000800c0de                UsageFault_Handler
 .text.SVC_Handler
                0x000000000800c0e4        0xc src/stm32l4xx_it.o
                0x000000000800c0e4                SVC_Handler
 .text.DebugMon_Handler
                0x000000000800c0f0        0xc src/stm32l4xx_it.o
                0x000000000800c0f0                DebugMon_Handler
 .text.PendSV_Handler
                0x000000000800c0fc        0xc src/stm32l4xx_it.o
                0x000000000800c0fc                PendSV_Handler
 .text.SysTick_Handler
                0x000000000800c108       0x10 src/stm32l4xx_it.o
                0x000000000800c108                SysTick_Handler
 .text.Reset_Handler
                0x000000000800c118       0x50 startup/startup_stm32l476xx.o
                0x000000000800c118                Reset_Handler
 .text.Default_Handler
                0x000000000800c168        0x2 startup/startup_stm32l476xx.o
                0x000000000800c168                RTC_Alarm_IRQHandler
                0x000000000800c168                EXTI2_IRQHandler
                0x000000000800c168                TIM8_TRG_COM_IRQHandler
                0x000000000800c168                TIM8_CC_IRQHandler
                0x000000000800c168                TIM1_CC_IRQHandler
                0x000000000800c168                TSC_IRQHandler
                0x000000000800c168                TAMP_STAMP_IRQHandler
                0x000000000800c168                EXTI3_IRQHandler
                0x000000000800c168                LPTIM2_IRQHandler
                0x000000000800c168                DFSDM1_FLT1_IRQHandler
                0x000000000800c168                I2C3_ER_IRQHandler
                0x000000000800c168                DFSDM1_FLT2_IRQHandler
                0x000000000800c168                EXTI0_IRQHandler
                0x000000000800c168                I2C2_EV_IRQHandler
                0x000000000800c168                CAN1_RX0_IRQHandler
                0x000000000800c168                FPU_IRQHandler
                0x000000000800c168                TIM1_UP_TIM16_IRQHandler
                0x000000000800c168                ADC1_2_IRQHandler
                0x000000000800c168                SPI1_IRQHandler
                0x000000000800c168                TIM6_DAC_IRQHandler
                0x000000000800c168                TIM8_UP_IRQHandler
                0x000000000800c168                DMA2_Channel2_IRQHandler
                0x000000000800c168                DMA1_Channel4_IRQHandler
                0x000000000800c168                SAI2_IRQHandler
                0x000000000800c168                DFSDM1_FLT3_IRQHandler
                0x000000000800c168                USART3_IRQHandler
                0x000000000800c168                CAN1_RX1_IRQHandler
                0x000000000800c168                LCD_IRQHandler
                0x000000000800c168                UART5_IRQHandler
                0x000000000800c168                ADC3_IRQHandler
                0x000000000800c168                TIM4_IRQHandler
                0x000000000800c168                DMA2_Channel1_IRQHandler
                0x000000000800c168                QUADSPI_IRQHandler
                0x000000000800c168                I2C1_EV_IRQHandler
                0x000000000800c168                DMA1_Channel6_IRQHandler
                0x000000000800c168                UART4_IRQHandler
                0x000000000800c168                DMA2_Channel4_IRQHandler
                0x000000000800c168                TIM3_IRQHandler
                0x000000000800c168                RCC_IRQHandler
                0x000000000800c168                DMA1_Channel1_IRQHandler
                0x000000000800c168                Default_Handler
                0x000000000800c168                DMA2_Channel7_IRQHandler
                0x000000000800c168                TIM7_IRQHandler
                0x000000000800c168                SDMMC1_IRQHandler
                0x000000000800c168                TIM5_IRQHandler
                0x000000000800c168                I2C3_EV_IRQHandler
                0x000000000800c168                RTC_WKUP_IRQHandler
                0x000000000800c168                PVD_PVM_IRQHandler
                0x000000000800c168                SPI2_IRQHandler
                0x000000000800c168                CAN1_TX_IRQHandler
                0x000000000800c168                DMA2_Channel5_IRQHandler
                0x000000000800c168                DMA1_Channel5_IRQHandler
                0x000000000800c168                RNG_IRQHandler
                0x000000000800c168                TIM1_TRG_COM_TIM17_IRQHandler
                0x000000000800c168                DMA1_Channel3_IRQHandler
                0x000000000800c168                COMP_IRQHandler
                0x000000000800c168                WWDG_IRQHandler
                0x000000000800c168                LPUART1_IRQHandler
                0x000000000800c168                DMA2_Channel6_IRQHandler
                0x000000000800c168                TIM2_IRQHandler
                0x000000000800c168                EXTI1_IRQHandler
                0x000000000800c168                DFSDM1_FLT0_IRQHandler
                0x000000000800c168                I2C2_ER_IRQHandler
                0x000000000800c168                DMA1_Channel2_IRQHandler
                0x000000000800c168                TIM8_BRK_IRQHandler
                0x000000000800c168                CAN1_SCE_IRQHandler
                0x000000000800c168                FLASH_IRQHandler
                0x000000000800c168                USART1_IRQHandler
                0x000000000800c168                OTG_FS_IRQHandler
                0x000000000800c168                SPI3_IRQHandler
                0x000000000800c168                I2C1_ER_IRQHandler
                0x000000000800c168                FMC_IRQHandler
                0x000000000800c168                SWPMI1_IRQHandler
                0x000000000800c168                LPTIM1_IRQHandler
                0x000000000800c168                SAI1_IRQHandler
                0x000000000800c168                DMA2_Channel3_IRQHandler
                0x000000000800c168                TIM1_BRK_TIM15_IRQHandler
 *fill*         0x000000000800c16a        0x2 
 .text.__libc_init_array
                0x000000000800c16c       0x48 c:/st/stm32cubeide_1.4.0/stm32cubeide/plugins/com.st.stm32cube.ide.mcu.externaltools.gnu-tools-for-stm32.7-2018-q2-update.win32_1.4.0.202007081208/tools/bin/../lib/gcc/arm-none-eabi/7.3.1/../../../../arm-none-eabi/lib/thumb/v7e-m\libc_nano.a(lib_a-init.o)
                0x000000000800c16c                __libc_init_array
 .text.memcpy   0x000000000800c1b4       0x16 c:/st/stm32cubeide_1.4.0/stm32cubeide/plugins/com.st.stm32cube.ide.mcu.externaltools.gnu-tools-for-stm32.7-2018-q2-update.win32_1.4.0.202007081208/tools/bin/../lib/gcc/arm-none-eabi/7.3.1/../../../../arm-none-eabi/lib/thumb/v7e-m\libc_nano.a(lib_a-memcpy-stub.o)
                0x000000000800c1b4                memcpy
 .text.memset   0x000000000800c1ca       0x10 c:/st/stm32cubeide_1.4.0/stm32cubeide/plugins/com.st.stm32cube.ide.mcu.externaltools.gnu-tools-for-stm32.7-2018-q2-update.win32_1.4.0.202007081208/tools/bin/../lib/gcc/arm-none-eabi/7.3.1/../../../../arm-none-eabi/lib/thumb/v7e-m\libc_nano.a(lib_a-memset.o)
                0x000000000800c1ca                memset
 *fill*         0x000000000800c1da        0x2 
 .text.sprintf  0x000000000800c1dc       0x40 c:/st/stm32cubeide_1.4.0/stm32cubeide/plugins/com.st.stm32cube.ide.mcu.externaltools.gnu-tools-for-stm32.7-2018-q2-update.win32_1.4.0.202007081208/tools/bin/../lib/gcc/arm-none-eabi/7.3.1/../../../../arm-none-eabi/lib/thumb/v7e-m\libc_nano.a(lib_a-sprintf.o)
                0x000000000800c1dc                siprintf
                0x000000000800c1dc                sprintf
 .text.strcpy   0x000000000800c21c       0x10 c:/st/stm32cubeide_1.4.0/stm32cubeide/plugins/com.st.stm32cube.ide.mcu.externaltools.gnu-tools-for-stm32.7-2018-q2-update.win32_1.4.0.202007081208/tools/bin/../lib/gcc/arm-none-eabi/7.3.1/../../../../arm-none-eabi/lib/thumb/v7e-m\libc_nano.a(lib_a-strcpy.o)
                0x000000000800c21c                strcpy
 .text._vsnprintf_r
                0x000000000800c22c       0x58 c:/st/stm32cubeide_1.4.0/stm32cubeide/plugins/com.st.stm32cube.ide.mcu.externaltools.gnu-tools-for-stm32.7-2018-q2-update.win32_1.4.0.202007081208/tools/bin/../lib/gcc/arm-none-eabi/7.3.1/../../../../arm-none-eabi/lib/thumb/v7e-m\libc_nano.a(lib_a-vsnprintf.o)
                0x000000000800c22c                _vsniprintf_r
                0x000000000800c22c                _vsnprintf_r
 .text.vsnprintf
                0x000000000800c284       0x1c c:/st/stm32cubeide_1.4.0/stm32cubeide/plugins/com.st.stm32cube.ide.mcu.externaltools.gnu-tools-for-stm32.7-2018-q2-update.win32_1.4.0.202007081208/tools/bin/../lib/gcc/arm-none-eabi/7.3.1/../../../../arm-none-eabi/lib/thumb/v7e-m\libc_nano.a(lib_a-vsnprintf.o)
                0x000000000800c284                vsniprintf
                0x000000000800c284                vsnprintf
 .text.__ssputs_r
                0x000000000800c2a0       0xb4 c:/st/stm32cubeide_1.4.0/stm32cubeide/plugins/com.st.stm32cube.ide.mcu.externaltools.gnu-tools-for-stm32.7-2018-q2-update.win32_1.4.0.202007081208/tools/bin/../lib/gcc/arm-none-eabi/7.3.1/../../../../arm-none-eabi/lib/thumb/v7e-m\libc_nano.a(lib_a-nano-svfprintf.o)
                0x000000000800c2a0                __ssputs_r
 .text._svfprintf_r
                0x000000000800c354      0x1f0 c:/st/stm32cubeide_1.4.0/stm32cubeide/plugins/com.st.stm32cube.ide.mcu.externaltools.gnu-tools-for-stm32.7-2018-q2-update.win32_1.4.0.202007081208/tools/bin/../lib/gcc/arm-none-eabi/7.3.1/../../../../arm-none-eabi/lib/thumb/v7e-m\libc_nano.a(lib_a-nano-svfprintf.o)
                0x000000000800c354                _svfiprintf_r
                0x000000000800c354                _svfprintf_r
 .text._printf_common
                0x000000000800c544       0xea c:/st/stm32cubeide_1.4.0/stm32cubeide/plugins/com.st.stm32cube.ide.mcu.externaltools.gnu-tools-for-stm32.7-2018-q2-update.win32_1.4.0.202007081208/tools/bin/../lib/gcc/arm-none-eabi/7.3.1/../../../../arm-none-eabi/lib/thumb/v7e-m\libc_nano.a(lib_a-nano-vfprintf_i.o)
                0x000000000800c544                _printf_common
 *fill*         0x000000000800c62e        0x2 
 .text._printf_i
                0x000000000800c630      0x224 c:/st/stm32cubeide_1.4.0/stm32cubeide/plugins/com.st.stm32cube.ide.mcu.externaltools.gnu-tools-for-stm32.7-2018-q2-update.win32_1.4.0.202007081208/tools/bin/../lib/gcc/arm-none-eabi/7.3.1/../../../../arm-none-eabi/lib/thumb/v7e-m\libc_nano.a(lib_a-nano-vfprintf_i.o)
                0x000000000800c630                _printf_i
 .text.memmove  0x000000000800c854       0x32 c:/st/stm32cubeide_1.4.0/stm32cubeide/plugins/com.st.stm32cube.ide.mcu.externaltools.gnu-tools-for-stm32.7-2018-q2-update.win32_1.4.0.202007081208/tools/bin/../lib/gcc/arm-none-eabi/7.3.1/../../../../arm-none-eabi/lib/thumb/v7e-m\libc_nano.a(lib_a-memmove.o)
                0x000000000800c854                memmove
 *fill*         0x000000000800c886        0x2 
 .text._free_r  0x000000000800c888       0x9c c:/st/stm32cubeide_1.4.0/stm32cubeide/plugins/com.st.stm32cube.ide.mcu.externaltools.gnu-tools-for-stm32.7-2018-q2-update.win32_1.4.0.202007081208/tools/bin/../lib/gcc/arm-none-eabi/7.3.1/../../../../arm-none-eabi/lib/thumb/v7e-m\libc_nano.a(lib_a-nano-freer.o)
                0x000000000800c888                _free_r
 .text._malloc_r
                0x000000000800c924       0xb4 c:/st/stm32cubeide_1.4.0/stm32cubeide/plugins/com.st.stm32cube.ide.mcu.externaltools.gnu-tools-for-stm32.7-2018-q2-update.win32_1.4.0.202007081208/tools/bin/../lib/gcc/arm-none-eabi/7.3.1/../../../../arm-none-eabi/lib/thumb/v7e-m\libc_nano.a(lib_a-nano-mallocr.o)
                0x000000000800c924                _malloc_r
 .text._realloc_r
                0x000000000800c9d8       0x4c c:/st/stm32cubeide_1.4.0/stm32cubeide/plugins/com.st.stm32cube.ide.mcu.externaltools.gnu-tools-for-stm32.7-2018-q2-update.win32_1.4.0.202007081208/tools/bin/../lib/gcc/arm-none-eabi/7.3.1/../../../../arm-none-eabi/lib/thumb/v7e-m\libc_nano.a(lib_a-nano-reallocr.o)
                0x000000000800c9d8                _realloc_r
 .text._sbrk_r  0x000000000800ca24       0x20 c:/st/stm32cubeide_1.4.0/stm32cubeide/plugins/com.st.stm32cube.ide.mcu.externaltools.gnu-tools-for-stm32.7-2018-q2-update.win32_1.4.0.202007081208/tools/bin/../lib/gcc/arm-none-eabi/7.3.1/../../../../arm-none-eabi/lib/thumb/v7e-m\libc_nano.a(lib_a-sbrkr.o)
                0x000000000800ca24                _sbrk_r
 .text.__malloc_lock
                0x000000000800ca44        0x2 c:/st/stm32cubeide_1.4.0/stm32cubeide/plugins/com.st.stm32cube.ide.mcu.externaltools.gnu-tools-for-stm32.7-2018-q2-update.win32_1.4.0.202007081208/tools/bin/../lib/gcc/arm-none-eabi/7.3.1/../../../../arm-none-eabi/lib/thumb/v7e-m\libc_nano.a(lib_a-mlock.o)
                0x000000000800ca44                __malloc_lock
 .text.__malloc_unlock
                0x000000000800ca46        0x2 c:/st/stm32cubeide_1.4.0/stm32cubeide/plugins/com.st.stm32cube.ide.mcu.externaltools.gnu-tools-for-stm32.7-2018-q2-update.win32_1.4.0.202007081208/tools/bin/../lib/gcc/arm-none-eabi/7.3.1/../../../../arm-none-eabi/lib/thumb/v7e-m\libc_nano.a(lib_a-mlock.o)
                0x000000000800ca46                __malloc_unlock
 .text._malloc_usable_size_r
                0x000000000800ca48       0x10 c:/st/stm32cubeide_1.4.0/stm32cubeide/plugins/com.st.stm32cube.ide.mcu.externaltools.gnu-tools-for-stm32.7-2018-q2-update.win32_1.4.0.202007081208/tools/bin/../lib/gcc/arm-none-eabi/7.3.1/../../../../arm-none-eabi/lib/thumb/v7e-m\libc_nano.a(lib_a-nano-msizer.o)
                0x000000000800ca48                _malloc_usable_size_r
 .text._sbrk    0x000000000800ca58       0x1c c:/st/stm32cubeide_1.4.0/stm32cubeide/plugins/com.st.stm32cube.ide.mcu.externaltools.gnu-tools-for-stm32.7-2018-q2-update.win32_1.4.0.202007081208/tools/bin/../lib/gcc/arm-none-eabi/7.3.1/../../../../arm-none-eabi/lib/thumb/v7e-m\libnosys.a(sbrk.o)
                0x000000000800ca58                _sbrk
 *(.glue_7)
 .glue_7        0x000000000800ca74        0x0 linker stubs
 *(.glue_7t)
 .glue_7t       0x000000000800ca74        0x0 linker stubs
 *(.eh_frame)
 .eh_frame      0x000000000800ca74        0x0 c:/st/stm32cubeide_1.4.0/stm32cubeide/plugins/com.st.stm32cube.ide.mcu.externaltools.gnu-tools-for-stm32.7-2018-q2-update.win32_1.4.0.202007081208/tools/bin/../lib/gcc/arm-none-eabi/7.3.1/thumb/v7e-m/crtbegin.o
 *(.init)
 .init          0x000000000800ca74        0x4 c:/st/stm32cubeide_1.4.0/stm32cubeide/plugins/com.st.stm32cube.ide.mcu.externaltools.gnu-tools-for-stm32.7-2018-q2-update.win32_1.4.0.202007081208/tools/bin/../lib/gcc/arm-none-eabi/7.3.1/thumb/v7e-m/crti.o
                0x000000000800ca74                _init
 .init          0x000000000800ca78        0x8 c:/st/stm32cubeide_1.4.0/stm32cubeide/plugins/com.st.stm32cube.ide.mcu.externaltools.gnu-tools-for-stm32.7-2018-q2-update.win32_1.4.0.202007081208/tools/bin/../lib/gcc/arm-none-eabi/7.3.1/thumb/v7e-m/crtn.o
 *(.fini)
 .fini          0x000000000800ca80        0x4 c:/st/stm32cubeide_1.4.0/stm32cubeide/plugins/com.st.stm32cube.ide.mcu.externaltools.gnu-tools-for-stm32.7-2018-q2-update.win32_1.4.0.202007081208/tools/bin/../lib/gcc/arm-none-eabi/7.3.1/thumb/v7e-m/crti.o
                0x000000000800ca80                _fini
 .fini          0x000000000800ca84        0x8 c:/st/stm32cubeide_1.4.0/stm32cubeide/plugins/com.st.stm32cube.ide.mcu.externaltools.gnu-tools-for-stm32.7-2018-q2-update.win32_1.4.0.202007081208/tools/bin/../lib/gcc/arm-none-eabi/7.3.1/thumb/v7e-m/crtn.o
                0x000000000800ca90                . = ALIGN (0x8)
 *fill*         0x000000000800ca8c        0x4 
                0x000000000800ca90                _etext = .

.vfp11_veneer   0x000000000800ca90        0x0
 .vfp11_veneer  0x000000000800ca90        0x0 linker stubs

.v4_bx          0x000000000800ca90        0x0
 .v4_bx         0x000000000800ca90        0x0 linker stubs

.iplt           0x000000000800ca90        0x0
 .iplt          0x000000000800ca90        0x0 c:/st/stm32cubeide_1.4.0/stm32cubeide/plugins/com.st.stm32cube.ide.mcu.externaltools.gnu-tools-for-stm32.7-2018-q2-update.win32_1.4.0.202007081208/tools/bin/../lib/gcc/arm-none-eabi/7.3.1/thumb/v7e-m/crtbegin.o

.rodata         0x000000000800ca90      0x5e0
                0x000000000800ca90                . = ALIGN (0x8)
 *(.rodata)
 .rodata        0x000000000800ca90      0x297 Drivers/BSP/X-NUCLEO-53L0A1/X-NUCLEO-53L0A1.o
 *fill*         0x000000000800cd27        0x1 
 .rodata        0x000000000800cd28       0x48 Drivers/CMSIS/system_stm32l4xx.o
                0x000000000800cd28                AHBPrescTable
                0x000000000800cd38                APBPrescTable
                0x000000000800cd40                MSIRangeTable
 .rodata        0x000000000800cd70      0x2cb src/main.o
 *(.rodata*)
 .rodata._svfprintf_r.str1.1
                0x000000000800d03b       0x11 c:/st/stm32cubeide_1.4.0/stm32cubeide/plugins/com.st.stm32cube.ide.mcu.externaltools.gnu-tools-for-stm32.7-2018-q2-update.win32_1.4.0.202007081208/tools/bin/../lib/gcc/arm-none-eabi/7.3.1/../../../../arm-none-eabi/lib/thumb/v7e-m\libc_nano.a(lib_a-nano-svfprintf.o)
 .rodata._printf_i.str1.1
                0x000000000800d04c       0x22 c:/st/stm32cubeide_1.4.0/stm32cubeide/plugins/com.st.stm32cube.ide.mcu.externaltools.gnu-tools-for-stm32.7-2018-q2-update.win32_1.4.0.202007081208/tools/bin/../lib/gcc/arm-none-eabi/7.3.1/../../../../arm-none-eabi/lib/thumb/v7e-m\libc_nano.a(lib_a-nano-vfprintf_i.o)
                0x000000000800d070                . = ALIGN (0x8)
 *fill*         0x000000000800d06e        0x2 

.ARM.extab      0x000000000800d070        0x0
                0x000000000800d070                . = ALIGN (0x8)
 *(.ARM.extab* .gnu.linkonce.armextab.*)
                0x000000000800d070                . = ALIGN (0x8)

.ARM            0x000000000800d070        0x8
                0x000000000800d070                . = ALIGN (0x8)
                0x000000000800d070                __exidx_start = .
 *(.ARM.exidx*)
 .ARM.exidx     0x000000000800d070        0x8 c:/st/stm32cubeide_1.4.0/stm32cubeide/plugins/com.st.stm32cube.ide.mcu.externaltools.gnu-tools-for-stm32.7-2018-q2-update.win32_1.4.0.202007081208/tools/bin/../lib/gcc/arm-none-eabi/7.3.1/thumb/v7e-m\libgcc.a(_udivmoddi4.o)
                0x000000000800d078                __exidx_end = .
                0x000000000800d078                . = ALIGN (0x8)

.rel.dyn        0x000000000800d078        0x0
 .rel.iplt      0x000000000800d078        0x0 c:/st/stm32cubeide_1.4.0/stm32cubeide/plugins/com.st.stm32cube.ide.mcu.externaltools.gnu-tools-for-stm32.7-2018-q2-update.win32_1.4.0.202007081208/tools/bin/../lib/gcc/arm-none-eabi/7.3.1/thumb/v7e-m/crtbegin.o

.preinit_array  0x000000000800d078        0x0
                0x000000000800d078                . = ALIGN (0x8)
                0x000000000800d078                PROVIDE (__preinit_array_start = .)
 *(.preinit_array*)
                0x000000000800d078                PROVIDE (__preinit_array_end = .)
                0x000000000800d078                . = ALIGN (0x8)

.init_array     0x000000000800d078        0x8
                0x000000000800d078                . = ALIGN (0x8)
                0x000000000800d078                PROVIDE (__init_array_start = .)
 *(SORT_BY_NAME(.init_array.*))
 *(.init_array*)
 .init_array    0x000000000800d078        0x4 c:/st/stm32cubeide_1.4.0/stm32cubeide/plugins/com.st.stm32cube.ide.mcu.externaltools.gnu-tools-for-stm32.7-2018-q2-update.win32_1.4.0.202007081208/tools/bin/../lib/gcc/arm-none-eabi/7.3.1/thumb/v7e-m/crtbegin.o
                0x000000000800d07c                PROVIDE (__init_array_end = .)
                0x000000000800d080                . = ALIGN (0x8)
 *fill*         0x000000000800d07c        0x4 

.fini_array     0x000000000800d080        0x8
                0x000000000800d080                . = ALIGN (0x8)
                [!provide]                        PROVIDE (__fini_array_start = .)
 *(SORT_BY_NAME(.fini_array.*))
 *(.fini_array*)
 .fini_array    0x000000000800d080        0x4 c:/st/stm32cubeide_1.4.0/stm32cubeide/plugins/com.st.stm32cube.ide.mcu.externaltools.gnu-tools-for-stm32.7-2018-q2-update.win32_1.4.0.202007081208/tools/bin/../lib/gcc/arm-none-eabi/7.3.1/thumb/v7e-m/crtbegin.o
                [!provide]                        PROVIDE (__fini_array_end = .)
                0x000000000800d088                . = ALIGN (0x8)
 *fill*         0x000000000800d084        0x4 
                0x000000000800d088                _sidata = LOADADDR (.data)

.data           0x0000000020000000      0x810 load address 0x000000000800d088
                0x0000000020000000                . = ALIGN (0x8)
                0x0000000020000000                _sdata = .
 *(.data)
 .data          0x0000000020000000       0x10 Drivers/BSP/X-NUCLEO-53L0A1/X-NUCLEO-53L0A1.o
 .data          0x0000000020000010      0x2aa Drivers/BSP/vl53l0x/vl53l0x_api.o
                0x0000000020000010                DefaultTuningSettings
                0x0000000020000104                InterruptThresholdSettings
 *fill*         0x00000000200002ba        0x2 
 .data          0x00000000200002bc       0x10 Drivers/BSP/vl53l0x/vl53l0x_api_calibration.o
                0x00000000200002bc                refArrayQuadrants
 .data          0x00000000200002cc        0x4 Drivers/CMSIS/system_stm32l4xx.o
                0x00000000200002cc                SystemCoreClock
 .data          0x00000000200002d0      0x4dc src/main.o
                0x00000000200002d0                VL53L0XDevs
                0x0000000020000780                WelcomeMsg
 *(.data*)
 .data._impure_ptr
                0x00000000200007ac        0x4 c:/st/stm32cubeide_1.4.0/stm32cubeide/plugins/com.st.stm32cube.ide.mcu.externaltools.gnu-tools-for-stm32.7-2018-q2-update.win32_1.4.0.202007081208/tools/bin/../lib/gcc/arm-none-eabi/7.3.1/../../../../arm-none-eabi/lib/thumb/v7e-m\libc_nano.a(lib_a-impure.o)
                0x00000000200007ac                _impure_ptr
 .data.impure_data
                0x00000000200007b0       0x60 c:/st/stm32cubeide_1.4.0/stm32cubeide/plugins/com.st.stm32cube.ide.mcu.externaltools.gnu-tools-for-stm32.7-2018-q2-update.win32_1.4.0.202007081208/tools/bin/../lib/gcc/arm-none-eabi/7.3.1/../../../../arm-none-eabi/lib/thumb/v7e-m\libc_nano.a(lib_a-impure.o)
                0x0000000020000810                . = ALIGN (0x8)
                0x0000000020000810                _edata = .

.igot.plt       0x0000000020000810        0x0 load address 0x000000000800d898
 .igot.plt      0x0000000020000810        0x0 c:/st/stm32cubeide_1.4.0/stm32cubeide/plugins/com.st.stm32cube.ide.mcu.externaltools.gnu-tools-for-stm32.7-2018-q2-update.win32_1.4.0.202007081208/tools/bin/../lib/gcc/arm-none-eabi/7.3.1/thumb/v7e-m/crtbegin.o
                0x0000000020000810                . = ALIGN (0x8)

.bss            0x0000000020000810      0x308 load address 0x000000000800d898
                0x0000000020000810                _sbss = .
                0x0000000020000810                __bss_start__ = _sbss
 *(.bss)
 .bss           0x0000000020000810       0x1c c:/st/stm32cubeide_1.4.0/stm32cubeide/plugins/com.st.stm32cube.ide.mcu.externaltools.gnu-tools-for-stm32.7-2018-q2-update.win32_1.4.0.202007081208/tools/bin/../lib/gcc/arm-none-eabi/7.3.1/thumb/v7e-m/crtbegin.o
 .bss           0x000000002000082c        0x4 Drivers/BSP/X-NUCLEO-53L0A1/X-NUCLEO-53L0A1.o
 .bss           0x0000000020000830      0x108 Drivers/BSP/X-NUCLEO-53L0A1/uart_trace.o
 .bss           0x0000000020000938       0x10 src/main.o
                0x0000000020000938                LeakyFactorFix8
                0x000000002000093c                nDevPresent
 *(.bss*)
 .bss.__malloc_free_list
                0x0000000020000948        0x4 c:/st/stm32cubeide_1.4.0/stm32cubeide/plugins/com.st.stm32cube.ide.mcu.externaltools.gnu-tools-for-stm32.7-2018-q2-update.win32_1.4.0.202007081208/tools/bin/../lib/gcc/arm-none-eabi/7.3.1/../../../../arm-none-eabi/lib/thumb/v7e-m\libc_nano.a(lib_a-nano-mallocr.o)
                0x0000000020000948                __malloc_free_list
 .bss.__malloc_sbrk_start
                0x000000002000094c        0x4 c:/st/stm32cubeide_1.4.0/stm32cubeide/plugins/com.st.stm32cube.ide.mcu.externaltools.gnu-tools-for-stm32.7-2018-q2-update.win32_1.4.0.202007081208/tools/bin/../lib/gcc/arm-none-eabi/7.3.1/../../../../arm-none-eabi/lib/thumb/v7e-m\libc_nano.a(lib_a-nano-mallocr.o)
                0x000000002000094c                __malloc_sbrk_start
 .bss.heap_end.4102
                0x0000000020000950        0x4 c:/st/stm32cubeide_1.4.0/stm32cubeide/plugins/com.st.stm32cube.ide.mcu.externaltools.gnu-tools-for-stm32.7-2018-q2-update.win32_1.4.0.202007081208/tools/bin/../lib/gcc/arm-none-eabi/7.3.1/../../../../arm-none-eabi/lib/thumb/v7e-m\libnosys.a(sbrk.o)
 *(COMMON)
 COMMON         0x0000000020000954       0x4c Drivers/BSP/X-NUCLEO-53L0A1/X-NUCLEO-53L0A1.o
                0x0000000020000954                XNUCLEO53L0A1_hi2c
 COMMON         0x00000000200009a0       0xb8 Drivers/BSP/X-NUCLEO-53L0A1/vl53l0a1-x4msp.o
                0x00000000200009a0                hdma_usart2_tx
                0x00000000200009e8                huart2
 COMMON         0x0000000020000a58       0x40 Drivers/BSP/X-NUCLEO-53L0A1/vl53l0x_platform.o
                0x0000000020000a58                _I2CBuffer
 COMMON         0x0000000020000a98        0x4 Drivers/STM32L4xx_HAL_Driver/stm32l4xx_hal.o
                0x0000000020000a98                uwTick
 COMMON         0x0000000020000a9c       0x78 src/main.o
                0x0000000020000a9c                nDevMask
                0x0000000020000aa0                htim5
                0x0000000020000adc                IntrCounts
                0x0000000020000ae8                tof_gestures_enableDebugModuleMask
                0x0000000020000aec                LastIntrPin
                0x0000000020000af0                LastIntrId
                0x0000000020000af4                IntrCount
                0x0000000020000af8                RangingMeasurementData
 COMMON         0x0000000020000b14        0x4 c:/st/stm32cubeide_1.4.0/stm32cubeide/plugins/com.st.stm32cube.ide.mcu.externaltools.gnu-tools-for-stm32.7-2018-q2-update.win32_1.4.0.202007081208/tools/bin/../lib/gcc/arm-none-eabi/7.3.1/../../../../arm-none-eabi/lib/thumb/v7e-m\libc_nano.a(lib_a-reent.o)
                0x0000000020000b14                errno
                0x0000000020000b18                . = ALIGN (0x8)
                0x0000000020000b18                _ebss = .
                0x0000000020000b18                __bss_end__ = _ebss

._user_heap_stack
                0x0000000020000b18      0x600 load address 0x000000000800d898
                0x0000000020000b18                . = ALIGN (0x8)
                0x0000000020000b18                PROVIDE (end = .)
                [!provide]                        PROVIDE (_end = .)
                0x0000000020000d18                . = (. + _Min_Heap_Size)
 *fill*         0x0000000020000b18      0x200 
                0x0000000020001118                . = (. + _Min_Stack_Size)
 *fill*         0x0000000020000d18      0x400 
                0x0000000020001118                . = ALIGN (0x8)

/DISCARD/
 libc.a(*)
 libm.a(*)
 libgcc.a(*)

.ARM.attributes
                0x0000000000000000       0x2a
 *(.ARM.attributes)
 .ARM.attributes
                0x0000000000000000       0x1e c:/st/stm32cubeide_1.4.0/stm32cubeide/plugins/com.st.stm32cube.ide.mcu.externaltools.gnu-tools-for-stm32.7-2018-q2-update.win32_1.4.0.202007081208/tools/bin/../lib/gcc/arm-none-eabi/7.3.1/thumb/v7e-m/crti.o
 .ARM.attributes
                0x000000000000001e       0x2e c:/st/stm32cubeide_1.4.0/stm32cubeide/plugins/com.st.stm32cube.ide.mcu.externaltools.gnu-tools-for-stm32.7-2018-q2-update.win32_1.4.0.202007081208/tools/bin/../lib/gcc/arm-none-eabi/7.3.1/thumb/v7e-m/crtbegin.o
 .ARM.attributes
                0x000000000000004c       0x33 Drivers/BSP/X-NUCLEO-53L0A1/X-NUCLEO-53L0A1.o
 .ARM.attributes
                0x000000000000007f       0x33 Drivers/BSP/X-NUCLEO-53L0A1/uart_trace.o
 .ARM.attributes
                0x00000000000000b2       0x33 Drivers/BSP/X-NUCLEO-53L0A1/vl53l0a1-x4msp.o
 .ARM.attributes
                0x00000000000000e5       0x33 Drivers/BSP/X-NUCLEO-53L0A1/vl53l0x_platform.o
 .ARM.attributes
                0x0000000000000118       0x33 Drivers/BSP/vl53l0x/vl53l0x_api.o
 .ARM.attributes
                0x000000000000014b       0x33 Drivers/BSP/vl53l0x/vl53l0x_api_calibration.o
 .ARM.attributes
                0x000000000000017e       0x33 Drivers/BSP/vl53l0x/vl53l0x_api_core.o
 .ARM.attributes
                0x00000000000001b1       0x33 Drivers/CMSIS/system_stm32l4xx.o
 .ARM.attributes
                0x00000000000001e4       0x33 Drivers/STM32L4xx_HAL_Driver/stm32l4xx_hal.o
 .ARM.attributes
                0x0000000000000217       0x33 Drivers/STM32L4xx_HAL_Driver/stm32l4xx_hal_cortex.o
 .ARM.attributes
                0x000000000000024a       0x33 Drivers/STM32L4xx_HAL_Driver/stm32l4xx_hal_dma.o
 .ARM.attributes
                0x000000000000027d       0x33 Drivers/STM32L4xx_HAL_Driver/stm32l4xx_hal_gpio.o
 .ARM.attributes
                0x00000000000002b0       0x33 Drivers/STM32L4xx_HAL_Driver/stm32l4xx_hal_i2c.o
 .ARM.attributes
                0x00000000000002e3       0x33 Drivers/STM32L4xx_HAL_Driver/stm32l4xx_hal_pwr_ex.o
 .ARM.attributes
                0x0000000000000316       0x33 Drivers/STM32L4xx_HAL_Driver/stm32l4xx_hal_rcc.o
 .ARM.attributes
                0x0000000000000349       0x33 Drivers/STM32L4xx_HAL_Driver/stm32l4xx_hal_rcc_ex.o
 .ARM.attributes
                0x000000000000037c       0x33 Drivers/STM32L4xx_HAL_Driver/stm32l4xx_hal_tim.o
 .ARM.attributes
                0x00000000000003af       0x33 Drivers/STM32L4xx_HAL_Driver/stm32l4xx_hal_tim_ex.o
 .ARM.attributes
                0x00000000000003e2       0x33 Drivers/STM32L4xx_HAL_Driver/stm32l4xx_hal_uart.o
 .ARM.attributes
                0x0000000000000415       0x33 Drivers/STM32L4xx_HAL_Driver/stm32l4xx_hal_uart_ex.o
 .ARM.attributes
                0x0000000000000448       0x33 Middlewares/GestureDetect/ring_buffer.o
 .ARM.attributes
                0x000000000000047b       0x33 Middlewares/GestureDetect/tof_gestures_DIRSWIPE_1.o
 .ARM.attributes
                0x00000000000004ae       0x33 Middlewares/GestureDetect/tof_gestures_SWIPE_1.o
 .ARM.attributes
                0x00000000000004e1       0x33 Middlewares/GestureDetect/tof_gestures_TAP_1.o
 .ARM.attributes
                0x0000000000000514       0x33 Middlewares/GestureDetect/tof_motion.o
 .ARM.attributes
                0x0000000000000547       0x33 src/main.o
 .ARM.attributes
                0x000000000000057a       0x33 src/stm32l4xx_hal_msp.o
 .ARM.attributes
                0x00000000000005ad       0x33 src/stm32l4xx_it.o
 .ARM.attributes
                0x00000000000005e0       0x21 startup/startup_stm32l476xx.o
 .ARM.attributes
                0x0000000000000601       0x2e c:/st/stm32cubeide_1.4.0/stm32cubeide/plugins/com.st.stm32cube.ide.mcu.externaltools.gnu-tools-for-stm32.7-2018-q2-update.win32_1.4.0.202007081208/tools/bin/../lib/gcc/arm-none-eabi/7.3.1/../../../../arm-none-eabi/lib/thumb/v7e-m\libc_nano.a(lib_a-impure.o)
 .ARM.attributes
                0x000000000000062f       0x2e c:/st/stm32cubeide_1.4.0/stm32cubeide/plugins/com.st.stm32cube.ide.mcu.externaltools.gnu-tools-for-stm32.7-2018-q2-update.win32_1.4.0.202007081208/tools/bin/../lib/gcc/arm-none-eabi/7.3.1/../../../../arm-none-eabi/lib/thumb/v7e-m\libc_nano.a(lib_a-init.o)
 .ARM.attributes
                0x000000000000065d       0x2e c:/st/stm32cubeide_1.4.0/stm32cubeide/plugins/com.st.stm32cube.ide.mcu.externaltools.gnu-tools-for-stm32.7-2018-q2-update.win32_1.4.0.202007081208/tools/bin/../lib/gcc/arm-none-eabi/7.3.1/../../../../arm-none-eabi/lib/thumb/v7e-m\libc_nano.a(lib_a-memcpy-stub.o)
 .ARM.attributes
                0x000000000000068b       0x2e c:/st/stm32cubeide_1.4.0/stm32cubeide/plugins/com.st.stm32cube.ide.mcu.externaltools.gnu-tools-for-stm32.7-2018-q2-update.win32_1.4.0.202007081208/tools/bin/../lib/gcc/arm-none-eabi/7.3.1/../../../../arm-none-eabi/lib/thumb/v7e-m\libc_nano.a(lib_a-memset.o)
 .ARM.attributes
                0x00000000000006b9       0x2e c:/st/stm32cubeide_1.4.0/stm32cubeide/plugins/com.st.stm32cube.ide.mcu.externaltools.gnu-tools-for-stm32.7-2018-q2-update.win32_1.4.0.202007081208/tools/bin/../lib/gcc/arm-none-eabi/7.3.1/../../../../arm-none-eabi/lib/thumb/v7e-m\libc_nano.a(lib_a-sprintf.o)
 .ARM.attributes
                0x00000000000006e7       0x2e c:/st/stm32cubeide_1.4.0/stm32cubeide/plugins/com.st.stm32cube.ide.mcu.externaltools.gnu-tools-for-stm32.7-2018-q2-update.win32_1.4.0.202007081208/tools/bin/../lib/gcc/arm-none-eabi/7.3.1/../../../../arm-none-eabi/lib/thumb/v7e-m\libc_nano.a(lib_a-strcpy.o)
 .ARM.attributes
                0x0000000000000715       0x2e c:/st/stm32cubeide_1.4.0/stm32cubeide/plugins/com.st.stm32cube.ide.mcu.externaltools.gnu-tools-for-stm32.7-2018-q2-update.win32_1.4.0.202007081208/tools/bin/../lib/gcc/arm-none-eabi/7.3.1/../../../../arm-none-eabi/lib/thumb/v7e-m\libc_nano.a(lib_a-vsnprintf.o)
 .ARM.attributes
                0x0000000000000743       0x2e c:/st/stm32cubeide_1.4.0/stm32cubeide/plugins/com.st.stm32cube.ide.mcu.externaltools.gnu-tools-for-stm32.7-2018-q2-update.win32_1.4.0.202007081208/tools/bin/../lib/gcc/arm-none-eabi/7.3.1/../../../../arm-none-eabi/lib/thumb/v7e-m\libc_nano.a(lib_a-nano-svfprintf.o)
 .ARM.attributes
                0x0000000000000771       0x2e c:/st/stm32cubeide_1.4.0/stm32cubeide/plugins/com.st.stm32cube.ide.mcu.externaltools.gnu-tools-for-stm32.7-2018-q2-update.win32_1.4.0.202007081208/tools/bin/../lib/gcc/arm-none-eabi/7.3.1/../../../../arm-none-eabi/lib/thumb/v7e-m\libc_nano.a(lib_a-nano-vfprintf_i.o)
 .ARM.attributes
                0x000000000000079f       0x1c c:/st/stm32cubeide_1.4.0/stm32cubeide/plugins/com.st.stm32cube.ide.mcu.externaltools.gnu-tools-for-stm32.7-2018-q2-update.win32_1.4.0.202007081208/tools/bin/../lib/gcc/arm-none-eabi/7.3.1/../../../../arm-none-eabi/lib/thumb/v7e-m\libc_nano.a(lib_a-memchr.o)
 .ARM.attributes
                0x00000000000007bb       0x2e c:/st/stm32cubeide_1.4.0/stm32cubeide/plugins/com.st.stm32cube.ide.mcu.externaltools.gnu-tools-for-stm32.7-2018-q2-update.win32_1.4.0.202007081208/tools/bin/../lib/gcc/arm-none-eabi/7.3.1/../../../../arm-none-eabi/lib/thumb/v7e-m\libc_nano.a(lib_a-memmove.o)
 .ARM.attributes
                0x00000000000007e9       0x2e c:/st/stm32cubeide_1.4.0/stm32cubeide/plugins/com.st.stm32cube.ide.mcu.externaltools.gnu-tools-for-stm32.7-2018-q2-update.win32_1.4.0.202007081208/tools/bin/../lib/gcc/arm-none-eabi/7.3.1/../../../../arm-none-eabi/lib/thumb/v7e-m\libc_nano.a(lib_a-nano-freer.o)
 .ARM.attributes
                0x0000000000000817       0x2e c:/st/stm32cubeide_1.4.0/stm32cubeide/plugins/com.st.stm32cube.ide.mcu.externaltools.gnu-tools-for-stm32.7-2018-q2-update.win32_1.4.0.202007081208/tools/bin/../lib/gcc/arm-none-eabi/7.3.1/../../../../arm-none-eabi/lib/thumb/v7e-m\libc_nano.a(lib_a-nano-mallocr.o)
 .ARM.attributes
                0x0000000000000845       0x2e c:/st/stm32cubeide_1.4.0/stm32cubeide/plugins/com.st.stm32cube.ide.mcu.externaltools.gnu-tools-for-stm32.7-2018-q2-update.win32_1.4.0.202007081208/tools/bin/../lib/gcc/arm-none-eabi/7.3.1/../../../../arm-none-eabi/lib/thumb/v7e-m\libc_nano.a(lib_a-nano-reallocr.o)
 .ARM.attributes
                0x0000000000000873       0x2e c:/st/stm32cubeide_1.4.0/stm32cubeide/plugins/com.st.stm32cube.ide.mcu.externaltools.gnu-tools-for-stm32.7-2018-q2-update.win32_1.4.0.202007081208/tools/bin/../lib/gcc/arm-none-eabi/7.3.1/../../../../arm-none-eabi/lib/thumb/v7e-m\libc_nano.a(lib_a-sbrkr.o)
 .ARM.attributes
                0x00000000000008a1       0x2e c:/st/stm32cubeide_1.4.0/stm32cubeide/plugins/com.st.stm32cube.ide.mcu.externaltools.gnu-tools-for-stm32.7-2018-q2-update.win32_1.4.0.202007081208/tools/bin/../lib/gcc/arm-none-eabi/7.3.1/../../../../arm-none-eabi/lib/thumb/v7e-m\libc_nano.a(lib_a-mlock.o)
 .ARM.attributes
                0x00000000000008cf       0x2e c:/st/stm32cubeide_1.4.0/stm32cubeide/plugins/com.st.stm32cube.ide.mcu.externaltools.gnu-tools-for-stm32.7-2018-q2-update.win32_1.4.0.202007081208/tools/bin/../lib/gcc/arm-none-eabi/7.3.1/../../../../arm-none-eabi/lib/thumb/v7e-m\libc_nano.a(lib_a-nano-msizer.o)
 .ARM.attributes
                0x00000000000008fd       0x2e c:/st/stm32cubeide_1.4.0/stm32cubeide/plugins/com.st.stm32cube.ide.mcu.externaltools.gnu-tools-for-stm32.7-2018-q2-update.win32_1.4.0.202007081208/tools/bin/../lib/gcc/arm-none-eabi/7.3.1/../../../../arm-none-eabi/lib/thumb/v7e-m\libc_nano.a(lib_a-reent.o)
 .ARM.attributes
                0x000000000000092b       0x1e c:/st/stm32cubeide_1.4.0/stm32cubeide/plugins/com.st.stm32cube.ide.mcu.externaltools.gnu-tools-for-stm32.7-2018-q2-update.win32_1.4.0.202007081208/tools/bin/../lib/gcc/arm-none-eabi/7.3.1/thumb/v7e-m\libgcc.a(_arm_addsubdf3.o)
 .ARM.attributes
                0x0000000000000949       0x1e c:/st/stm32cubeide_1.4.0/stm32cubeide/plugins/com.st.stm32cube.ide.mcu.externaltools.gnu-tools-for-stm32.7-2018-q2-update.win32_1.4.0.202007081208/tools/bin/../lib/gcc/arm-none-eabi/7.3.1/thumb/v7e-m\libgcc.a(_arm_muldivdf3.o)
 .ARM.attributes
                0x0000000000000967       0x1e c:/st/stm32cubeide_1.4.0/stm32cubeide/plugins/com.st.stm32cube.ide.mcu.externaltools.gnu-tools-for-stm32.7-2018-q2-update.win32_1.4.0.202007081208/tools/bin/../lib/gcc/arm-none-eabi/7.3.1/thumb/v7e-m\libgcc.a(_arm_cmpdf2.o)
 .ARM.attributes
                0x0000000000000985       0x1e c:/st/stm32cubeide_1.4.0/stm32cubeide/plugins/com.st.stm32cube.ide.mcu.externaltools.gnu-tools-for-stm32.7-2018-q2-update.win32_1.4.0.202007081208/tools/bin/../lib/gcc/arm-none-eabi/7.3.1/thumb/v7e-m\libgcc.a(_arm_fixdfsi.o)
 .ARM.attributes
                0x00000000000009a3       0x1e c:/st/stm32cubeide_1.4.0/stm32cubeide/plugins/com.st.stm32cube.ide.mcu.externaltools.gnu-tools-for-stm32.7-2018-q2-update.win32_1.4.0.202007081208/tools/bin/../lib/gcc/arm-none-eabi/7.3.1/thumb/v7e-m\libgcc.a(_aeabi_uldivmod.o)
 .ARM.attributes
                0x00000000000009c1       0x2e c:/st/stm32cubeide_1.4.0/stm32cubeide/plugins/com.st.stm32cube.ide.mcu.externaltools.gnu-tools-for-stm32.7-2018-q2-update.win32_1.4.0.202007081208/tools/bin/../lib/gcc/arm-none-eabi/7.3.1/thumb/v7e-m\libgcc.a(_udivmoddi4.o)
 .ARM.attributes
                0x00000000000009ef       0x1e c:/st/stm32cubeide_1.4.0/stm32cubeide/plugins/com.st.stm32cube.ide.mcu.externaltools.gnu-tools-for-stm32.7-2018-q2-update.win32_1.4.0.202007081208/tools/bin/../lib/gcc/arm-none-eabi/7.3.1/thumb/v7e-m\libgcc.a(_dvmd_tls.o)
 .ARM.attributes
                0x0000000000000a0d       0x2e c:/st/stm32cubeide_1.4.0/stm32cubeide/plugins/com.st.stm32cube.ide.mcu.externaltools.gnu-tools-for-stm32.7-2018-q2-update.win32_1.4.0.202007081208/tools/bin/../lib/gcc/arm-none-eabi/7.3.1/../../../../arm-none-eabi/lib/thumb/v7e-m\libnosys.a(sbrk.o)
 .ARM.attributes
                0x0000000000000a3b       0x1e c:/st/stm32cubeide_1.4.0/stm32cubeide/plugins/com.st.stm32cube.ide.mcu.externaltools.gnu-tools-for-stm32.7-2018-q2-update.win32_1.4.0.202007081208/tools/bin/../lib/gcc/arm-none-eabi/7.3.1/thumb/v7e-m/crtn.o
OUTPUT(VL53L0X_GestureDetect_L476.elf elf32-littlearm)

.debug_info     0x0000000000000000    0x29d0b
 .debug_info    0x0000000000000000     0x1f22 Drivers/BSP/X-NUCLEO-53L0A1/X-NUCLEO-53L0A1.o
 .debug_info    0x0000000000001f22      0xffb Drivers/BSP/X-NUCLEO-53L0A1/uart_trace.o
 .debug_info    0x0000000000002f1d     0x1908 Drivers/BSP/X-NUCLEO-53L0A1/vl53l0a1-x4msp.o
 .debug_info    0x0000000000004825     0x198a Drivers/BSP/X-NUCLEO-53L0A1/vl53l0x_platform.o
 .debug_info    0x00000000000061af     0x399a Drivers/BSP/vl53l0x/vl53l0x_api.o
 .debug_info    0x0000000000009b49     0x2303 Drivers/BSP/vl53l0x/vl53l0x_api_calibration.o
 .debug_info    0x000000000000be4c     0x2801 Drivers/BSP/vl53l0x/vl53l0x_api_core.o
 .debug_info    0x000000000000e64d      0xdcd Drivers/CMSIS/system_stm32l4xx.o
 .debug_info    0x000000000000f41a     0x130f Drivers/STM32L4xx_HAL_Driver/stm32l4xx_hal.o
 .debug_info    0x0000000000010729     0x158f Drivers/STM32L4xx_HAL_Driver/stm32l4xx_hal_cortex.o
 .debug_info    0x0000000000011cb8      0xfca Drivers/STM32L4xx_HAL_Driver/stm32l4xx_hal_dma.o
 .debug_info    0x0000000000012c82     0x1073 Drivers/STM32L4xx_HAL_Driver/stm32l4xx_hal_gpio.o
 .debug_info    0x0000000000013cf5     0x240b Drivers/STM32L4xx_HAL_Driver/stm32l4xx_hal_i2c.o
 .debug_info    0x0000000000016100     0x126a Drivers/STM32L4xx_HAL_Driver/stm32l4xx_hal_pwr_ex.o
 .debug_info    0x000000000001736a     0x1728 Drivers/STM32L4xx_HAL_Driver/stm32l4xx_hal_rcc.o
 .debug_info    0x0000000000018a92     0x1d46 Drivers/STM32L4xx_HAL_Driver/stm32l4xx_hal_rcc_ex.o
 .debug_info    0x000000000001a7d8     0x2b10 Drivers/STM32L4xx_HAL_Driver/stm32l4xx_hal_tim.o
 .debug_info    0x000000000001d2e8     0x19be Drivers/STM32L4xx_HAL_Driver/stm32l4xx_hal_tim_ex.o
 .debug_info    0x000000000001eca6     0x1b8b Drivers/STM32L4xx_HAL_Driver/stm32l4xx_hal_uart.o
 .debug_info    0x0000000000020831     0x10bd Drivers/STM32L4xx_HAL_Driver/stm32l4xx_hal_uart_ex.o
 .debug_info    0x00000000000218ee      0xc38 Middlewares/GestureDetect/ring_buffer.o
 .debug_info    0x0000000000022526      0xc30 Middlewares/GestureDetect/tof_gestures_DIRSWIPE_1.o
 .debug_info    0x0000000000023156      0xb67 Middlewares/GestureDetect/tof_gestures_SWIPE_1.o
 .debug_info    0x0000000000023cbd      0xbb9 Middlewares/GestureDetect/tof_gestures_TAP_1.o
 .debug_info    0x0000000000024876      0xa85 Middlewares/GestureDetect/tof_motion.o
 .debug_info    0x00000000000252fb     0x2d44 src/main.o
 .debug_info    0x000000000002803f     0x12c0 src/stm32l4xx_hal_msp.o
 .debug_info    0x00000000000292ff      0x9ea src/stm32l4xx_it.o
 .debug_info    0x0000000000029ce9       0x22 startup/startup_stm32l476xx.o

.debug_abbrev   0x0000000000000000     0x456c
 .debug_abbrev  0x0000000000000000      0x321 Drivers/BSP/X-NUCLEO-53L0A1/X-NUCLEO-53L0A1.o
 .debug_abbrev  0x0000000000000321      0x22c Drivers/BSP/X-NUCLEO-53L0A1/uart_trace.o
 .debug_abbrev  0x000000000000054d      0x27d Drivers/BSP/X-NUCLEO-53L0A1/vl53l0a1-x4msp.o
 .debug_abbrev  0x00000000000007ca      0x243 Drivers/BSP/X-NUCLEO-53L0A1/vl53l0x_platform.o
 .debug_abbrev  0x0000000000000a0d      0x2cf Drivers/BSP/vl53l0x/vl53l0x_api.o
 .debug_abbrev  0x0000000000000cdc      0x2aa Drivers/BSP/vl53l0x/vl53l0x_api_calibration.o
 .debug_abbrev  0x0000000000000f86      0x2c4 Drivers/BSP/vl53l0x/vl53l0x_api_core.o
 .debug_abbrev  0x000000000000124a      0x1f0 Drivers/CMSIS/system_stm32l4xx.o
 .debug_abbrev  0x000000000000143a      0x27f Drivers/STM32L4xx_HAL_Driver/stm32l4xx_hal.o
 .debug_abbrev  0x00000000000016b9      0x35a Drivers/STM32L4xx_HAL_Driver/stm32l4xx_hal_cortex.o
 .debug_abbrev  0x0000000000001a13      0x253 Drivers/STM32L4xx_HAL_Driver/stm32l4xx_hal_dma.o
 .debug_abbrev  0x0000000000001c66      0x251 Drivers/STM32L4xx_HAL_Driver/stm32l4xx_hal_gpio.o
 .debug_abbrev  0x0000000000001eb7      0x2aa Drivers/STM32L4xx_HAL_Driver/stm32l4xx_hal_i2c.o
 .debug_abbrev  0x0000000000002161      0x2bb Drivers/STM32L4xx_HAL_Driver/stm32l4xx_hal_pwr_ex.o