main.c:112:5:_write	24	static
main.c:117:5:abs	16	static
main.c:125:6:read_encoders	8	static
main.c:132:6:get_encoder_pos	24	static
main.c:155:6:HAL_UART_TxCpltCallback	16	static
main.c:163:6:HAL_UART_ErrorCallback	16	static,ignoring_inline_asm
main.c:167:6:HAL_UART_RxCpltCallback	16	static
main.c:277:6:HAL_TIM_PeriodElapsedCallback	16	static
main.c:293:6:HAL_GPIO_EXTI_Callback	16	static
main.c:318:6:PWM	16	static
main.c:374:6:pos_and_speed_measurement	16	static
main.c:385:6:initialize_PID	16	static
main.c:416:6:PT_change_sensor	16	static
main.c:454:6:IR_set	16	static
main.c:492:6:IR_reset	8	static
main.c:507:5:main	24	static
main.c:669:6:SystemClock_Config	88	static
main.c:714:13:MX_ADC1_Init	24	static
main.c:804:13:MX_I2C1_Init	8	static
main.c:838:13:MX_SPI1_Init	8	static
main.c:876:13:MX_TIM1_Init	96	static
main.c:955:13:MX_TIM2_Init	56	static
main.c:1004:13:MX_TIM3_Init	56	static
main.c:1053:13:MX_TIM10_Init	8	static
main.c:1084:13:MX_TIM11_Init	8	static
main.c:1115:13:MX_USART1_UART_Init	8	static
main.c:1148:13:MX_USART6_UART_Init	8	static
main.c:1179:13:MX_DMA_Init	16	static
main.c:1197:13:MX_GPIO_Init	48	static
main.c:1304:6:Error_Handler	4	static
