main.c:112:5:_write	24	static
main.c:117:5:abs	16	static
main.c:125:6:read_encoders	8	static
main.c:132:6:get_encoder_pos	24	static
main.c:155:6:HAL_UART_TxCpltCallback	16	static
main.c:163:6:HAL_UART_ErrorCallback	16	static,ignoring_inline_asm
main.c:167:6:HAL_UART_RxCpltCallback	16	static
main.c:274:6:HAL_TIM_PeriodElapsedCallback	16	static
main.c:290:6:HAL_GPIO_EXTI_Callback	16	static
main.c:315:6:PWM	16	static
main.c:371:6:pos_and_speed_measurement	16	static
main.c:382:6:initialize_PID	16	static
main.c:424:5:main	16	static
main.c:565:6:SystemClock_Config	88	static
main.c:610:13:MX_ADC1_Init	24	static
main.c:700:13:MX_I2C1_Init	8	static
main.c:734:13:MX_SPI1_Init	8	static
main.c:772:13:MX_TIM1_Init	96	static
main.c:851:13:MX_TIM2_Init	56	static
main.c:900:13:MX_TIM3_Init	56	static
main.c:949:13:MX_TIM10_Init	8	static
main.c:980:13:MX_TIM11_Init	8	static
main.c:1011:13:MX_USART1_UART_Init	8	static
main.c:1044:13:MX_USART6_UART_Init	8	static
main.c:1075:13:MX_DMA_Init	16	static
main.c:1093:13:MX_GPIO_Init	48	static
main.c:1200:6:Error_Handler	4	static
